\BOOKMARK [0][-]{chapter*.3}{\376\377\000R\000e\000s\000u\000m\000e\000n}{}% 1
\BOOKMARK [0][-]{chapter.1}{\376\377\000I\000n\000t\000r\000o\000d\000u\000c\000c\000i\000\363\000n}{}% 2
\BOOKMARK [1][-]{section.1.1}{\376\377\000M\000o\000t\000i\000v\000a\000c\000i\000\363\000n}{chapter.1}% 3
\BOOKMARK [1][-]{section.1.2}{\376\377\000E\000s\000t\000a\000d\000o\000\040\000d\000e\000l\000\040\000A\000r\000t\000e}{chapter.1}% 4
\BOOKMARK [2][-]{subsection.1.2.1}{\376\377\000E\000v\000o\000l\000u\000c\000i\000\363\000n\000\040\000d\000e\000\040\000l\000o\000s\000\040\000C\000o\000m\000p\000a\000r\000a\000d\000o\000r\000e\000s}{section.1.2}% 5
\BOOKMARK [2][-]{subsection.1.2.2}{\376\377\000A\000r\000q\000u\000i\000t\000e\000c\000t\000u\000r\000a\000s\000\040\000d\000e\000\040\000C\000D\000A\000C}{section.1.2}% 6
\BOOKMARK [2][-]{subsection.1.2.3}{\376\377\000I\000m\000p\000l\000e\000m\000e\000n\000t\000a\000c\000i\000o\000n\000e\000s\000\040\000D\000i\000g\000i\000t\000a\000l\000e\000s}{section.1.2}% 7
\BOOKMARK [1][-]{section.1.3}{\376\377\000R\000e\000s\000u\000m\000e\000n\000\040\000d\000e\000l\000\040\000T\000r\000a\000b\000a\000j\000o}{chapter.1}% 8
\BOOKMARK [2][-]{subsection.1.3.1}{\376\377\000A\000l\000c\000a\000n\000c\000e\000\040\000y\000\040\000L\000i\000m\000i\000t\000a\000c\000i\000o\000n\000e\000s}{section.1.3}% 9
\BOOKMARK [1][-]{section.1.4}{\376\377\000R\000e\000q\000u\000e\000r\000i\000m\000i\000e\000n\000t\000o\000s\000\040\000d\000e\000l\000\040\000S\000i\000s\000t\000e\000m\000a}{chapter.1}% 10
\BOOKMARK [1][-]{section.1.5}{\376\377\000O\000r\000g\000a\000n\000i\000z\000a\000c\000i\000o\000n\000\040\000d\000e\000l\000\040\000d\000o\000c\000u\000m\000e\000n\000t\000o}{chapter.1}% 11
\BOOKMARK [0][-]{chapter.2}{\376\377\000I\000m\000p\000l\000e\000m\000e\000n\000t\000a\000c\000i\000\363\000n\000\040\000d\000e\000l\000\040\000S\000A\000R\000\040\000A\000D\000C}{}% 12
\BOOKMARK [1][-]{section.2.1}{\376\377\000D\000e\000s\000c\000r\000i\000p\000c\000i\000o\000n\000\040\000d\000e\000l\000\040\000S\000A\000R\000\040\000A\000D\000C\000\040\000n\000i\000v\000e\000l\000\040\000T\000O\000P}{chapter.2}% 13
\BOOKMARK [2][-]{subsection.2.1.1}{\376\377\000A\000r\000q\000u\000i\000t\000e\000c\000t\000u\000r\000a\000\040\000I\000n\000v\000e\000r\000t\000e\000d\000\040\000M\000e\000r\000g\000e\000d\000\040\000C\000a\000p\000a\000c\000i\000t\000o\000r\000\040\000S\000w\000i\000t\000c\000h\000i\000n\000g\000\040\000\050\000I\000M\000C\000S\000\051}{section.2.1}% 14
\BOOKMARK [1][-]{section.2.2}{\376\377\000D\000A\000C\000\040\000C\000a\000p\000a\000c\000i\000t\000i\000v\000o\000\040\000\050\000C\000D\000A\000C\000\051}{chapter.2}% 15
\BOOKMARK [2][-]{subsection.2.2.1}{\376\377\000D\000e\000f\000i\000n\000i\000c\000i\000\363\000n\000\040\000d\000e\000l\000\040\000C\000a\000p\000a\000c\000i\000t\000o\000r\000\040\000U\000n\000i\000t\000a\000r\000i\000o\000\040\000\050\000C\000u\000\051}{section.2.2}% 16
\BOOKMARK [2][-]{subsection.2.2.2}{\376\377\000I\000m\000p\000l\000e\000m\000e\000n\000t\000a\000c\000i\000\363\000n\000\040\000d\000e\000l\000\040\000A\000r\000r\000a\000y\000\040\000S\000p\000l\000i\000t\000-\000B\000i\000n\000a\000r\000y}{section.2.2}% 17
\BOOKMARK [2][-]{subsection.2.2.3}{\376\377\000C\000\341\000l\000c\000u\000l\000o\000\040\000d\000e\000\040\000C\000a\000p\000a\000c\000i\000t\000o\000r\000e\000s\000\040\000d\000e\000\040\000A\000t\000e\000n\000u\000a\000c\000i\000\363\000n\000\040\000\050\000C\000B\000\051\000\040\000y\000\040\000G\000r\000o\000u\000n\000d\000i\000n\000g\000\040\000\050\000C\000X\000\051}{section.2.2}% 18
\BOOKMARK [2][-]{subsection.2.2.4}{\376\377\000L\000o\000g\000i\000c\000a\000\040\000d\000e\000\040\000l\000a\000s\000\040\000s\000e\000\361\000a\000l\000e\000s\000\040\000d\000e\000\040\000c\000o\000n\000t\000r\000o\000l\000\040\000d\000e\000\040\000l\000a\000\040\000B\000o\000t\000t\000o\000m\000\040\000P\000l\000a\000t\000e\000\040\000d\000e\000\040\000c\000a\000d\000a\000\040\000c\000e\000l\000d\000a}{section.2.2}% 19
\BOOKMARK [2][-]{subsection.2.2.5}{\376\377\000G\000e\000n\000e\000r\000a\000d\000o\000r\000\040\000d\000e\000\040\000S\000e\000\361\000a\000l\000e\000s\000\040\000N\000o\000n\000-\000O\000v\000e\000r\000l\000a\000p}{section.2.2}% 20
\BOOKMARK [2][-]{subsection.2.2.6}{\376\377\000T\000o\000p\000\040\000P\000l\000a\000t\000e\000\040\000S\000a\000m\000p\000l\000e\000\040\000s\000w\000i\000t\000c\000h}{section.2.2}% 21
\BOOKMARK [2][-]{subsection.2.2.7}{\376\377\000R\000e\000q\000u\000e\000r\000i\000m\000i\000e\000n\000t\000o\000\040\000d\000e\000\040\000S\000e\000t\000t\000l\000i\000n\000g}{section.2.2}% 22
\BOOKMARK [2][-]{subsection.2.2.8}{\376\377\000D\000i\000m\000e\000n\000s\000i\000o\000n\000a\000m\000i\000e\000n\000t\000o\000\040\000d\000e\000l\000\040\000T\000r\000a\000n\000s\000m\000i\000s\000s\000i\000o\000n\000\040\000G\000a\000t\000e\000\040\000\050\000s\000a\000m\000p\000l\000e\000\051\000\040}{section.2.2}% 23
\BOOKMARK [2][-]{subsection.2.2.9}{\376\377\000C\000o\000m\000p\000e\000n\000s\000a\000c\000i\000\363\000n\000\040\000d\000e\000\040\000I\000n\000y\000e\000c\000c\000i\000\363\000n\000\040\000d\000e\000\040\000C\000a\000r\000g\000a\000\040\000c\000o\000n\000\040\000D\000u\000m\000m\000i\000e\000s}{section.2.2}% 24
\BOOKMARK [2][-]{subsection.2.2.10}{\376\377\000T\000e\000s\000t\000b\000e\000n\000c\000h\000\040\000d\000e\000l\000\040\000C\000D\000A\000C}{section.2.2}% 25
\BOOKMARK [1][-]{section.2.3}{\376\377\000C\000o\000m\000p\000a\000r\000a\000d\000o\000r\000\040\000d\000e\000\040\000D\000o\000b\000l\000e\000\040\000C\000o\000l\000a}{chapter.2}% 26
\BOOKMARK [2][-]{subsection.2.3.1}{\376\377\000P\000r\000e\000s\000u\000p\000u\000e\000s\000t\000o\000\040\000d\000e\000\040\000T\000i\000e\000m\000p\000o\000s}{section.2.3}% 27
\BOOKMARK [2][-]{subsection.2.3.2}{\376\377\000A\000r\000q\000u\000i\000t\000e\000c\000t\000u\000r\000a\000\040\000d\000e\000l\000\040\000C\000o\000m\000p\000a\000r\000a\000d\000o\000r}{section.2.3}% 28
\BOOKMARK [2][-]{subsection.2.3.3}{\376\377\000T\000e\000s\000t\000b\000e\000n\000c\000h\000\040\000d\000e\000l\000\040\000C\000o\000m\000p\000a\000r\000a\000d\000o\000r}{section.2.3}% 29
\BOOKMARK [2][-]{subsection.2.3.4}{\376\377\000G\000e\000n\000e\000r\000a\000d\000o\000r\000\040\000d\000e\000\040\000P\000u\000l\000s\000o\000s\000\040\000\050\000D\000e\000l\000a\000y\000\040\000L\000i\000n\000e\000\051}{section.2.3}% 30
\BOOKMARK [1][-]{section.2.4}{\376\377\000B\000u\000f\000f\000e\000r\000s\000\040\000d\000e\000\040\000C\000o\000n\000t\000r\000o\000l}{chapter.2}% 31
\BOOKMARK [1][-]{section.2.5}{\376\377\000L\000\363\000g\000i\000c\000a\000\040\000S\000A\000R}{chapter.2}% 32
\BOOKMARK [2][-]{subsection.2.5.1}{\376\377\000B\000l\000o\000q\000u\000e\000\040\000U\000n\000i\000t\000a\000r\000i\000o\000\040\000d\000e\000\040\000L\000\363\000g\000i\000c\000a}{section.2.5}% 33
\BOOKMARK [2][-]{subsection.2.5.2}{\376\377\000I\000m\000p\000l\000e\000m\000e\000n\000t\000a\000c\000i\000\363\000n\000\040\000c\000o\000n\000\040\000C\000e\000l\000d\000a\000s\000\040\000E\000s\000t\000\341\000n\000d\000a\000r}{section.2.5}% 34
\BOOKMARK [2][-]{subsection.2.5.3}{\376\377\000A\000n\000\341\000l\000i\000s\000i\000s\000\040\000d\000e\000\040\000T\000i\000m\000i\000n\000g}{section.2.5}% 35
\BOOKMARK [1][-]{section.2.6}{\376\377\000S\000i\000m\000u\000l\000a\000c\000i\000\363\000n\000\040\000T\000O\000P}{chapter.2}% 36
\BOOKMARK [2][-]{subsection.2.6.1}{\376\377\000C\000a\000r\000a\000c\000t\000e\000r\000i\000z\000a\000c\000i\000\363\000n}{section.2.6}% 37
\BOOKMARK [0][-]{chapter.3}{\376\377\000D\000i\000s\000e\000\361\000o\000\040\000d\000e\000\040\000L\000a\000y\000o\000u\000t}{}% 38
\BOOKMARK [1][-]{section.3.1}{\376\377\000P\000r\000e\000a\000m\000p\000l\000i\000f\000i\000c\000a\000d\000o\000r}{chapter.3}% 39
\BOOKMARK [0][-]{chapter.4}{\376\377\000C\000o\000n\000c\000l\000u\000s\000i\000o\000n\000e\000s\000\040\000y\000\040\000T\000r\000a\000b\000a\000j\000o\000\040\000F\000u\000t\000u\000r\000o}{}% 40
\BOOKMARK [1][-]{section.4.1}{\376\377\000E\000s\000t\000a\000d\000o\000\040\000A\000c\000t\000u\000a\000l\000\040\000d\000e\000l\000\040\000T\000r\000a\000b\000a\000j\000o}{chapter.4}% 41
\BOOKMARK [1][-]{section.4.2}{\376\377\000C\000o\000n\000c\000l\000u\000s\000i\000o\000n\000e\000s}{chapter.4}% 42
\BOOKMARK [2][-]{subsection.4.2.1}{\376\377\000L\000o\000g\000r\000o\000s\000\040\000P\000r\000i\000n\000c\000i\000p\000a\000l\000e\000s}{section.4.2}% 43
\BOOKMARK [2][-]{subsection.4.2.2}{\376\377\000L\000e\000c\000c\000i\000o\000n\000e\000s\000\040\000A\000p\000r\000e\000n\000d\000i\000d\000a\000s\000\040\000y\000\040\000R\000e\000c\000o\000m\000e\000n\000d\000a\000c\000i\000o\000n\000e\000s\000\040\000M\000e\000t\000o\000d\000o\000l\000\363\000g\000i\000c\000a\000s}{section.4.2}% 44
\BOOKMARK [1][-]{section.4.3}{\376\377\000T\000r\000a\000b\000a\000j\000o\000\040\000F\000u\000t\000u\000r\000o}{chapter.4}% 45
\BOOKMARK [2][-]{subsection.4.3.1}{\376\377\000M\000e\000j\000o\000r\000a\000s\000\040\000e\000n\000\040\000M\000e\000t\000o\000d\000o\000l\000o\000g\000\355\000a\000\040\000y\000\040\000A\000u\000t\000o\000m\000a\000t\000i\000z\000a\000c\000i\000\363\000n}{section.4.3}% 46
\BOOKMARK [2][-]{subsection.4.3.2}{\376\377\000M\000e\000j\000o\000r\000a\000s\000\040\000E\000s\000p\000e\000c\000\355\000f\000i\000c\000a\000s\000\040\000d\000e\000l\000\040\000A\000D\000C}{section.4.3}% 47
\BOOKMARK [2][-]{subsection.4.3.3}{\376\377\000A\000n\000\341\000l\000i\000s\000i\000s\000\040\000A\000v\000a\000n\000z\000a\000d\000o\000s}{section.4.3}% 48
\BOOKMARK [2][-]{subsection.4.3.4}{\376\377\000M\000e\000j\000o\000r\000a\000s\000\040\000d\000e\000\040\000L\000a\000y\000o\000u\000t}{section.4.3}% 49
\BOOKMARK [2][-]{subsection.4.3.5}{\376\377\000E\000s\000c\000a\000l\000a\000b\000i\000l\000i\000d\000a\000d\000:\000\040\000A\000r\000q\000u\000i\000t\000e\000c\000t\000u\000r\000a\000\040\000T\000i\000m\000e\000-\000I\000n\000t\000e\000r\000l\000e\000a\000v\000e\000d}{section.4.3}% 50
\BOOKMARK [1][-]{section.4.4}{\376\377\000R\000e\000f\000l\000e\000x\000i\000\363\000n\000\040\000F\000i\000n\000a\000l}{chapter.4}% 51
