This is pdfTeX, Version 3.141592653-2.6-1.40.29 (MiKTeX 26.2) (preloaded format=pdflatex 2026.3.16)  20 MAR 2026 14:27
entering extended mode
 \write18 enabled.
 %&-line parsing enabled.
**./main.tex
(main.tex
LaTeX2e <2025-11-01>
L3 programming layer <2026-01-19>
(C:\Users\Labtel\AppData\Local\Programs\MiKTeX\tex/latex/base\report.cls
Document Class: report 2025/01/22 v1.4n Standard LaTeX document class
(C:\Users\Labtel\AppData\Local\Programs\MiKTeX\tex/latex/base\size12.clo
File: size12.clo 2025/01/22 v1.4n Standard LaTeX file (size option)
)
\c@part=\count275
\c@chapter=\count276
\c@section=\count277
\c@subsection=\count278
\c@subsubsection=\count279
\c@paragraph=\count280
\c@subparagraph=\count281
\c@figure=\count282
\c@table=\count283
\abovecaptionskip=\skip49
\belowcaptionskip=\skip50
\bibindent=\dimen148
)
(C:\Users\Labtel\AppData\Local\Programs\MiKTeX\tex/latex/svg\svg.sty
Package: svg 2020/11/26 v2.02k (include SVG pictures)

(C:\Users\Labtel\AppData\Local\Programs\MiKTeX\tex/generic/iftex\iftex.sty
Package: iftex 2024/12/12 v1.0g TeX engine tests
)
(C:\Users\Labtel\AppData\Local\Programs\MiKTeX\tex/latex/koma-script\scrbase.st
y
Package: scrbase 2026/02/02 v3.49.2 KOMA-Script package (KOMA-Script-independen
t basics and keyval usage)

(C:\Users\Labtel\AppData\Local\Programs\MiKTeX\tex/latex/koma-script\scrlfile.s
ty
Package: scrlfile 2026/02/02 v3.49.2 KOMA-Script package (file load hooks)

(C:\Users\Labtel\AppData\Local\Programs\MiKTeX\tex/latex/koma-script\scrlfile-h
ook.sty
Package: scrlfile-hook 2026/02/02 v3.49.2 KOMA-Script package (using LaTeX hook
s)

(C:\Users\Labtel\AppData\Local\Programs\MiKTeX\tex/latex/koma-script\scrlogo.st
y
Package: scrlogo 2026/02/02 v3.49.2 KOMA-Script package (logo)
)))
(C:\Users\Labtel\AppData\Local\Programs\MiKTeX\tex/latex/graphics\keyval.sty
Package: keyval 2022/05/29 v1.15 key=value parser (DPC)
\KV@toks@=\toks17
)
Applying: [2021/05/01] Usage of raw or classic option list on input line 254.
Already applied: [0000/00/00] Usage of raw or classic option list on input line
 370.
)
(C:\Users\Labtel\AppData\Local\Programs\MiKTeX\tex/generic/pdftexcmds\pdftexcmd
s.sty
Package: pdftexcmds 2020-06-27 v0.33 Utility functions of pdfTeX for LuaTeX (HO
)

(C:\Users\Labtel\AppData\Local\Programs\MiKTeX\tex/generic/infwarerr\infwarerr.
sty
Package: infwarerr 2019/12/03 v1.5 Providing info/warning/error messages (HO)
)
(C:\Users\Labtel\AppData\Local\Programs\MiKTeX\tex/generic/ltxcmds\ltxcmds.sty
Package: ltxcmds 2023-12-04 v1.26 LaTeX kernel commands for general use (HO)
)
Package pdftexcmds Info: \pdf@primitive is available.
Package pdftexcmds Info: \pdf@ifprimitive is available.
Package pdftexcmds Info: \pdfdraftmode found.
)
(C:\Users\Labtel\AppData\Local\Programs\MiKTeX\tex/latex/trimspaces\trimspaces.
sty
Package: trimspaces 2009/09/17 v1.1 Trim spaces around a token list
)
(C:\Users\Labtel\AppData\Local\Programs\MiKTeX\tex/latex/graphics\graphicx.sty
Package: graphicx 2024/12/31 v1.2e Enhanced LaTeX Graphics (DPC,SPQR)

(C:\Users\Labtel\AppData\Local\Programs\MiKTeX\tex/latex/graphics\graphics.sty
Package: graphics 2024/08/06 v1.4g Standard LaTeX Graphics (DPC,SPQR)

(C:\Users\Labtel\AppData\Local\Programs\MiKTeX\tex/latex/graphics\trig.sty
Package: trig 2023/12/02 v1.11 sin cos tan (DPC)
)
(C:\Users\Labtel\AppData\Local\Programs\MiKTeX\tex/latex/graphics-cfg\graphics.
cfg
File: graphics.cfg 2016/06/04 v1.11 sample graphics configuration
)
Package graphics Info: Driver file: pdftex.def on input line 106.

(C:\Users\Labtel\AppData\Local\Programs\MiKTeX\tex/latex/graphics-def\pdftex.de
f
File: pdftex.def 2025/09/29 v1.2d Graphics/color driver for pdftex
))
\Gin@req@height=\dimen149
\Gin@req@width=\dimen150
)
(C:\Users\Labtel\AppData\Local\Programs\MiKTeX\tex/latex/tools\shellesc.sty
Package: shellesc 2023/07/08 v1.0d unified shell escape interface for LaTeX
Package shellesc Info: Unrestricted shell escape enabled on input line 75.
)
(C:\Users\Labtel\AppData\Local\Programs\MiKTeX\tex/latex/ifplatform\ifplatform.
sty
Package: ifplatform 2017/10/13 v0.4a Testing for the operating system

(C:\Users\Labtel\AppData\Local\Programs\MiKTeX\tex/generic/catchfile\catchfile.
sty
Package: catchfile 2019/12/09 v1.8 Catch the contents of a file (HO)

(C:\Users\Labtel\AppData\Local\Programs\MiKTeX\tex/generic/etexcmds\etexcmds.st
y
Package: etexcmds 2019/12/15 v1.7 Avoid name clashes with e-TeX commands (HO)
))
(C:\Users\Labtel\AppData\Local\Programs\MiKTeX\tex/generic/iftex\ifluatex.sty
Package: ifluatex 2019/10/25 v1.5 ifluatex legacy package. Use iftex instead.
))
\c@svg@param@lastpage=\count284
\svg@box=\box53
\c@svg@param@currpage=\count285
) (C:\Users\Labtel\AppData\Local\Programs\MiKTeX\tex/latex/xcolor\xcolor.sty
Package: xcolor 2024/09/29 v3.02 LaTeX color extensions (UK)

(C:\Users\Labtel\AppData\Local\Programs\MiKTeX\tex/latex/graphics-cfg\color.cfg
File: color.cfg 2016/01/02 v1.6 sample color configuration
)
Package xcolor Info: Driver file: pdftex.def on input line 274.

(C:\Users\Labtel\AppData\Local\Programs\MiKTeX\tex/latex/graphics\mathcolor.ltx
)
Package xcolor Info: Model `cmy' substituted by `cmy0' on input line 1349.
Package xcolor Info: Model `hsb' substituted by `rgb' on input line 1353.
Package xcolor Info: Model `RGB' extended on input line 1365.
Package xcolor Info: Model `HTML' substituted by `rgb' on input line 1367.
Package xcolor Info: Model `Hsb' substituted by `hsb' on input line 1368.
Package xcolor Info: Model `tHsb' substituted by `hsb' on input line 1369.
Package xcolor Info: Model `HSB' substituted by `hsb' on input line 1370.
Package xcolor Info: Model `Gray' substituted by `gray' on input line 1371.
Package xcolor Info: Model `wave' substituted by `hsb' on input line 1372.
)
(C:\Users\Labtel\AppData\Local\Programs\MiKTeX\tex/latex/transparent\transparen
t.sty
Package: transparent 2025-06-23 v1.6 Transparency with color stacks

(C:\Users\Labtel\AppData\Local\Programs\MiKTeX\tex/latex/transparent\transparen
t-nometadata.sty
Package: transparent-nometadata 2025-06-23 v1.6 Transparency via pdfTeX's color
 stack (HO)

(C:\Users\Labtel\AppData\Local\Programs\MiKTeX\tex/latex/auxhook\auxhook.sty
Package: auxhook 2019-12-17 v1.6 Hooks for auxiliary files (HO)
)))
(C:\Users\Labtel\AppData\Local\Programs\MiKTeX\tex/latex/pgf/systemlayer\pgfsys
.sty
(C:\Users\Labtel\AppData\Local\Programs\MiKTeX\tex/latex/pgf/utilities\pgfrcs.s
ty
(C:\Users\Labtel\AppData\Local\Programs\MiKTeX\tex/generic/pgf/utilities\pgfuti
l-common.tex
\pgfutil@everybye=\toks18
\pgfutil@tempdima=\dimen151
\pgfutil@tempdimb=\dimen152
)
(C:\Users\Labtel\AppData\Local\Programs\MiKTeX\tex/generic/pgf/utilities\pgfuti
l-latex.def
\pgfutil@abb=\box54
)
(C:\Users\Labtel\AppData\Local\Programs\MiKTeX\tex/generic/pgf/utilities\pgfrcs
.code.tex
(C:\Users\Labtel\AppData\Local\Programs\MiKTeX\tex/generic/pgf\pgf.revision.tex
)
Package: pgfrcs 2025-08-29 v3.1.11a (3.1.11a)
))
(C:\Users\Labtel\AppData\Local\Programs\MiKTeX\tex/generic/pgf/systemlayer\pgfs
ys.code.tex
Package: pgfsys 2025-08-29 v3.1.11a (3.1.11a)

(C:\Users\Labtel\AppData\Local\Programs\MiKTeX\tex/generic/pgf/utilities\pgfkey
s.code.tex
\pgfkeys@pathtoks=\toks19
\pgfkeys@temptoks=\toks20

(C:\Users\Labtel\AppData\Local\Programs\MiKTeX\tex/generic/pgf/utilities\pgfkey
slibraryfiltered.code.tex
\pgfkeys@tmptoks=\toks21
))
\pgf@x=\dimen153
\pgf@y=\dimen154
\pgf@xa=\dimen155
\pgf@ya=\dimen156
\pgf@xb=\dimen157
\pgf@yb=\dimen158
\pgf@xc=\dimen159
\pgf@yc=\dimen160
\pgf@xd=\dimen161
\pgf@yd=\dimen162
\w@pgf@writea=\write3
\r@pgf@reada=\read2
\c@pgf@counta=\count286
\c@pgf@countb=\count287
\c@pgf@countc=\count288
\c@pgf@countd=\count289
\t@pgf@toka=\toks22
\t@pgf@tokb=\toks23
\t@pgf@tokc=\toks24
\pgf@sys@id@count=\count290

(C:\Users\Labtel\AppData\Local\Programs\MiKTeX\tex/generic/pgf/systemlayer\pgf.
cfg
File: pgf.cfg 2025-08-29 v3.1.11a (3.1.11a)
)
Driver file for pgf: pgfsys-pdftex.def

(C:\Users\Labtel\AppData\Local\Programs\MiKTeX\tex/generic/pgf/systemlayer\pgfs
ys-pdftex.def
File: pgfsys-pdftex.def 2025-08-29 v3.1.11a (3.1.11a)

(C:\Users\Labtel\AppData\Local\Programs\MiKTeX\tex/generic/pgf/systemlayer\pgfs
ys-common-pdf.def
File: pgfsys-common-pdf.def 2025-08-29 v3.1.11a (3.1.11a)
)))
(C:\Users\Labtel\AppData\Local\Programs\MiKTeX\tex/generic/pgf/systemlayer\pgfs
yssoftpath.code.tex
File: pgfsyssoftpath.code.tex 2025-08-29 v3.1.11a (3.1.11a)
\pgfsyssoftpath@smallbuffer@items=\count291
\pgfsyssoftpath@bigbuffer@items=\count292
)
(C:\Users\Labtel\AppData\Local\Programs\MiKTeX\tex/generic/pgf/systemlayer\pgfs
ysprotocol.code.tex
File: pgfsysprotocol.code.tex 2025-08-29 v3.1.11a (3.1.11a)
))
(C:\Users\Labtel\AppData\Local\Programs\MiKTeX\tex/latex/hyperref\hyperref.sty
Package: hyperref 2026-01-29 v7.01p Hypertext links for LaTeX

(C:\Users\Labtel\AppData\Local\Programs\MiKTeX\tex/latex/kvsetkeys\kvsetkeys.st
y
Package: kvsetkeys 2022-10-05 v1.19 Key value parser (HO)
)
(C:\Users\Labtel\AppData\Local\Programs\MiKTeX\tex/generic/kvdefinekeys\kvdefin
ekeys.sty
Package: kvdefinekeys 2019-12-19 v1.6 Define keys (HO)
)
(C:\Users\Labtel\AppData\Local\Programs\MiKTeX\tex/generic/pdfescape\pdfescape.
sty
Package: pdfescape 2019/12/09 v1.15 Implements pdfTeX's escape features (HO)
)
(C:\Users\Labtel\AppData\Local\Programs\MiKTeX\tex/latex/hycolor\hycolor.sty
Package: hycolor 2020-01-27 v1.10 Color options for hyperref/bookmark (HO)
)
(C:\Users\Labtel\AppData\Local\Programs\MiKTeX\tex/latex/hyperref\nameref.sty
Package: nameref 2026-01-29 v2.58 Cross-referencing by name of section

(C:\Users\Labtel\AppData\Local\Programs\MiKTeX\tex/latex/refcount\refcount.sty
Package: refcount 2019/12/15 v3.6 Data extraction from label references (HO)
)
(C:\Users\Labtel\AppData\Local\Programs\MiKTeX\tex/generic/gettitlestring\getti
tlestring.sty
Package: gettitlestring 2019/12/15 v1.6 Cleanup title references (HO)

(C:\Users\Labtel\AppData\Local\Programs\MiKTeX\tex/latex/kvoptions\kvoptions.st
y
Package: kvoptions 2022-06-15 v3.15 Key value format for package options (HO)
))
\c@section@level=\count293
)
(C:\Users\Labtel\AppData\Local\Programs\MiKTeX\tex/latex/etoolbox\etoolbox.sty
Package: etoolbox 2025/10/02 v2.5m e-TeX tools for LaTeX (JAW)
\etb@tempcnta=\count294
)
(C:\Users\Labtel\AppData\Local\Programs\MiKTeX\tex/generic/stringenc\stringenc.
sty
Package: stringenc 2019/11/29 v1.12 Convert strings between diff. encodings (HO
)
)
\@linkdim=\dimen163
\Hy@linkcounter=\count295
\Hy@pagecounter=\count296

(C:\Users\Labtel\AppData\Local\Programs\MiKTeX\tex/latex/hyperref\pd1enc.def
File: pd1enc.def 2026-01-29 v7.01p Hyperref: PDFDocEncoding definition (HO)
Now handling font encoding PD1 ...
... no UTF-8 mapping file for font encoding PD1
)
(C:\Users\Labtel\AppData\Local\Programs\MiKTeX\tex/generic/intcalc\intcalc.sty
Package: intcalc 2019/12/15 v1.3 Expandable calculations with integers (HO)
)
\Hy@SavedSpaceFactor=\count297
(C:\Users\Labtel\AppData\Local\Programs\MiKTeX\tex/latex/hyperref\puenc.def
File: puenc.def 2026-01-29 v7.01p Hyperref: PDF Unicode definition (HO)
Now handling font encoding PU ...
... no UTF-8 mapping file for font encoding PU
)
Package hyperref Info: Hyper figures OFF on input line 4201.
Package hyperref Info: Link nesting OFF on input line 4206.
Package hyperref Info: Hyper index ON on input line 4209.
Package hyperref Info: Plain pages OFF on input line 4216.
Package hyperref Info: Backreferencing OFF on input line 4221.
Package hyperref Info: Implicit mode ON; LaTeX internals redefined.
Package hyperref Info: Bookmarks ON on input line 4468.
\c@Hy@tempcnt=\count298

(C:\Users\Labtel\AppData\Local\Programs\MiKTeX\tex/latex/url\url.sty
\Urlmuskip=\muskip17
Package: url 2013/09/16  ver 3.4  Verb mode for urls, etc.
)
LaTeX Info: Redefining \url on input line 4807.
\XeTeXLinkMargin=\dimen164

(C:\Users\Labtel\AppData\Local\Programs\MiKTeX\tex/generic/bitset\bitset.sty
Package: bitset 2019/12/09 v1.3 Handle bit-vector datatype (HO)

(C:\Users\Labtel\AppData\Local\Programs\MiKTeX\tex/generic/bigintcalc\bigintcal
c.sty
Package: bigintcalc 2019/12/15 v1.5 Expandable calculations on big integers (HO
)
))
\Fld@menulength=\count299
\Field@Width=\dimen165
\Fld@charsize=\dimen166
Package hyperref Info: Hyper figures OFF on input line 6084.
Package hyperref Info: Link nesting OFF on input line 6089.
Package hyperref Info: Hyper index ON on input line 6092.
Package hyperref Info: backreferencing OFF on input line 6099.
Package hyperref Info: Link coloring OFF on input line 6104.
Package hyperref Info: Link coloring with OCG OFF on input line 6109.
Package hyperref Info: PDF/A mode OFF on input line 6114.
\Hy@abspage=\count300
\c@Item=\count301
\c@Hfootnote=\count302
)
Package hyperref Info: Driver (autodetected): hpdftex.

(C:\Users\Labtel\AppData\Local\Programs\MiKTeX\tex/latex/hyperref\hpdftex.def
File: hpdftex.def 2026-01-29 v7.01p Hyperref driver for pdfTeX
\Fld@listcount=\count303
\c@bookmark@seq@number=\count304

(C:\Users\Labtel\AppData\Local\Programs\MiKTeX\tex/latex/rerunfilecheck\rerunfi
lecheck.sty
Package: rerunfilecheck 2025-06-21 v1.11 Rerun checks for auxiliary files (HO)

(C:\Users\Labtel\AppData\Local\Programs\MiKTeX\tex/generic/uniquecounter\unique
counter.sty
Package: uniquecounter 2019/12/15 v1.4 Provide unlimited unique counter (HO)
)
Package uniquecounter Info: New unique counter `rerunfilecheck' on input line 2
84.
)
\Hy@SectionHShift=\skip51
)
(C:\Users\Labtel\AppData\Local\Programs\MiKTeX\tex/latex/amsmath\amsmath.sty
Package: amsmath 2025/07/09 v2.17z AMS math features
\@mathmargin=\skip52

For additional information on amsmath, use the `?' option.
(C:\Users\Labtel\AppData\Local\Programs\MiKTeX\tex/latex/amsmath\amstext.sty
Package: amstext 2024/11/17 v2.01 AMS text

(C:\Users\Labtel\AppData\Local\Programs\MiKTeX\tex/latex/amsmath\amsgen.sty
File: amsgen.sty 1999/11/30 v2.0 generic functions
\@emptytoks=\toks25
\ex@=\dimen167
))
(C:\Users\Labtel\AppData\Local\Programs\MiKTeX\tex/latex/amsmath\amsbsy.sty
Package: amsbsy 1999/11/29 v1.2d Bold Symbols
\pmbraise@=\dimen168
)
(C:\Users\Labtel\AppData\Local\Programs\MiKTeX\tex/latex/amsmath\amsopn.sty
Package: amsopn 2022/04/08 v2.04 operator names
)
\inf@bad=\count305
LaTeX Info: Redefining \frac on input line 233.
\uproot@=\count306
\leftroot@=\count307
LaTeX Info: Redefining \overline on input line 398.
LaTeX Info: Redefining \colon on input line 409.
\classnum@=\count308
\DOTSCASE@=\count309
LaTeX Info: Redefining \ldots on input line 495.
LaTeX Info: Redefining \dots on input line 498.
LaTeX Info: Redefining \cdots on input line 619.
\Mathstrutbox@=\box55
\strutbox@=\box56
LaTeX Info: Redefining \big on input line 721.
LaTeX Info: Redefining \Big on input line 722.
LaTeX Info: Redefining \bigg on input line 723.
LaTeX Info: Redefining \Bigg on input line 724.
\big@size=\dimen169
LaTeX Font Info:    Redeclaring font encoding OML on input line 742.
LaTeX Font Info:    Redeclaring font encoding OMS on input line 743.
\macc@depth=\count310
LaTeX Info: Redefining \bmod on input line 904.
LaTeX Info: Redefining \pmod on input line 909.
LaTeX Info: Redefining \smash on input line 939.
LaTeX Info: Redefining \relbar on input line 969.
LaTeX Info: Redefining \Relbar on input line 970.
\c@MaxMatrixCols=\count311
\dotsspace@=\muskip18
\c@parentequation=\count312
\dspbrk@lvl=\count313
\tag@help=\toks26
\row@=\count314
\column@=\count315
\maxfields@=\count316
\andhelp@=\toks27
\eqnshift@=\dimen170
\alignsep@=\dimen171
\tagshift@=\dimen172
\tagwidth@=\dimen173
\totwidth@=\dimen174
\lineht@=\dimen175
\@envbody=\toks28
\multlinegap=\skip53
\multlinetaggap=\skip54
\mathdisplay@stack=\toks29
LaTeX Info: Redefining \[ on input line 2950.
LaTeX Info: Redefining \] on input line 2951.
)
(C:\Users\Labtel\AppData\Local\Programs\MiKTeX\tex/latex/cleveref\cleveref.sty
Package: cleveref 2018/03/27 v0.21.4 Intelligent cross-referencing
Package cleveref Info: `hyperref' support loaded on input line 2370.
LaTeX Info: Redefining \cref on input line 2370.
LaTeX Info: Redefining \Cref on input line 2370.
LaTeX Info: Redefining \crefrange on input line 2370.
LaTeX Info: Redefining \Crefrange on input line 2370.
LaTeX Info: Redefining \cpageref on input line 2370.
LaTeX Info: Redefining \Cpageref on input line 2370.
LaTeX Info: Redefining \cpagerefrange on input line 2370.
LaTeX Info: Redefining \Cpagerefrange on input line 2370.
LaTeX Info: Redefining \labelcref on input line 2370.
LaTeX Info: Redefining \labelcpageref on input line 2370.
)
==> First Aid for cleveref.sty applied!
(C:\Users\Labtel\AppData\Local\Programs\MiKTeX\tex/latex/booktabs\booktabs.sty
Package: booktabs 2020/01/12 v1.61803398 Publication quality tables
\heavyrulewidth=\dimen176
\lightrulewidth=\dimen177
\cmidrulewidth=\dimen178
\belowrulesep=\dimen179
\belowbottomsep=\dimen180
\aboverulesep=\dimen181
\abovetopsep=\dimen182
\cmidrulesep=\dimen183
\cmidrulekern=\dimen184
\defaultaddspace=\dimen185
\@cmidla=\count317
\@cmidlb=\count318
\@aboverulesep=\dimen186
\@belowrulesep=\dimen187
\@thisruleclass=\count319
\@lastruleclass=\count320
\@thisrulewidth=\dimen188
) (C:\Users\Labtel\AppData\Local\Programs\MiKTeX\tex/latex/siunitx\siunitx.sty
Package: siunitx 2025-07-09 v3.4.14 A comprehensive (SI) units package
\l__siunitx_number_uncert_offset_int=\count321
\l__siunitx_number_exponent_fixed_int=\count322
\l__siunitx_number_min_decimal_int=\count323
\l__siunitx_number_min_integer_int=\count324
\l__siunitx_number_round_precision_int=\count325
\l__siunitx_number_lower_threshold_int=\count326
\l__siunitx_number_upper_threshold_int=\count327
\l__siunitx_number_group_first_int=\count328
\l__siunitx_number_group_size_int=\count329
\l__siunitx_number_group_minimum_int=\count330
\l__siunitx_angle_tmp_dim=\dimen189
\l__siunitx_angle_marker_box=\box57
\l__siunitx_angle_unit_box=\box58
\l__siunitx_compound_count_int=\count331

(C:\Users\Labtel\AppData\Local\Programs\MiKTeX\tex/latex/translations\translati
ons.sty
Package: translations 2022/02/05 v1.12 internationalization of LaTeX2e packages
 (CN)
)
\l__siunitx_table_tmp_box=\box59
\l__siunitx_table_tmp_dim=\dimen190
\l__siunitx_table_column_width_dim=\dimen191
\l__siunitx_table_integer_box=\box60
\l__siunitx_table_decimal_box=\box61
\l__siunitx_table_uncert_box=\box62
\l__siunitx_table_before_box=\box63
\l__siunitx_table_after_box=\box64
\l__siunitx_table_before_dim=\dimen192
\l__siunitx_table_carry_dim=\dimen193
\l__siunitx_unit_tmp_int=\count332
\l__siunitx_unit_position_int=\count333
\l__siunitx_unit_total_int=\count334

(C:\Users\Labtel\AppData\Local\Programs\MiKTeX\tex/latex/tools\array.sty
Package: array 2025/09/25 v2.6n Tabular extension package (FMi)
\col@sep=\dimen194
\ar@mcellbox=\box65
\extrarowheight=\dimen195
\NC@list=\toks30
\extratabsurround=\skip55
\backup@length=\skip56
\ar@cellbox=\box66
))
(C:\Users\Labtel\AppData\Local\Programs\MiKTeX\tex/latex/float\float.sty
Package: float 2001/11/08 v1.3d Float enhancements (AL)
\c@float@type=\count335
\float@exts=\toks31
\float@box=\box67
\@float@everytoks=\toks32
\@floatcapt=\box68
)
(C:\Users\Labtel\AppData\Local\Programs\MiKTeX\tex/latex/placeins\placeins.sty
Package: placeins 2005/04/18  v 2.2
) (C:\Users\Labtel\AppData\Local\Programs\MiKTeX\tex/generic/babel\babel.sty
Package: babel 2026/03/08 v26.4 The multilingual framework for LuaLaTeX, pdfLaT
eX and XeLaTeX
\babel@savecnt=\count336
LaTeX Encoding Info:    Redeclaring text command \ij (encoding OT1) on input li
ne 2078.
LaTeX Encoding Info:    Redeclaring text command \IJ (encoding OT1) on input li
ne 2080.
LaTeX Encoding Info:    Redeclaring text command \ij (encoding T1) on input lin
e 2082.
LaTeX Encoding Info:    Redeclaring text command \IJ (encoding T1) on input lin
e 2083.
LaTeX Encoding Info:    Ignoring declaration for text command \ij (encoding ?) 
on input line 2084.
LaTeX Encoding Info:    Ignoring declaration for text command \IJ (encoding ?) 
on input line 2086.
LaTeX Encoding Info:    Ignoring declaration for text command \SS (encoding ?) 
on input line 2111.
\U@D=\dimen196
\l@unhyphenated=\language79

(C:\Users\Labtel\AppData\Local\Programs\MiKTeX\tex/generic/babel\txtbabel.def)
\bbl@readstream=\read3
\bbl@dirlevel=\count337
Package babel Info: Configuration files are deprecated, as
(babel)             they can break document portability.
(babel)             Reported on input line 4206.

*************************************
* Local config file bblopts.cfg used
*
(C:\Users\Labtel\AppData\Local\Programs\MiKTeX\tex/latex/arabi\bblopts.cfg
File: bblopts.cfg 2005/09/08 v0.1 add Arabic and Farsi to "declared" options of
 babel
)
(C:\Users\Labtel\AppData\Local\Programs\MiKTeX\tex/generic/babel/locale/es\babe
l-spanish.tex)
Package babel Info: Importing font and identification data for spanish
(babel)             from babel-es.ini. Reported on input line 4330.

(C:\Users\Labtel\AppData\Local\Programs\MiKTeX\tex/latex/babel-spanish\spanish.
ldf
Language: spanish.ldf 2021/05/27 v5.0q Spanish support from the babel system
\es@quottoks=\toks33
\es@quotdepth=\count338
Package babel Info: Making " an active character on input line 570.
Package babel Info: Making . an active character on input line 675.
Package babel Info: Making < an active character on input line 722.
Package babel Info: Making > an active character on input line 722.
))
LaTeX Encoding Info:    Redeclaring text command \guillemotleft (encoding OT1) 
on input line 13.
LaTeX Encoding Info:    Redeclaring text command \guillemotright (encoding OT1)
 on input line 13.

(C:\Users\Labtel\AppData\Local\Programs\MiKTeX\tex/latex/base\inputenc.sty
Package: inputenc 2024/02/08 v1.3d Input encoding file
\inpenc@prehook=\toks34
\inpenc@posthook=\toks35
)
(C:\Users\Labtel\AppData\Local\Programs\MiKTeX\tex/latex/amsfonts\amssymb.sty
Package: amssymb 2013/01/14 v3.01 AMS font symbols

(C:\Users\Labtel\AppData\Local\Programs\MiKTeX\tex/latex/amsfonts\amsfonts.sty
Package: amsfonts 2013/01/14 v3.01 Basic AMSFonts support
\symAMSa=\mathgroup4
\symAMSb=\mathgroup5
LaTeX Font Info:    Redeclaring math symbol \hbar on input line 98.
LaTeX Font Info:    Overwriting math alphabet `\mathfrak' in version `bold'
(Font)                  U/euf/m/n --> U/euf/b/n on input line 106.
)) (C:\Users\Labtel\AppData\Local\Programs\MiKTeX\tex/latex/caption\caption.sty
Package: caption 2023/08/05 v3.6o Customizing captions (AR)

(C:\Users\Labtel\AppData\Local\Programs\MiKTeX\tex/latex/caption\caption3.sty
Package: caption3 2023/07/31 v2.4d caption3 kernel (AR)
\caption@tempdima=\dimen197
\captionmargin=\dimen198
\caption@leftmargin=\dimen199
\caption@rightmargin=\dimen256
\caption@width=\dimen257
\caption@indent=\dimen258
\caption@parindent=\dimen259
\caption@hangindent=\dimen260
Package caption Info: Standard document class detected.
)
\c@caption@flags=\count339
\c@continuedfloat=\count340
Package caption Info: float package is loaded.
Package caption Info: hyperref package is loaded.
)
(C:\Users\Labtel\AppData\Local\Programs\MiKTeX\tex/latex/caption\subcaption.sty
Package: subcaption 2023/07/28 v1.6b Sub-captions (AR)
Package caption Info: New subtype `subfigure' on input line 238.
\c@subfigure=\count341
Package caption Info: New subtype `subtable' on input line 238.
\c@subtable=\count342
)
(C:\Users\Labtel\AppData\Local\Programs\MiKTeX\tex/latex/geometry\geometry.sty
Package: geometry 2026/03/07 v6.0 Page Geometry

(C:\Users\Labtel\AppData\Local\Programs\MiKTeX\tex/generic/iftex\ifvtex.sty
Package: ifvtex 2019/10/25 v1.7 ifvtex legacy package. Use iftex instead.
)
\Gm@cnth=\count343
\Gm@cntv=\count344
\c@Gm@tempcnt=\count345
\Gm@bindingoffset=\dimen261
\Gm@wd@mp=\dimen262
\Gm@odd@mp=\dimen263
\Gm@even@mp=\dimen264
\Gm@layoutwidth=\dimen265
\Gm@layoutheight=\dimen266
\Gm@layouthoffset=\dimen267
\Gm@layoutvoffset=\dimen268
\Gm@dimlist=\toks36

(C:\Users\Labtel\AppData\Local\Programs\MiKTeX\tex/latex/geometry\geometry.cfg)
)
(C:\Users\Labtel\AppData\Local\Programs\MiKTeX\tex/latex/l3backend\l3backend-pd
ftex.def
File: l3backend-pdftex.def 2025-10-09 L3 backend support: PDF output (pdfTeX)
\l__color_backend_stack_int=\count346
) (main.aux
LaTeX Info: Redefining \. on input line 12.
LaTeX Info: Redefining \% on input line 12.
Package babel Info: 'spanish' activates 'spanish' shorthands.
(babel)             Reported on input line 12.
)
\openout1 = `main.aux'.

LaTeX Font Info:    Checking defaults for OML/cmm/m/it on input line 34.
LaTeX Font Info:    ... okay on input line 34.
LaTeX Font Info:    Checking defaults for OMS/cmsy/m/n on input line 34.
LaTeX Font Info:    ... okay on input line 34.
LaTeX Font Info:    Checking defaults for OT1/cmr/m/n on input line 34.
LaTeX Font Info:    ... okay on input line 34.
LaTeX Font Info:    Checking defaults for T1/cmr/m/n on input line 34.
LaTeX Font Info:    ... okay on input line 34.
LaTeX Font Info:    Checking defaults for TS1/cmr/m/n on input line 34.
LaTeX Font Info:    ... okay on input line 34.
LaTeX Font Info:    Checking defaults for OMX/cmex/m/n on input line 34.
LaTeX Font Info:    ... okay on input line 34.
LaTeX Font Info:    Checking defaults for U/cmr/m/n on input line 34.
LaTeX Font Info:    ... okay on input line 34.
LaTeX Font Info:    Checking defaults for PD1/pdf/m/n on input line 34.
LaTeX Font Info:    ... okay on input line 34.
LaTeX Font Info:    Checking defaults for PU/pdf/m/n on input line 34.
LaTeX Font Info:    ... okay on input line 34.

(C:\Users\Labtel\AppData\Local\Programs\MiKTeX\tex/context/base/mkii\supp-pdf.m
kii
[Loading MPS to PDF converter (version 2006.09.02).]
\scratchcounter=\count347
\scratchdimen=\dimen269
\scratchbox=\box69
\nofMPsegments=\count348
\nofMParguments=\count349
\everyMPshowfont=\toks37
\MPscratchCnt=\count350
\MPscratchDim=\dimen270
\MPnumerator=\count351
\makeMPintoPDFobject=\count352
\everyMPtoPDFconversion=\toks38
)
(C:\Users\Labtel\AppData\Local\Programs\MiKTeX\tex/latex/epstopdf-pkg\epstopdf-
base.sty
Package: epstopdf-base 2020-01-24 v2.11 Base part for package epstopdf
Package epstopdf-base Info: Redefining graphics rule for `.eps' on input line 4
85.

(C:\Users\Labtel\AppData\Local\Programs\MiKTeX\tex/latex/00miktex\epstopdf-sys.
cfg
File: epstopdf-sys.cfg 2021/03/18 v2.0 Configuration of epstopdf for MiKTeX
))
Package hyperref Info: Link coloring OFF on input line 34.
 (main.out) (main.out)
\@outlinefile=\write4
\openout4 = `main.out'.


(C:\Users\Labtel\AppData\Local\Programs\MiKTeX\tex/latex/translations/dicts\tra
nslations-basic-dictionary-spanish.trsl
File: translations-basic-dictionary-spanish.trsl (spanish translation file `tra
nslations-basic-dictionary')
)
Package translations Info: loading dictionary `translations-basic-dictionary' f
or `spanish'. on input line 34.
LaTeX Info: Redefining \. on input line 34.
LaTeX Info: Redefining \% on input line 34.
Package caption Info: Begin \AtBeginDocument code.
Package caption Info: End \AtBeginDocument code.

*geometry* driver: auto-detecting
*geometry* detected driver: pdftex
*geometry* verbose mode - [ preamble ] result:
* driver: pdftex
* paper: a4paper
* layout: <same size as paper>
* layoutoffset:(h,v)=(0.0pt,0.0pt)
* modes: 
* h-part:(L,W,R)=(71.13188pt, 455.24411pt, 71.13188pt)
* v-part:(T,H,B)=(71.13188pt, 702.78308pt, 71.13188pt)
* \paperwidth=597.50787pt
* \paperheight=845.04684pt
* \textwidth=455.24411pt
* \textheight=702.78308pt
* \oddsidemargin=-1.1381pt
* \evensidemargin=-1.1381pt
* \topmargin=-38.1381pt
* \headheight=12.0pt
* \headsep=25.0pt
* \topskip=12.0pt
* \footskip=30.0pt
* \marginparwidth=35.0pt
* \marginparsep=10.0pt
* \columnsep=10.0pt
* \skip\footins=10.8pt plus 4.0pt minus 2.0pt
* \hoffset=0.0pt
* \voffset=0.0pt
* \mag=1000
* \@twocolumnfalse
* \@twosidefalse
* \@mparswitchfalse
* \@reversemarginfalse
* (1in=72.27pt=25.4mm, 1cm=28.453pt)

<./img/logo_unt.png, id=210, 1349.04pt x 1011.78pt>
File: ./img/logo_unt.png Graphic file (type png)
<use ./img/logo_unt.png>
Package pdftex.def Info: ./img/logo_unt.png  used on input line 56.
(pdftex.def)             Requested size: 284.52126pt x 227.6098pt.
[1

{C:/Users/Labtel/AppData/Local/MiKTeX/fonts/map/pdftex/pdftex.map} <./img/logo_
unt.png>]
Underfull \hbox (badness 10000) in paragraph at lines 136--142

 []


Underfull \hbox (badness 10000) in paragraph at lines 136--142

 []

[2] [3] [4

] [5


] (main.toc
LaTeX Info: Redefining \. on input line 1.
LaTeX Info: Redefining \% on input line 1.
LaTeX Font Info:    Trying to load font information for U+msa on input line 4.

(C:\Users\Labtel\AppData\Local\Programs\MiKTeX\tex/latex/amsfonts\umsa.fd
File: umsa.fd 2013/01/14 v3.01 AMS symbols A
)
LaTeX Font Info:    Trying to load font information for U+msb on input line 4.

(C:\Users\Labtel\AppData\Local\Programs\MiKTeX\tex/latex/amsfonts\umsb.fd
File: umsb.fd 2013/01/14 v3.01 AMS symbols B
)
[6

])
\tf@toc=\write5
\openout5 = `main.toc'.

 [7]
Cap\'{\i }tulo 1.
[8

]
Overfull \hbox (2.31079pt too wide) in paragraph at lines 193--194
[]\OT1/cmr/m/n/12 M^^Sas re-cien-te-men-te, Bin-dra et al. [[]] pro-pu-sie-ron 
un com-pa-ra-dor de po-la-ri-za-ci^^Son din^^Sami-
 []

[9] [10] [11]
Cap\'{\i }tulo 2.
<./svg-inkscape/tb_sar_adc_svg-raw.pdf, id=340, 690.20439pt x 255.55582pt>
File: ./svg-inkscape/tb_sar_adc_svg-raw.pdf Graphic file (type pdf)
<use ./svg-inkscape/tb_sar_adc_svg-raw.pdf>
Package pdftex.def Info: ./svg-inkscape/tb_sar_adc_svg-raw.pdf  used on input l
ine 276.
(pdftex.def)             Requested size: 690.2027pt x 255.55518pt.
<./svg-inkscape/sar_diagrama_xschem_svg-raw.pdf, id=342, 716.19719pt x 427.9764
pt>
File: ./svg-inkscape/sar_diagrama_xschem_svg-raw.pdf Graphic file (type pdf)
<use ./svg-inkscape/sar_diagrama_xschem_svg-raw.pdf>
Package pdftex.def Info: ./svg-inkscape/sar_diagrama_xschem_svg-raw.pdf  used o
n input line 283.
(pdftex.def)             Requested size: 716.19543pt x 427.97534pt.
[12

 <./svg-inkscape/tb_sar_adc_svg-raw.pdf>]
Overfull \hbox (14.30534pt too wide) in paragraph at lines 291--291
[]\OT1/cmr/bx/n/14.4 Arquitectura In-ver-ted Mer-ged Ca-pa-ci-tor Swit-ching (I
MCS) 
 []

<./svg-inkscape/imcs_diagrama_svg-raw.pdf, id=359, 916.10199pt x 336.23346pt>
File: ./svg-inkscape/imcs_diagrama_svg-raw.pdf Graphic file (type pdf)
<use ./svg-inkscape/imcs_diagrama_svg-raw.pdf>
Package pdftex.def Info: ./svg-inkscape/imcs_diagrama_svg-raw.pdf  used on inpu
t line 294.
(pdftex.def)             Requested size: 916.09976pt x 336.23262pt.
[13 <./svg-inkscape/sar_diagrama_xschem_svg-raw.pdf>]

LaTeX Warning: `h' float specifier changed to `ht'.

[14 <./svg-inkscape/imcs_diagrama_svg-raw.pdf>] [15]

Package hyperref Warning: Token not allowed in a PDF string (Unicode):
(hyperref)                removing `math shift' on input line 359.


Package hyperref Warning: Token not allowed in a PDF string (Unicode):
(hyperref)                removing `subscript' on input line 359.


Package hyperref Warning: Token not allowed in a PDF string (Unicode):
(hyperref)                removing `math shift' on input line 359.

[16]

Package hyperref Warning: Token not allowed in a PDF string (Unicode):
(hyperref)                removing `math shift' on input line 435.


Package hyperref Warning: Token not allowed in a PDF string (Unicode):
(hyperref)                removing `subscript' on input line 435.


Package hyperref Warning: Token not allowed in a PDF string (Unicode):
(hyperref)                removing `math shift' on input line 435.


Package hyperref Warning: Token not allowed in a PDF string (Unicode):
(hyperref)                removing `math shift' on input line 435.


Package hyperref Warning: Token not allowed in a PDF string (Unicode):
(hyperref)                removing `subscript' on input line 435.


Package hyperref Warning: Token not allowed in a PDF string (Unicode):
(hyperref)                removing `math shift' on input line 435.


Overfull \hbox (0.87886pt too wide) in paragraph at lines 451--452
[]\OT1/cmr/m/n/12 Para re-sol-ver am-bos pro-ble-mas, se im-ple-ment^^So la ar-
qui-tec-tu-ra pro-pues-ta por Chang [[]],
 []

[17]
<./svg-inkscape/dac_unit_cell_svg-raw.pdf, id=424, 695.34775pt x 400.6435pt>
File: ./svg-inkscape/dac_unit_cell_svg-raw.pdf Graphic file (type pdf)
<use ./svg-inkscape/dac_unit_cell_svg-raw.pdf>
Package pdftex.def Info: ./svg-inkscape/dac_unit_cell_svg-raw.pdf  used on inpu
t line 490.
(pdftex.def)             Requested size: 695.34604pt x 400.64252pt.
 [18]
<./svg-inkscape/dac_unit_cell_n_svg-raw.pdf, id=432, 695.34775pt x 403.03072pt>

File: ./svg-inkscape/dac_unit_cell_n_svg-raw.pdf Graphic file (type pdf)
<use ./svg-inkscape/dac_unit_cell_n_svg-raw.pdf>
Package pdftex.def Info: ./svg-inkscape/dac_unit_cell_n_svg-raw.pdf  used on in
put line 497.
(pdftex.def)             Requested size: 695.34604pt x 403.02972pt.
 [19 <./svg-inkscape/dac_unit_cell_svg-raw.pdf> <./svg-inkscape/dac_unit_cell_n
_svg-raw.pdf

pdfTeX warning: pdflatex (file ./svg-inkscape/dac_unit_cell_n_svg-raw.pdf): PDF
 inclusion: multiple pdfs with page group included in a single page
>]
<./svg-inkscape/nol_diagrama_svg-raw.pdf, id=458, 1015.33258pt x 449.97043pt>
File: ./svg-inkscape/nol_diagrama_svg-raw.pdf Graphic file (type pdf)
<use ./svg-inkscape/nol_diagrama_svg-raw.pdf>
Package pdftex.def Info: ./svg-inkscape/nol_diagrama_svg-raw.pdf  used on input
 line 516.
(pdftex.def)             Requested size: 1015.33011pt x 449.96933pt.
<./svg-inkscape/nol_salidas_editado_svg-raw.pdf, id=462, 770.88pt x 574.88997pt
>
File: ./svg-inkscape/nol_salidas_editado_svg-raw.pdf Graphic file (type pdf)
<use ./svg-inkscape/nol_salidas_editado_svg-raw.pdf>
Package pdftex.def Info: ./svg-inkscape/nol_salidas_editado_svg-raw.pdf  used o
n input line 537.
(pdftex.def)             Requested size: 770.87813pt x 574.88855pt.
 [20 <./svg-inkscape/nol_diagrama_svg-raw.pdf>]
<./svg-inkscape/nol_formas_de_onda_editado_svg-raw.pdf, id=479, 770.88pt x 578.
16pt>
File: ./svg-inkscape/nol_formas_de_onda_editado_svg-raw.pdf Graphic file (type 
pdf)
<use ./svg-inkscape/nol_formas_de_onda_editado_svg-raw.pdf>
Package pdftex.def Info: ./svg-inkscape/nol_formas_de_onda_editado_svg-raw.pdf 
 used on input line 544.
(pdftex.def)             Requested size: 770.87813pt x 578.15858pt.
 [21 <./svg-inkscape/nol_salidas_editado_svg-raw.pdf>] [22 <./svg-inkscape/nol_
formas_de_onda_editado_svg-raw.pdf>]
Underfull \hbox (badness 10000) in paragraph at lines 566--567

 []

<./svg-inkscape/tb_top_tran_step_svg-raw.pdf, id=509, 281.65422pt x 288.81105pt
>
File: ./svg-inkscape/tb_top_tran_step_svg-raw.pdf Graphic file (type pdf)
<use ./svg-inkscape/tb_top_tran_step_svg-raw.pdf>
Package pdftex.def Info: ./svg-inkscape/tb_top_tran_step_svg-raw.pdf  used on i
nput line 570.
(pdftex.def)             Requested size: 281.65352pt x 288.81033pt.
[23 <./svg-inkscape/tb_top_tran_step_svg-raw.pdf>]
<./svg-inkscape/rise_top_svg-raw.pdf, id=527, 770.88pt x 578.16pt>
File: ./svg-inkscape/rise_top_svg-raw.pdf Graphic file (type pdf)
<use ./svg-inkscape/rise_top_svg-raw.pdf>
Package pdftex.def Info: ./svg-inkscape/rise_top_svg-raw.pdf  used on input lin
e 584.
(pdftex.def)             Requested size: 770.87813pt x 578.15858pt.
<./svg-inkscape/rise_topa_svg-raw.pdf, id=528, 770.88pt x 578.16pt>
File: ./svg-inkscape/rise_topa_svg-raw.pdf Graphic file (type pdf)
<use ./svg-inkscape/rise_topa_svg-raw.pdf>
Package pdftex.def Info: ./svg-inkscape/rise_topa_svg-raw.pdf  used on input li
ne 591.
(pdftex.def)             Requested size: 770.87813pt x 578.15858pt.
 [24 <./svg-inkscape/rise_top_svg-raw.pdf>]
<./svg-inkscape/delays_sah_svg-raw.pdf, id=546, 770.88pt x 578.16pt>
File: ./svg-inkscape/delays_sah_svg-raw.pdf Graphic file (type pdf)
<use ./svg-inkscape/delays_sah_svg-raw.pdf>
Package pdftex.def Info: ./svg-inkscape/delays_sah_svg-raw.pdf  used on input l
ine 599.
(pdftex.def)             Requested size: 770.87813pt x 578.15858pt.
 [25 <./svg-inkscape/rise_topa_svg-raw.pdf>]
<./svg-inkscape/respuesta_c_svg-raw.pdf, id=560, 770.88pt x 578.16pt>
File: ./svg-inkscape/respuesta_c_svg-raw.pdf Graphic file (type pdf)
<use ./svg-inkscape/respuesta_c_svg-raw.pdf>
Package pdftex.def Info: ./svg-inkscape/respuesta_c_svg-raw.pdf  used on input 
line 606.
(pdftex.def)             Requested size: 770.87813pt x 578.15858pt.
 [26 <./svg-inkscape/delays_sah_svg-raw.pdf>]
<./svg-inkscape/tg_diagrama_dummies_svg-raw.pdf, id=573, 326.80576pt x 410.4048
5pt>
File: ./svg-inkscape/tg_diagrama_dummies_svg-raw.pdf Graphic file (type pdf)
<use ./svg-inkscape/tg_diagrama_dummies_svg-raw.pdf>
Package pdftex.def Info: ./svg-inkscape/tg_diagrama_dummies_svg-raw.pdf  used o
n input line 630.
(pdftex.def)             Requested size: 326.80495pt x 410.40384pt.
 [27 <./svg-inkscape/respuesta_c_svg-raw.pdf>] [28 <./svg-inkscape/tg_diagrama_
dummies_svg-raw.pdf>]
<./svg-inkscape/sample_rapido_vs_lento_dummies_svg-raw.pdf, id=602, 770.88pt x 
578.16pt>
File: ./svg-inkscape/sample_rapido_vs_lento_dummies_svg-raw.pdf Graphic file (t
ype pdf)
<use ./svg-inkscape/sample_rapido_vs_lento_dummies_svg-raw.pdf>
Package pdftex.def Info: ./svg-inkscape/sample_rapido_vs_lento_dummies_svg-raw.
pdf  used on input line 647.
(pdftex.def)             Requested size: 770.87813pt x 578.15858pt.
<./svg-inkscape/sample_rapido_vs_lento_dummies_zoom_svg-raw.pdf, id=603, 770.88
pt x 578.16pt>
File: ./svg-inkscape/sample_rapido_vs_lento_dummies_zoom_svg-raw.pdf Graphic fi
le (type pdf)
<use ./svg-inkscape/sample_rapido_vs_lento_dummies_zoom_svg-raw.pdf>
Package pdftex.def Info: ./svg-inkscape/sample_rapido_vs_lento_dummies_zoom_svg
-raw.pdf  used on input line 653.
(pdftex.def)             Requested size: 770.87813pt x 578.15858pt.
 [29 <./svg-inkscape/sample_rapido_vs_lento_dummies_svg-raw.pdf>] [30 <./svg-in
kscape/sample_rapido_vs_lento_dummies_zoom_svg-raw.pdf>] [31] [32]
<./svg-inkscape/DT_comparator_svg-raw.pdf, id=663, 1009.80571pt x 443.81725pt>
File: ./svg-inkscape/DT_comparator_svg-raw.pdf Graphic file (type pdf)
<use ./svg-inkscape/DT_comparator_svg-raw.pdf>
Package pdftex.def Info: ./svg-inkscape/DT_comparator_svg-raw.pdf  used on inpu
t line 787.
(pdftex.def)             Requested size: 1009.80325pt x 443.81615pt.
<./svg-inkscape/bindra_preamp_diagrama_svg-raw.pdf, id=664, 1015.62592pt x 466.
43443pt>
File: ./svg-inkscape/bindra_preamp_diagrama_svg-raw.pdf Graphic file (type pdf)

<use ./svg-inkscape/bindra_preamp_diagrama_svg-raw.pdf>
Package pdftex.def Info: ./svg-inkscape/bindra_preamp_diagrama_svg-raw.pdf  use
d on input line 794.
(pdftex.def)             Requested size: 1015.62344pt x 466.43329pt.
<./svg-inkscape/latch_diagrama_svg-raw.pdf, id=665, 661.74529pt x 441.907pt>
File: ./svg-inkscape/latch_diagrama_svg-raw.pdf Graphic file (type pdf)
<use ./svg-inkscape/latch_diagrama_svg-raw.pdf>
Package pdftex.def Info: ./svg-inkscape/latch_diagrama_svg-raw.pdf  used on inp
ut line 801.
(pdftex.def)             Requested size: 661.74367pt x 441.90591pt.
 [33 <./svg-inkscape/DT_comparator_svg-raw.pdf> <./svg-inkscape/bindra_preamp_d
iagrama_svg-raw.pdf

pdfTeX warning: pdflatex (file ./svg-inkscape/bindra_preamp_diagrama_svg-raw.pd
f): PDF inclusion: multiple pdfs with page group included in a single page
>]

LaTeX Warning: `h' float specifier changed to `ht'.

<./svg-inkscape/DT_comparator_tb_svg-raw.pdf, id=695, 1438.03447pt x 678.44666p
t>
File: ./svg-inkscape/DT_comparator_tb_svg-raw.pdf Graphic file (type pdf)
<use ./svg-inkscape/DT_comparator_tb_svg-raw.pdf>
Package pdftex.def Info: ./svg-inkscape/DT_comparator_tb_svg-raw.pdf  used on i
nput line 866.
(pdftex.def)             Requested size: 1438.03098pt x 678.44499pt.
[34 <./svg-inkscape/latch_diagrama_svg-raw.pdf>]
<./svg-inkscape/salidas_comp_svg-raw.pdf, id=714, 770.88pt x 578.16pt>
File: ./svg-inkscape/salidas_comp_svg-raw.pdf Graphic file (type pdf)
<use ./svg-inkscape/salidas_comp_svg-raw.pdf>
Package pdftex.def Info: ./svg-inkscape/salidas_comp_svg-raw.pdf  used on input
 line 880.
(pdftex.def)             Requested size: 770.87813pt x 578.15858pt.
 [35 <./svg-inkscape/DT_comparator_tb_svg-raw.pdf>]
<./svg-inkscape/tiempo_rst_comp_editado_svg-raw.pdf, id=731, 770.88pt x 578.16p
t>
File: ./svg-inkscape/tiempo_rst_comp_editado_svg-raw.pdf Graphic file (type pdf
)
<use ./svg-inkscape/tiempo_rst_comp_editado_svg-raw.pdf>
Package pdftex.def Info: ./svg-inkscape/tiempo_rst_comp_editado_svg-raw.pdf  us
ed on input line 888.
(pdftex.def)             Requested size: 770.87813pt x 578.15858pt.
 [36 <./svg-inkscape/salidas_comp_svg-raw.pdf>]
<./svg-inkscape/pgen_diagrama_svg-raw.pdf, id=746, 1015.72945pt x 450.36723pt>
File: ./svg-inkscape/pgen_diagrama_svg-raw.pdf Graphic file (type pdf)
<use ./svg-inkscape/pgen_diagrama_svg-raw.pdf>
Package pdftex.def Info: ./svg-inkscape/pgen_diagrama_svg-raw.pdf  used on inpu
t line 921.
(pdftex.def)             Requested size: 1015.72697pt x 450.36613pt.
 [37 <./svg-inkscape/tiempo_rst_comp_editado_svg-raw.pdf>]
<./svg-inkscape/pgen_schimtt_trigger_diagrama_svg-raw.pdf, id=764, 1015.9171pt 
x 450.55489pt>
File: ./svg-inkscape/pgen_schimtt_trigger_diagrama_svg-raw.pdf Graphic file (ty
pe pdf)
<use ./svg-inkscape/pgen_schimtt_trigger_diagrama_svg-raw.pdf>
Package pdftex.def Info: ./svg-inkscape/pgen_schimtt_trigger_diagrama_svg-raw.p
df  used on input line 928.
(pdftex.def)             Requested size: 1015.91463pt x 450.55379pt.
<./svg-inkscape/senales_pgen_svg-raw.pdf, id=765, 770.88pt x 578.16pt>
File: ./svg-inkscape/senales_pgen_svg-raw.pdf Graphic file (type pdf)
<use ./svg-inkscape/senales_pgen_svg-raw.pdf>
Package pdftex.def Info: ./svg-inkscape/senales_pgen_svg-raw.pdf  used on input
 line 935.
(pdftex.def)             Requested size: 770.87813pt x 578.15858pt.
 [38 <./svg-inkscape/pgen_diagrama_svg-raw.pdf> <./svg-inkscape/pgen_schimtt_tr
igger_diagrama_svg-raw.pdf

pdfTeX warning: pdflatex (file ./svg-inkscape/pgen_schimtt_trigger_diagrama_svg
-raw.pdf): PDF inclusion: multiple pdfs with page group included in a single pa
ge
>] [39 <./svg-inkscape/senales_pgen_svg-raw.pdf>]
<./svg-inkscape/fanout_opt_svg-raw.pdf, id=803, 770.88pt x 578.16pt>
File: ./svg-inkscape/fanout_opt_svg-raw.pdf Graphic file (type pdf)
<use ./svg-inkscape/fanout_opt_svg-raw.pdf>
Package pdftex.def Info: ./svg-inkscape/fanout_opt_svg-raw.pdf  used on input l
ine 977.
(pdftex.def)             Requested size: 770.87813pt x 578.15858pt.
 [40 <./svg-inkscape/fanout_opt_svg-raw.pdf>]
<./img/geogebra.png, id=823, 724.95844pt x 472.01344pt>
File: ./img/geogebra.png Graphic file (type png)
<use ./img/geogebra.png>
Package pdftex.def Info: ./img/geogebra.png  used on input line 1021.
(pdftex.def)             Requested size: 273.14923pt x 177.84727pt.


LaTeX Warning: `h' float specifier changed to `ht'.

<./img/geogebra2.png, id=824, 707.64375pt x 469.755pt>
File: ./img/geogebra2.png Graphic file (type png)
<use ./img/geogebra2.png>
Package pdftex.def Info: ./img/geogebra2.png  used on input line 1027.
(pdftex.def)             Requested size: 273.14923pt x 181.32573pt.

LaTeX Warning: `h' float specifier changed to `ht'.

[41] [42 <./img/geogebra.png> <./img/geogebra2.png>]
<./svg-inkscape/retardo_buffer_comp_svg-raw.pdf, id=842, 770.88pt x 578.16pt>
File: ./svg-inkscape/retardo_buffer_comp_svg-raw.pdf Graphic file (type pdf)
<use ./svg-inkscape/retardo_buffer_comp_svg-raw.pdf>
Package pdftex.def Info: ./svg-inkscape/retardo_buffer_comp_svg-raw.pdf  used o
n input line 1055.
(pdftex.def)             Requested size: 770.87813pt x 578.15858pt.
 [43 <./svg-inkscape/retardo_buffer_comp_svg-raw.pdf>]

LaTeX Warning: `h' float specifier changed to `ht'.

[44]
<./svg-inkscape/logica_parte_svg-raw.pdf, id=864, 863.71707pt x 163.0563pt>
File: ./svg-inkscape/logica_parte_svg-raw.pdf Graphic file (type pdf)
<use ./svg-inkscape/logica_parte_svg-raw.pdf>
Package pdftex.def Info: ./svg-inkscape/logica_parte_svg-raw.pdf  used on input
 line 1138.
(pdftex.def)             Requested size: 863.71497pt x 163.0559pt.
<./svg-inkscape/bit_cell_diagrama_svg-raw.pdf, id=866, 900.11784pt x 432.94864p
t>
File: ./svg-inkscape/bit_cell_diagrama_svg-raw.pdf Graphic file (type pdf)
<use ./svg-inkscape/bit_cell_diagrama_svg-raw.pdf>
Package pdftex.def Info: ./svg-inkscape/bit_cell_diagrama_svg-raw.pdf  used on 
input line 1155.
(pdftex.def)             Requested size: 900.11565pt x 432.94757pt.
 [45 <./svg-inkscape/logica_parte_svg-raw.pdf>]
Underfull \hbox (badness 10000) in paragraph at lines 1158--1161

 []

[46 <./svg-inkscape/bit_cell_diagrama_svg-raw.pdf>]
<./svg-inkscape/conversion_ejemplo_1_svg-raw.pdf, id=902, 770.88pt x 578.16pt>
File: ./svg-inkscape/conversion_ejemplo_1_svg-raw.pdf Graphic file (type pdf)
<use ./svg-inkscape/conversion_ejemplo_1_svg-raw.pdf>
Package pdftex.def Info: ./svg-inkscape/conversion_ejemplo_1_svg-raw.pdf  used 
on input line 1252.
(pdftex.def)             Requested size: 770.87813pt x 578.15858pt.
 [47]
<./svg-inkscape/salidas_sar_ej1_svg-raw.pdf, id=911, 770.88pt x 578.16pt>
File: ./svg-inkscape/salidas_sar_ej1_svg-raw.pdf Graphic file (type pdf)
<use ./svg-inkscape/salidas_sar_ej1_svg-raw.pdf>
Package pdftex.def Info: ./svg-inkscape/salidas_sar_ej1_svg-raw.pdf  used on in
put line 1259.
(pdftex.def)             Requested size: 770.87813pt x 578.15858pt.
 [48 <./svg-inkscape/conversion_ejemplo_1_svg-raw.pdf>]
<./svg-inkscape/conversion_comparador_1_svg-raw.pdf, id=927, 770.88pt x 578.16p
t>
File: ./svg-inkscape/conversion_comparador_1_svg-raw.pdf Graphic file (type pdf
)
<use ./svg-inkscape/conversion_comparador_1_svg-raw.pdf>
Package pdftex.def Info: ./svg-inkscape/conversion_comparador_1_svg-raw.pdf  us
ed on input line 1266.
(pdftex.def)             Requested size: 770.87813pt x 578.15858pt.
 [49 <./svg-inkscape/salidas_sar_ej1_svg-raw.pdf>]
! Undefined control sequence.
l.1289 \multirow
                {4}{*}{\shortstack{Código 0\\(Inicio)}}
The control sequence at the end of the top line
of your error message was never \def'ed. If you have
misspelled it (e.g., `\hobx'), type `I' and the correct
spelling (e.g., `I\hbox'). Otherwise just continue,
and I'll forget about whatever was undefined.

! Undefined control sequence.
l.1296 \multirow
                {8}{*}{\shortstack{Código 1024\\(Mitad)}}
The control sequence at the end of the top line
of your error message was never \def'ed. If you have
misspelled it (e.g., `\hobx'), type `I' and the correct
spelling (e.g., `I\hbox'). Otherwise just continue,
and I'll forget about whatever was undefined.

! Undefined control sequence.
l.1307 \multirow
                {4}{*}{\shortstack{Código 2048\\(Final)}}
The control sequence at the end of the top line
of your error message was never \def'ed. If you have
misspelled it (e.g., `\hobx'), type `I' and the correct
spelling (e.g., `I\hbox'). Otherwise just continue,
and I'll forget about whatever was undefined.

[50 <./svg-inkscape/conversion_comparador_1_svg-raw.pdf>] [51]
Cap\'{\i }tulo 3.
<./svg-inkscape/lo_comp_preamp_scap_svg-raw.pdf, id=959, 269.54422pt x 470.2532
pt>
File: ./svg-inkscape/lo_comp_preamp_scap_svg-raw.pdf Graphic file (type pdf)
<use ./svg-inkscape/lo_comp_preamp_scap_svg-raw.pdf>
Package pdftex.def Info: ./svg-inkscape/lo_comp_preamp_scap_svg-raw.pdf  used o
n input line 1323.
(pdftex.def)             Requested size: 269.54355pt x 470.25204pt.
[52

]
Overfull \vbox (43.90373pt too high) has occurred while \output is active []


[53 <./svg-inkscape/lo_comp_preamp_scap_svg-raw.pdf>]
Package svg Info: Calling Inkscape on input line 1334.
runsystem(inkscape "img/lo_comp_preamp_fl.svg" -D --export-filename="lo_comp_pr
eamp_fl_svg-raw.pdf")...executed.

runsystem(if not exist "./svg-inkscape/" mkdir "./svg-inkscape/")...executed.

runsystem(move "lo_comp_preamp_fl_svg-raw.pdf" "./svg-inkscape/lo_comp_preamp_f
l_svg-raw.pdf")...executed.

<./svg-inkscape/lo_comp_preamp_fl_svg-raw.pdf, id=977, 285.53094pt x 507.31166p
t>
File: ./svg-inkscape/lo_comp_preamp_fl_svg-raw.pdf Graphic file (type pdf)
<use ./svg-inkscape/lo_comp_preamp_fl_svg-raw.pdf>
Package pdftex.def Info: ./svg-inkscape/lo_comp_preamp_fl_svg-raw.pdf  used on 
input line 1334.
(pdftex.def)             Requested size: 285.53023pt x 507.31041pt.
 [54 <./svg-inkscape/lo_comp_preamp_fl_svg-raw.pdf>]
Cap\'{\i }tulo 4.
[55

] [56] [57] [58] [59]
Underfull \hbox (badness 10000) in paragraph at lines 1533--1534
[]\OT1/cmr/m/n/12 The Re-la-tionship Bet-ween Ri-se Ti-me and Band-width
 []


Underfull \hbox (badness 10000) in paragraph at lines 1533--1534
\OT1/cmr/m/n/12 in Di-gi-tal Sig-nals \OT1/cmr/m/it/12 All About Cir-cuits\OT1/
cmr/m/n/12 . [On-li-ne]. Dis-po-ni-
 []


Underfull \hbox (badness 10000) in paragraph at lines 1533--1534
\OT1/cmr/m/n/12 ble: []$\OT1/cmtt/m/n/12 https : / / www . allaboutcircuits . c
om / technical-[]articles /
 []

[60

] (main.aux
LaTeX Info: Redefining \. on input line 12.
LaTeX Info: Redefining \% on input line 12.
)
 ***********
LaTeX2e <2025-11-01>
L3 programming layer <2026-01-19>
 ***********


LaTeX Warning: Label(s) may have changed. Rerun to get cross-references right.

Package rerunfilecheck Info: File `main.out' has not changed.
(rerunfilecheck)             Checksum: B1994B3D74441A30C149C19CB34FB28A;10176.
 ) 
Here is how much of TeX's memory you used:
 22276 strings out of 467866
 454389 string characters out of 5417829
 855820 words of memory out of 5000000
 50626 multiletter control sequences out of 15000+600000
 640975 words of font info for 89 fonts, out of 8000000 for 9000
 1141 hyphenation exceptions out of 8191
 94i,14n,93p,1208b,1331s stack positions out of 10000i,1000n,20000p,200000b,200000s
 <C:\Users\Labtel\AppData\Local\MiKTeX\fonts/pk/ljfour/jknappen/ec/dpi600\tcb
x1200.pk> <C:\Users\Labtel\AppData\Local\MiKTeX\fonts/pk/ljfour/jknappen/ec/dpi
600\tcrm1200.pk><C:/Users/Labtel/AppData/Local/Programs/MiKTeX/fonts/type1/publ
ic/amsfonts/cm/cmbx12.pfb><C:/Users/Labtel/AppData/Local/Programs/MiKTeX/fonts/
type1/public/amsfonts/cm/cmbx8.pfb><C:/Users/Labtel/AppData/Local/Programs/MiKT
eX/fonts/type1/public/amsfonts/cm/cmex10.pfb><C:/Users/Labtel/AppData/Local/Pro
grams/MiKTeX/fonts/type1/public/amsfonts/cm/cmmi10.pfb><C:/Users/Labtel/AppData
/Local/Programs/MiKTeX/fonts/type1/public/amsfonts/cm/cmmi12.pfb><C:/Users/Labt
el/AppData/Local/Programs/MiKTeX/fonts/type1/public/amsfonts/cm/cmmi6.pfb><C:/U
sers/Labtel/AppData/Local/Programs/MiKTeX/fonts/type1/public/amsfonts/cm/cmmi8.
pfb><C:/Users/Labtel/AppData/Local/Programs/MiKTeX/fonts/type1/public/amsfonts/
cm/cmr10.pfb><C:/Users/Labtel/AppData/Local/Programs/MiKTeX/fonts/type1/public/
amsfonts/cm/cmr12.pfb><C:/Users/Labtel/AppData/Local/Programs/MiKTeX/fonts/type
1/public/amsfonts/cm/cmr6.pfb><C:/Users/Labtel/AppData/Local/Programs/MiKTeX/fo
nts/type1/public/amsfonts/cm/cmr8.pfb><C:/Users/Labtel/AppData/Local/Programs/M
iKTeX/fonts/type1/public/amsfonts/cm/cmsy10.pfb><C:/Users/Labtel/AppData/Local/
Programs/MiKTeX/fonts/type1/public/amsfonts/cm/cmsy8.pfb><C:/Users/Labtel/AppDa
ta/Local/Programs/MiKTeX/fonts/type1/public/amsfonts/cm/cmti10.pfb><C:/Users/La
btel/AppData/Local/Programs/MiKTeX/fonts/type1/public/amsfonts/cm/cmti12.pfb><C
:/Users/Labtel/AppData/Local/Programs/MiKTeX/fonts/type1/public/amsfonts/cm/cmt
t12.pfb>
Output written on main.pdf (60 pages, 2264041 bytes).
PDF statistics:
 1178 PDF objects out of 1200 (max. 8388607)
 248 named destinations out of 1000 (max. 500000)
 606 words of extra memory for PDF output out of 10000 (max. 10000000)

