# Logfile created on 2025-10-25 17:21:07 +0200 by logger.rb/v1.5.3
2025-10-25 17:21:07 +0200: Memory Usage (455304K) : Starting running IHP-SG13G2 Klayout DRC runset on /foss/designs/SAR_ADC_IHP/gds/tgate_v1.gds
2025-10-25 17:21:07 +0200: Memory Usage (455304K) : Ruby Version for klayout: 3.2.3
2025-10-25 17:21:07 +0200: Memory Usage (455304K) : Loading database to memory is complete.
2025-10-25 17:21:07 +0200: Memory Usage (455304K) : IHP-SG13G2 Klayout DRC runset output at: /foss/designs/SAR_ADC_IHP/gds/drc_run_transmission_gate_lv_w_dummy/tgate_v1_transmission_gate_lv_w_dummy_main.lyrdb
2025-10-25 17:21:07 +0200: Memory Usage (455304K) : Evaluate switches.
2025-10-25 17:21:07 +0200: Memory Usage (455304K) : table_name selected  main
2025-10-25 17:21:07 +0200: Memory Usage (455304K) : Klayout will use 1 thread(s)
2025-10-25 17:21:07 +0200: Memory Usage (455304K) : deep mode is enabled for main table.
2025-10-25 17:21:07 +0200: Memory Usage (455304K) : FEOL enabled: true
2025-10-25 17:21:07 +0200: Memory Usage (455304K) : BEOL enabled: true
2025-10-25 17:21:07 +0200: Memory Usage (455304K) : OffGrid enabled: true
2025-10-25 17:21:07 +0200: Memory Usage (455304K) : PreCheck DRC enabled: false
2025-10-25 17:21:07 +0200: Memory Usage (455304K) : CONNECTIVITY_RULES enabled: true for table main
2025-10-25 17:21:07 +0200: Memory Usage (455304K) : Read in polygons from layers.
2025-10-25 17:21:07 +0200: Memory Usage (457104K) : activ_drw has 12 polygons
2025-10-25 17:21:07 +0200: Memory Usage (457104K) : activ_pin has 0 polygons
2025-10-25 17:21:07 +0200: Memory Usage (457104K) : activ_mask has 0 polygons
2025-10-25 17:21:07 +0200: Memory Usage (457104K) : activ_filler has 0 polygons
2025-10-25 17:21:07 +0200: Memory Usage (457104K) : activ_nofill has 0 polygons
2025-10-25 17:21:07 +0200: Memory Usage (457104K) : activ_opc has 0 polygons
2025-10-25 17:21:07 +0200: Memory Usage (457104K) : activ_iopc has 0 polygons
2025-10-25 17:21:07 +0200: Memory Usage (457104K) : activ_noqrc has 0 polygons
2025-10-25 17:21:07 +0200: Memory Usage (457104K) : biwind_drw has 0 polygons
2025-10-25 17:21:07 +0200: Memory Usage (457104K) : biwind_opc has 0 polygons
2025-10-25 17:21:07 +0200: Memory Usage (457104K) : pemwind_drw has 0 polygons
2025-10-25 17:21:07 +0200: Memory Usage (457104K) : gatpoly_drw has 8 polygons
2025-10-25 17:21:07 +0200: Memory Usage (457104K) : gatpoly_pin has 2 polygons
2025-10-25 17:21:07 +0200: Memory Usage (457104K) : gatpoly_filler has 0 polygons
2025-10-25 17:21:07 +0200: Memory Usage (457104K) : gatpoly_nofill has 0 polygons
2025-10-25 17:21:07 +0200: Memory Usage (457104K) : gatpoly_opc has 0 polygons
2025-10-25 17:21:07 +0200: Memory Usage (457104K) : gatpoly_iopc has 0 polygons
2025-10-25 17:21:07 +0200: Memory Usage (457104K) : gatpoly_noqrc has 0 polygons
2025-10-25 17:21:07 +0200: Memory Usage (457104K) : cont_drw has 16 polygons
2025-10-25 17:21:07 +0200: Memory Usage (457104K) : cont_opc has 0 polygons
2025-10-25 17:21:07 +0200: Memory Usage (457104K) : nsd_drw has 0 polygons
2025-10-25 17:21:07 +0200: Memory Usage (457104K) : nsd_block has 0 polygons
2025-10-25 17:21:07 +0200: Memory Usage (457104K) : metal1_drw has 14 polygons
2025-10-25 17:21:07 +0200: Memory Usage (457104K) : metal1_pin has 4 polygons
2025-10-25 17:21:07 +0200: Memory Usage (457104K) : metal1_mask has 0 polygons
2025-10-25 17:21:07 +0200: Memory Usage (457104K) : metal1_filler has 0 polygons
2025-10-25 17:21:07 +0200: Memory Usage (457104K) : metal1_nofill has 0 polygons
2025-10-25 17:21:07 +0200: Memory Usage (457104K) : metal1_slit has 0 polygons
2025-10-25 17:21:07 +0200: Memory Usage (457104K) : metal1_text has 0 polygons
2025-10-25 17:21:07 +0200: Memory Usage (457104K) : metal1_opc has 0 polygons
2025-10-25 17:21:07 +0200: Memory Usage (457104K) : metal1_noqrc has 0 polygons
2025-10-25 17:21:07 +0200: Memory Usage (457104K) : metal1_res has 0 polygons
2025-10-25 17:21:07 +0200: Memory Usage (457104K) : metal1_iprobe has 0 polygons
2025-10-25 17:21:07 +0200: Memory Usage (457104K) : metal1_diffprb has 0 polygons
2025-10-25 17:21:07 +0200: Memory Usage (457104K) : passiv_drw has 0 polygons
2025-10-25 17:21:07 +0200: Memory Usage (457104K) : passiv_pin has 0 polygons
2025-10-25 17:21:07 +0200: Memory Usage (457104K) : passiv_sbump has 0 polygons
2025-10-25 17:21:07 +0200: Memory Usage (457104K) : passiv_pillar has 0 polygons
2025-10-25 17:21:07 +0200: Memory Usage (457104K) : passiv_pdl has 0 polygons
2025-10-25 17:21:07 +0200: Memory Usage (457836K) : metal2_drw has 0 polygons
2025-10-25 17:21:07 +0200: Memory Usage (457836K) : metal2_pin has 0 polygons
2025-10-25 17:21:07 +0200: Memory Usage (457836K) : metal2_mask has 0 polygons
2025-10-25 17:21:07 +0200: Memory Usage (457836K) : metal2_filler has 0 polygons
2025-10-25 17:21:07 +0200: Memory Usage (457836K) : metal2_nofill has 0 polygons
2025-10-25 17:21:07 +0200: Memory Usage (457836K) : metal2_slit has 0 polygons
2025-10-25 17:21:07 +0200: Memory Usage (458100K) : metal2_text has 0 polygons
2025-10-25 17:21:07 +0200: Memory Usage (458100K) : metal2_opc has 0 polygons
2025-10-25 17:21:07 +0200: Memory Usage (458100K) : metal2_noqrc has 0 polygons
2025-10-25 17:21:07 +0200: Memory Usage (458100K) : metal2_res has 0 polygons
2025-10-25 17:21:07 +0200: Memory Usage (458100K) : metal2_iprobe has 0 polygons
2025-10-25 17:21:07 +0200: Memory Usage (458364K) : metal2_diffprb has 0 polygons
2025-10-25 17:21:07 +0200: Memory Usage (458364K) : baspoly_drw has 0 polygons
2025-10-25 17:21:07 +0200: Memory Usage (458364K) : baspoly_pin has 0 polygons
2025-10-25 17:21:07 +0200: Memory Usage (458364K) : psd_drw has 2 polygons
2025-10-25 17:21:07 +0200: Memory Usage (458364K) : nldb_drw has 0 polygons
2025-10-25 17:21:07 +0200: Memory Usage (458364K) : digibnd_drw has 0 polygons
2025-10-25 17:21:07 +0200: Memory Usage (458364K) : via1_drw has 0 polygons
2025-10-25 17:21:07 +0200: Memory Usage (458628K) : backmetal1_drw has 0 polygons
2025-10-25 17:21:07 +0200: Memory Usage (458628K) : backmetal1_pin has 0 polygons
2025-10-25 17:21:07 +0200: Memory Usage (458628K) : backmetal1_mask has 0 polygons
2025-10-25 17:21:07 +0200: Memory Usage (458628K) : backmetal1_filler has 0 polygons
2025-10-25 17:21:07 +0200: Memory Usage (458628K) : backmetal1_nofill has 0 polygons
2025-10-25 17:21:07 +0200: Memory Usage (458628K) : backmetal1_slit has 0 polygons
2025-10-25 17:21:07 +0200: Memory Usage (458892K) : backmetal1_text has 0 polygons
2025-10-25 17:21:07 +0200: Memory Usage (458892K) : backmetal1_opc has 0 polygons
2025-10-25 17:21:07 +0200: Memory Usage (458892K) : backmetal1_noqrc has 0 polygons
2025-10-25 17:21:07 +0200: Memory Usage (458892K) : backmetal1_res has 0 polygons
2025-10-25 17:21:07 +0200: Memory Usage (458892K) : backmetal1_iprobe has 0 polygons
2025-10-25 17:21:07 +0200: Memory Usage (458892K) : backmetal1_diffprb has 0 polygons
2025-10-25 17:21:07 +0200: Memory Usage (459156K) : backpassiv_drw has 0 polygons
2025-10-25 17:21:07 +0200: Memory Usage (459156K) : res_drw has 0 polygons
2025-10-25 17:21:07 +0200: Memory Usage (459156K) : sram_drw has 0 polygons
2025-10-25 17:21:07 +0200: Memory Usage (459156K) : trans_drw has 0 polygons
2025-10-25 17:21:07 +0200: Memory Usage (459156K) : ind_drw has 0 polygons
2025-10-25 17:21:07 +0200: Memory Usage (459156K) : ind_pin has 0 polygons
2025-10-25 17:21:07 +0200: Memory Usage (459420K) : ind_text has 0 polygons
2025-10-25 17:21:07 +0200: Memory Usage (459420K) : salblock_drw has 0 polygons
2025-10-25 17:21:07 +0200: Memory Usage (459420K) : via2_drw has 0 polygons
2025-10-25 17:21:07 +0200: Memory Usage (459420K) : metal3_drw has 0 polygons
2025-10-25 17:21:07 +0200: Memory Usage (459420K) : metal3_pin has 0 polygons
2025-10-25 17:21:07 +0200: Memory Usage (459684K) : metal3_mask has 0 polygons
2025-10-25 17:21:07 +0200: Memory Usage (459684K) : metal3_filler has 0 polygons
2025-10-25 17:21:07 +0200: Memory Usage (459684K) : metal3_nofill has 0 polygons
2025-10-25 17:21:07 +0200: Memory Usage (459684K) : metal3_slit has 0 polygons
2025-10-25 17:21:07 +0200: Memory Usage (459684K) : metal3_text has 0 polygons
2025-10-25 17:21:07 +0200: Memory Usage (459684K) : metal3_opc has 0 polygons
2025-10-25 17:21:07 +0200: Memory Usage (459948K) : metal3_noqrc has 0 polygons
2025-10-25 17:21:07 +0200: Memory Usage (459948K) : metal3_res has 0 polygons
2025-10-25 17:21:07 +0200: Memory Usage (459948K) : metal3_iprobe has 0 polygons
2025-10-25 17:21:07 +0200: Memory Usage (459948K) : metal3_diffprb has 0 polygons
2025-10-25 17:21:07 +0200: Memory Usage (459948K) : nwell_drw has 2 polygons
2025-10-25 17:21:07 +0200: Memory Usage (459948K) : nwell_pin has 0 polygons
2025-10-25 17:21:07 +0200: Memory Usage (460212K) : nbulay_drw has 0 polygons
2025-10-25 17:21:07 +0200: Memory Usage (460212K) : nbulay_pin has 0 polygons
2025-10-25 17:21:07 +0200: Memory Usage (460212K) : nbulay_block has 0 polygons
2025-10-25 17:21:07 +0200: Memory Usage (460212K) : emwind_drw has 0 polygons
2025-10-25 17:21:07 +0200: Memory Usage (460212K) : emwind_opc has 0 polygons
2025-10-25 17:21:07 +0200: Memory Usage (460476K) : deepco_drw has 0 polygons
2025-10-25 17:21:07 +0200: Memory Usage (460476K) : deepco_drw has 0 polygons
2025-10-25 17:21:07 +0200: Memory Usage (460476K) : mim_drw has 0 polygons
2025-10-25 17:21:07 +0200: Memory Usage (460476K) : edgeseal_drw has 0 polygons
2025-10-25 17:21:07 +0200: Memory Usage (460476K) : edgeseal_bound has 0 polygons
2025-10-25 17:21:07 +0200: Memory Usage (460476K) : substrate_drw has 2 polygons
2025-10-25 17:21:07 +0200: Memory Usage (460476K) : substrate_text has 0 polygons
2025-10-25 17:21:07 +0200: Memory Usage (460476K) : dfpad_drw has 0 polygons
2025-10-25 17:21:07 +0200: Memory Usage (460476K) : dfpad_pillar has 0 polygons
2025-10-25 17:21:07 +0200: Memory Usage (460476K) : dfpad_sbump has 0 polygons
2025-10-25 17:21:07 +0200: Memory Usage (460476K) : thickgateox_drw has 0 polygons
2025-10-25 17:21:07 +0200: Memory Usage (460476K) : pldb_drw has 0 polygons
2025-10-25 17:21:07 +0200: Memory Usage (460740K) : pwell_drw has 0 polygons
2025-10-25 17:21:08 +0200: Memory Usage (460740K) : pwell_pin has 0 polygons
2025-10-25 17:21:08 +0200: Memory Usage (460740K) : pwell_block has 0 polygons
2025-10-25 17:21:08 +0200: Memory Usage (460740K) : ic_drw has 0 polygons
2025-10-25 17:21:08 +0200: Memory Usage (460740K) : via3_drw has 0 polygons
2025-10-25 17:21:08 +0200: Memory Usage (460740K) : metal4_drw has 0 polygons
2025-10-25 17:21:08 +0200: Memory Usage (461004K) : metal4_pin has 0 polygons
2025-10-25 17:21:08 +0200: Memory Usage (461004K) : metal4_mask has 0 polygons
2025-10-25 17:21:08 +0200: Memory Usage (461004K) : metal4_filler has 0 polygons
2025-10-25 17:21:08 +0200: Memory Usage (461004K) : metal4_nofill has 0 polygons
2025-10-25 17:21:08 +0200: Memory Usage (461004K) : metal4_slit has 0 polygons
2025-10-25 17:21:08 +0200: Memory Usage (461004K) : metal4_text has 0 polygons
2025-10-25 17:21:08 +0200: Memory Usage (461004K) : metal4_opc has 0 polygons
2025-10-25 17:21:08 +0200: Memory Usage (461268K) : metal4_noqrc has 0 polygons
2025-10-25 17:21:08 +0200: Memory Usage (461268K) : metal4_res has 0 polygons
2025-10-25 17:21:08 +0200: Memory Usage (461268K) : metal4_iprobe has 0 polygons
2025-10-25 17:21:08 +0200: Memory Usage (461268K) : metal4_diffprb has 0 polygons
2025-10-25 17:21:08 +0200: Memory Usage (461268K) : heattrans_drw has 4 polygons
2025-10-25 17:21:08 +0200: Memory Usage (461268K) : heatres_drw has 0 polygons
2025-10-25 17:21:08 +0200: Memory Usage (461532K) : pempoly_drw has 0 polygons
2025-10-25 17:21:08 +0200: Memory Usage (461532K) : fbe_drw has 0 polygons
2025-10-25 17:21:08 +0200: Memory Usage (461532K) : empoly_drw has 0 polygons
2025-10-25 17:21:08 +0200: Memory Usage (461532K) : ldmos_drw has 0 polygons
2025-10-25 17:21:08 +0200: Memory Usage (461532K) : pbiwind_drw has 0 polygons
2025-10-25 17:21:08 +0200: Memory Usage (461532K) : digisub_drw has 0 polygons
2025-10-25 17:21:08 +0200: Memory Usage (461796K) : nodrc_drw has 0 polygons
2025-10-25 17:21:08 +0200: Memory Usage (461796K) : text_drw has 4 polygons
2025-10-25 17:21:08 +0200: Memory Usage (461796K) : via4_drw has 0 polygons
2025-10-25 17:21:08 +0200: Memory Usage (461796K) : metal5_drw has 0 polygons
2025-10-25 17:21:08 +0200: Memory Usage (461796K) : metal5_pin has 0 polygons
2025-10-25 17:21:08 +0200: Memory Usage (462168K) : metal5_mask has 0 polygons
2025-10-25 17:21:08 +0200: Memory Usage (462168K) : metal5_filler has 0 polygons
2025-10-25 17:21:08 +0200: Memory Usage (462168K) : metal5_nofill has 0 polygons
2025-10-25 17:21:08 +0200: Memory Usage (462168K) : metal5_slit has 0 polygons
2025-10-25 17:21:08 +0200: Memory Usage (462168K) : metal5_text has 0 polygons
2025-10-25 17:21:08 +0200: Memory Usage (462432K) : metal5_opc has 0 polygons
2025-10-25 17:21:08 +0200: Memory Usage (462432K) : metal5_noqrc has 0 polygons
2025-10-25 17:21:08 +0200: Memory Usage (462432K) : metal5_res has 0 polygons
2025-10-25 17:21:08 +0200: Memory Usage (462432K) : metal5_iprobe has 0 polygons
2025-10-25 17:21:08 +0200: Memory Usage (462432K) : metal5_diffprb has 0 polygons
2025-10-25 17:21:08 +0200: Memory Usage (462432K) : radhard_drw has 0 polygons
2025-10-25 17:21:08 +0200: Memory Usage (462432K) : memcap_drw has 0 polygons
2025-10-25 17:21:08 +0200: Memory Usage (462432K) : varicap_drw has 0 polygons
2025-10-25 17:21:08 +0200: Memory Usage (462696K) : flash_drw has 0 polygons
2025-10-25 17:21:08 +0200: Memory Usage (462696K) : intbondvia_drw has 0 polygons
2025-10-25 17:21:08 +0200: Memory Usage (462696K) : intbondmet_drw has 0 polygons
2025-10-25 17:21:08 +0200: Memory Usage (462696K) : devbondvia_drw has 0 polygons
2025-10-25 17:21:08 +0200: Memory Usage (462696K) : devbondmet_drw has 0 polygons
2025-10-25 17:21:08 +0200: Memory Usage (462696K) : devtrench_drw has 0 polygons
2025-10-25 17:21:08 +0200: Memory Usage (462960K) : redist_drw has 0 polygons
2025-10-25 17:21:08 +0200: Memory Usage (462960K) : graphbot_drw has 0 polygons
2025-10-25 17:21:08 +0200: Memory Usage (462960K) : graphtop_drw has 0 polygons
2025-10-25 17:21:08 +0200: Memory Usage (462960K) : antvia1_drw has 0 polygons
2025-10-25 17:21:08 +0200: Memory Usage (462960K) : antmetal2_drw has 0 polygons
2025-10-25 17:21:08 +0200: Memory Usage (462960K) : graphcont_drw has 0 polygons
2025-10-25 17:21:08 +0200: Memory Usage (462960K) : siwg_drw has 0 polygons
2025-10-25 17:21:08 +0200: Memory Usage (463224K) : siwg_filler has 0 polygons
2025-10-25 17:21:08 +0200: Memory Usage (463224K) : siwg_nofill has 0 polygons
2025-10-25 17:21:08 +0200: Memory Usage (463224K) : sigrating_drw has 0 polygons
2025-10-25 17:21:08 +0200: Memory Usage (463224K) : singrating_drw has 0 polygons
2025-10-25 17:21:08 +0200: Memory Usage (463224K) : graphpas_drw has 0 polygons
2025-10-25 17:21:08 +0200: Memory Usage (463488K) : emwind3_drw has 0 polygons
2025-10-25 17:21:08 +0200: Memory Usage (463488K) : emwihv3_drw has 0 polygons
2025-10-25 17:21:08 +0200: Memory Usage (463488K) : redbulay_drw has 0 polygons
2025-10-25 17:21:08 +0200: Memory Usage (463488K) : smos_drw has 0 polygons
2025-10-25 17:21:08 +0200: Memory Usage (463488K) : graphpad_drw has 0 polygons
2025-10-25 17:21:08 +0200: Memory Usage (463488K) : polimide_drw has 0 polygons
2025-10-25 17:21:08 +0200: Memory Usage (463752K) : polimide_pin has 0 polygons
2025-10-25 17:21:08 +0200: Memory Usage (463752K) : recog_drw has 0 polygons
2025-10-25 17:21:08 +0200: Memory Usage (463752K) : recog_pin has 0 polygons
2025-10-25 17:21:08 +0200: Memory Usage (463752K) : recog_esd has 0 polygons
2025-10-25 17:21:08 +0200: Memory Usage (463752K) : recog_diode has 0 polygons
2025-10-25 17:21:08 +0200: Memory Usage (463752K) : recog_tsv has 0 polygons
2025-10-25 17:21:08 +0200: Memory Usage (464016K) : recog_iprobe has 0 polygons
2025-10-25 17:21:08 +0200: Memory Usage (464016K) : recog_diffprb has 0 polygons
2025-10-25 17:21:08 +0200: Memory Usage (464016K) : recog_pillar has 0 polygons
2025-10-25 17:21:08 +0200: Memory Usage (464016K) : recog_sbump has 0 polygons
2025-10-25 17:21:08 +0200: Memory Usage (464016K) : recog_otp has 0 polygons
2025-10-25 17:21:08 +0200: Memory Usage (464280K) : recog_pdiode has 0 polygons
2025-10-25 17:21:08 +0200: Memory Usage (464308K) : recog_mom has 0 polygons
2025-10-25 17:21:08 +0200: Memory Usage (464308K) : recog_pcm has 0 polygons
2025-10-25 17:21:08 +0200: Memory Usage (464308K) : colopen_drw has 0 polygons
2025-10-25 17:21:08 +0200: Memory Usage (464308K) : graphmetal1_drw has 0 polygons
2025-10-25 17:21:08 +0200: Memory Usage (464568K) : graphmetal1_filler has 0 polygons
2025-10-25 17:21:08 +0200: Memory Usage (464568K) : graphmetal1_nofill has 0 polygons
2025-10-25 17:21:08 +0200: Memory Usage (464568K) : graphmetal1_slit has 0 polygons
2025-10-25 17:21:08 +0200: Memory Usage (464568K) : graphmetal1_opc has 0 polygons
2025-10-25 17:21:08 +0200: Memory Usage (464568K) : graphmet1l_drw has 0 polygons
2025-10-25 17:21:08 +0200: Memory Usage (464568K) : graphmet1l_filler has 0 polygons
2025-10-25 17:21:08 +0200: Memory Usage (464832K) : graphmet1l_nofill has 0 polygons
2025-10-25 17:21:08 +0200: Memory Usage (464832K) : graphmet1l_slit has 0 polygons
2025-10-25 17:21:08 +0200: Memory Usage (464832K) : graphmet1l_opc has 0 polygons
2025-10-25 17:21:08 +0200: Memory Usage (464832K) : extblock_drw has 0 polygons
2025-10-25 17:21:08 +0200: Memory Usage (464832K) : nldd_drw has 0 polygons
2025-10-25 17:21:08 +0200: Memory Usage (465096K) : pldd_drw has 0 polygons
2025-10-25 17:21:08 +0200: Memory Usage (465096K) : next_drw has 0 polygons
2025-10-25 17:21:08 +0200: Memory Usage (465096K) : pext_drw has 0 polygons
2025-10-25 17:21:08 +0200: Memory Usage (465096K) : nexthv_drw has 0 polygons
2025-10-25 17:21:08 +0200: Memory Usage (465096K) : pexthv_drw has 0 polygons
2025-10-25 17:21:08 +0200: Memory Usage (465096K) : graphgate_drw has 0 polygons
2025-10-25 17:21:08 +0200: Memory Usage (465360K) : sinwg_drw has 0 polygons
2025-10-25 17:21:08 +0200: Memory Usage (465360K) : sinwg_filler has 0 polygons
2025-10-25 17:21:08 +0200: Memory Usage (465360K) : sinwg_nofill has 0 polygons
2025-10-25 17:21:08 +0200: Memory Usage (465360K) : mempad_drw has 0 polygons
2025-10-25 17:21:08 +0200: Memory Usage (465360K) : topvia1_drw has 0 polygons
2025-10-25 17:21:08 +0200: Memory Usage (465624K) : topmetal1_drw has 0 polygons
2025-10-25 17:21:08 +0200: Memory Usage (465624K) : topmetal1_pin has 0 polygons
2025-10-25 17:21:08 +0200: Memory Usage (465624K) : topmetal1_mask has 0 polygons
2025-10-25 17:21:08 +0200: Memory Usage (465624K) : topmetal1_filler has 0 polygons
2025-10-25 17:21:08 +0200: Memory Usage (465624K) : topmetal1_nofill has 0 polygons
2025-10-25 17:21:08 +0200: Memory Usage (465624K) : topmetal1_slit has 0 polygons
2025-10-25 17:21:08 +0200: Memory Usage (465888K) : topmetal1_text has 0 polygons
2025-10-25 17:21:08 +0200: Memory Usage (465888K) : topmetal1_noqrc has 0 polygons
2025-10-25 17:21:08 +0200: Memory Usage (465888K) : topmetal1_res has 0 polygons
2025-10-25 17:21:08 +0200: Memory Usage (465888K) : topmetal1_iprobe has 0 polygons
2025-10-25 17:21:08 +0200: Memory Usage (465888K) : topmetal1_diffprb has 0 polygons
2025-10-25 17:21:08 +0200: Memory Usage (465888K) : inldpwl_drw has 0 polygons
2025-10-25 17:21:08 +0200: Memory Usage (466152K) : polyres_drw has 0 polygons
2025-10-25 17:21:08 +0200: Memory Usage (466152K) : polyres_pin has 0 polygons
2025-10-25 17:21:08 +0200: Memory Usage (466152K) : vmim_drw has 0 polygons
2025-10-25 17:21:08 +0200: Memory Usage (466152K) : nbulaycut_drw has 0 polygons
2025-10-25 17:21:08 +0200: Memory Usage (466152K) : antmetal1_drw has 0 polygons
2025-10-25 17:21:08 +0200: Memory Usage (466416K) : topvia2_drw has 0 polygons
2025-10-25 17:21:08 +0200: Memory Usage (466416K) : topmetal2_drw has 0 polygons
2025-10-25 17:21:08 +0200: Memory Usage (466416K) : topmetal2_pin has 0 polygons
2025-10-25 17:21:08 +0200: Memory Usage (466416K) : topmetal2_mask has 0 polygons
2025-10-25 17:21:08 +0200: Memory Usage (466416K) : topmetal2_filler has 0 polygons
2025-10-25 17:21:08 +0200: Memory Usage (466416K) : topmetal2_nofill has 0 polygons
2025-10-25 17:21:08 +0200: Memory Usage (466668K) : topmetal2_slit has 0 polygons
2025-10-25 17:21:08 +0200: Memory Usage (466668K) : topmetal2_text has 0 polygons
2025-10-25 17:21:08 +0200: Memory Usage (466668K) : topmetal2_noqrc has 0 polygons
2025-10-25 17:21:08 +0200: Memory Usage (466668K) : topmetal2_res has 0 polygons
2025-10-25 17:21:08 +0200: Memory Usage (466928K) : topmetal2_iprobe has 0 polygons
2025-10-25 17:21:08 +0200: Memory Usage (466928K) : topmetal2_diffprb has 0 polygons
2025-10-25 17:21:08 +0200: Memory Usage (466928K) : snsring_drw has 0 polygons
2025-10-25 17:21:08 +0200: Memory Usage (466928K) : sensor_drw has 0 polygons
2025-10-25 17:21:08 +0200: Memory Usage (466928K) : snsarms_drw has 0 polygons
2025-10-25 17:21:08 +0200: Memory Usage (467192K) : snscmosvia_drw has 0 polygons
2025-10-25 17:21:08 +0200: Memory Usage (467192K) : colwind_drw has 0 polygons
2025-10-25 17:21:08 +0200: Memory Usage (467192K) : flm_drw has 0 polygons
2025-10-25 17:21:08 +0200: Memory Usage (467192K) : hafniumox_drw has 0 polygons
2025-10-25 17:21:08 +0200: Memory Usage (467192K) : memvia_drw has 0 polygons
2025-10-25 17:21:08 +0200: Memory Usage (467192K) : thinfilmres_drw has 0 polygons
2025-10-25 17:21:08 +0200: Memory Usage (467456K) : rfmem_drw has 0 polygons
2025-10-25 17:21:08 +0200: Memory Usage (467456K) : norcx_drw has 0 polygons
2025-10-25 17:21:08 +0200: Memory Usage (467456K) : norcx_m2m3 has 0 polygons
2025-10-25 17:21:08 +0200: Memory Usage (467592K) : norcx_m2m4 has 0 polygons
2025-10-25 17:21:08 +0200: Memory Usage (467592K) : norcx_m2m5 has 0 polygons
2025-10-25 17:21:08 +0200: Memory Usage (467592K) : norcx_m2tm1 has 0 polygons
2025-10-25 17:21:08 +0200: Memory Usage (467852K) : norcx_m2tm2 has 0 polygons
2025-10-25 17:21:08 +0200: Memory Usage (467852K) : norcx_m3m4 has 0 polygons
2025-10-25 17:21:08 +0200: Memory Usage (467852K) : norcx_m3m5 has 0 polygons
2025-10-25 17:21:08 +0200: Memory Usage (467852K) : norcx_m3tm1 has 0 polygons
2025-10-25 17:21:08 +0200: Memory Usage (467852K) : norcx_m3tm2 has 0 polygons
2025-10-25 17:21:08 +0200: Memory Usage (467852K) : norcx_m4m5 has 0 polygons
2025-10-25 17:21:08 +0200: Memory Usage (468116K) : norcx_m4tm1 has 0 polygons
2025-10-25 17:21:08 +0200: Memory Usage (468116K) : norcx_m4tm2 has 0 polygons
2025-10-25 17:21:08 +0200: Memory Usage (468116K) : norcx_m5tm1 has 0 polygons
2025-10-25 17:21:08 +0200: Memory Usage (468116K) : norcx_m5tm2 has 0 polygons
2025-10-25 17:21:08 +0200: Memory Usage (468116K) : norcx_tm1tm2 has 0 polygons
2025-10-25 17:21:08 +0200: Memory Usage (468116K) : norcx_m1sub has 0 polygons
2025-10-25 17:21:08 +0200: Memory Usage (468380K) : norcx_m2sub has 0 polygons
2025-10-25 17:21:08 +0200: Memory Usage (468380K) : norcx_m3sub has 0 polygons
2025-10-25 17:21:08 +0200: Memory Usage (468380K) : norcx_m4sub has 0 polygons
2025-10-25 17:21:08 +0200: Memory Usage (468516K) : norcx_m5sub has 0 polygons
2025-10-25 17:21:08 +0200: Memory Usage (468516K) : norcx_tm1sub has 0 polygons
2025-10-25 17:21:08 +0200: Memory Usage (468516K) : norcx_tm2sub has 0 polygons
2025-10-25 17:21:08 +0200: Memory Usage (468776K) : snsbotvia_drw has 0 polygons
2025-10-25 17:21:08 +0200: Memory Usage (468776K) : snstopvia_drw has 0 polygons
2025-10-25 17:21:08 +0200: Memory Usage (468776K) : deepvia_drw has 0 polygons
2025-10-25 17:21:08 +0200: Memory Usage (468776K) : fgetch_drw has 0 polygons
2025-10-25 17:21:08 +0200: Memory Usage (468776K) : ctrgat_drw has 0 polygons
2025-10-25 17:21:08 +0200: Memory Usage (468776K) : fgimp_drw has 0 polygons
2025-10-25 17:21:08 +0200: Memory Usage (469040K) : emwihv_drw has 0 polygons
2025-10-25 17:21:08 +0200: Memory Usage (469040K) : lbe_drw has 0 polygons
2025-10-25 17:21:08 +0200: Memory Usage (469040K) : alcustop_drw has 0 polygons
2025-10-25 17:21:08 +0200: Memory Usage (469040K) : nometfiller_drw has 0 polygons
2025-10-25 17:21:08 +0200: Memory Usage (469040K) : prboundary_drw has 0 polygons
2025-10-25 17:21:08 +0200: Memory Usage (469040K) : exchange0_drw has 0 polygons
2025-10-25 17:21:08 +0200: Memory Usage (469304K) : exchange0_pin has 0 polygons
2025-10-25 17:21:08 +0200: Memory Usage (469304K) : exchange0_text has 0 polygons
2025-10-25 17:21:08 +0200: Memory Usage (469504K) : exchange1_drw has 0 polygons
2025-10-25 17:21:08 +0200: Memory Usage (469504K) : exchange1_pin has 0 polygons
2025-10-25 17:21:08 +0200: Memory Usage (469504K) : exchange1_text has 0 polygons
2025-10-25 17:21:08 +0200: Memory Usage (469504K) : exchange2_drw has 0 polygons
2025-10-25 17:21:08 +0200: Memory Usage (469504K) : exchange2_pin has 0 polygons
2025-10-25 17:21:08 +0200: Memory Usage (469764K) : exchange2_text has 0 polygons
2025-10-25 17:21:08 +0200: Memory Usage (469764K) : exchange3_drw has 0 polygons
2025-10-25 17:21:08 +0200: Memory Usage (469764K) : exchange3_pin has 0 polygons
2025-10-25 17:21:08 +0200: Memory Usage (469764K) : exchange3_text has 0 polygons
2025-10-25 17:21:08 +0200: Memory Usage (469764K) : exchange4_drw has 0 polygons
2025-10-25 17:21:08 +0200: Memory Usage (470028K) : exchange4_pin has 0 polygons
2025-10-25 17:21:08 +0200: Memory Usage (470028K) : exchange4_text has 0 polygons
2025-10-25 17:21:08 +0200: Memory Usage (470028K) : isonwell_drw has 0 polygons
2025-10-25 17:21:08 +0200: Memory Usage (470028K) : Total no. of polygons in the design is 70
2025-10-25 17:21:08 +0200: Memory Usage (470152K) : Loaded TECH DRC rules values from /foss/pdks/ihp-sg13g2/libs.tech/klayout/python/sg13g2_pycell_lib/sg13g2_tech_mod.json
2025-10-25 17:21:08 +0200: Memory Usage (470152K) : Loaded default DRC rules values from /foss/pdks/ihp-sg13g2/libs.tech/klayout/tech/drc/rule_decks/sg13g2_tech_default.json
2025-10-25 17:21:08 +0200: Memory Usage (470412K) : Total area of the design is 8.507249999999999 um^2.
2025-10-25 17:21:08 +0200: Memory Usage (470412K) : The design dimensions are 1.71 µm * 4.9750000000000005 µm.
2025-10-25 17:21:08 +0200: Memory Usage (470412K) : Starting general IHP-SG13G2 derivations.
2025-10-25 17:21:08 +0200: Memory Usage (470412K) : Starting Pwell derivations
2025-10-25 17:21:08 +0200: Memory Usage (473388K) : Starting n-Activ derivations
2025-10-25 17:21:08 +0200: Memory Usage (473984K) : Starting p-Activ derivations
2025-10-25 17:21:08 +0200: Memory Usage (473984K) : Starting ptap derivations
2025-10-25 17:21:08 +0200: Memory Usage (474044K) : Starting ntap derivations
2025-10-25 17:21:08 +0200: Memory Usage (474044K) : Starting pact FET derivations
2025-10-25 17:21:08 +0200: Memory Usage (474360K) : Starting nact FET derivations
2025-10-25 17:21:08 +0200: Memory Usage (474360K) : Starting Gate derivations
2025-10-25 17:21:08 +0200: Memory Usage (474364K) : Starting cont/contbar general derivations
2025-10-25 17:21:08 +0200: Memory Usage (474628K) : Starting pad general derivations
2025-10-25 17:21:08 +0200: Memory Usage (474940K) : Starting IHP-SG13G2 DRC connectivity related derivations.
2025-10-25 17:21:08 +0200: Memory Usage (475928K) : Starting IHP-SG13G2 DRC connectivity setup
2025-10-25 17:21:08 +0200: Memory Usage (476300K) : Starting IHP-SG13G2 DRC rules.
2025-10-25 17:21:08 +0200: Memory Usage (476300K) : Running all FEOL rules
2025-10-25 17:21:08 +0200: Memory Usage (476300K) : Running all BEOL rules
2025-10-25 17:21:08 +0200: Memory Usage (476300K) : Starting 3.2. FORBIDDEN table
2025-10-25 17:21:08 +0200: Memory Usage (476300K) : Executing rule forbidden.biwind
2025-10-25 17:21:08 +0200: Memory Usage (476300K) : Executing rule forbidden.pemwind
2025-10-25 17:21:08 +0200: Memory Usage (476300K) : Executing rule forbidden.baspoly
2025-10-25 17:21:08 +0200: Memory Usage (476640K) : Executing rule forbidden.deepco
2025-10-25 17:21:08 +0200: Memory Usage (476640K) : Executing rule forbidden.pempoly
2025-10-25 17:21:08 +0200: Memory Usage (476640K) : Executing rule forbidden.empoly
2025-10-25 17:21:08 +0200: Memory Usage (476640K) : Executing rule forbidden.ldmos
2025-10-25 17:21:08 +0200: Memory Usage (476828K) : Executing rule forbidden.pbiwind
2025-10-25 17:21:08 +0200: Memory Usage (476828K) : Executing rule forbidden.nodrc
2025-10-25 17:21:08 +0200: Memory Usage (476828K) : Executing rule forbidden.flash
2025-10-25 17:21:08 +0200: Memory Usage (476980K) : Executing rule forbidden.colwind
2025-10-25 17:21:08 +0200: Memory Usage (476980K) : Starting 5.1 NWell table
2025-10-25 17:21:08 +0200: Memory Usage (476980K) : Executing rule NW.b
2025-10-25 17:21:08 +0200: Memory Usage (477664K) : Executing rule NW.b1
2025-10-25 17:21:08 +0200: Memory Usage (477664K) : Starting 5.2 PWell:block
2025-10-25 17:21:08 +0200: Memory Usage (477664K) : Executing rule PWB.e
2025-10-25 17:21:08 +0200: Memory Usage (477664K) : Executing rule PWB.e1
2025-10-25 17:21:08 +0200: Memory Usage (477664K) : Executing rule PWB.f
2025-10-25 17:21:08 +0200: Memory Usage (477664K) : Executing rule PWB.f1
2025-10-25 17:21:08 +0200: Memory Usage (477664K) : Starting 5.3 nBuLay table
2025-10-25 17:21:08 +0200: Memory Usage (477664K) : Executing rule NBL.b
2025-10-25 17:21:08 +0200: Memory Usage (477664K) : Executing rule NBL.c
2025-10-25 17:21:08 +0200: Memory Usage (477664K) : Executing rule NBL.d
2025-10-25 17:21:08 +0200: Memory Usage (477664K) : Executing rule NBL.e
2025-10-25 17:21:08 +0200: Memory Usage (477664K) : Executing rule NBL.f
2025-10-25 17:21:08 +0200: Memory Usage (477664K) : Starting 5.5. Activ table
2025-10-25 17:21:08 +0200: Memory Usage (477664K) : Executing rule Act.a
2025-10-25 17:21:08 +0200: Memory Usage (477664K) : Executing rule Act.b
2025-10-25 17:21:08 +0200: Memory Usage (477728K) : Starting 5.6 Activ:filler table
2025-10-25 17:21:08 +0200: Memory Usage (477728K) : Executing rule AFil.c1
2025-10-25 17:21:08 +0200: Memory Usage (477728K) : Executing rule AFil.c
2025-10-25 17:21:08 +0200: Memory Usage (477728K) : Executing rule AFil.d
2025-10-25 17:21:08 +0200: Memory Usage (477728K) : Executing rule AFil.e
2025-10-25 17:21:08 +0200: Memory Usage (477728K) : Executing rule AFil.j
2025-10-25 17:21:08 +0200: Memory Usage (477728K) : Starting 5.7. ThickGateOx table
2025-10-25 17:21:08 +0200: Memory Usage (477728K) : Executing rule TGO.f
2025-10-25 17:21:08 +0200: Memory Usage (477728K) : Starting 5.8. GatPoly table
2025-10-25 17:21:08 +0200: Memory Usage (477728K) : Executing rule Gat.a
2025-10-25 17:21:08 +0200: Memory Usage (477728K) : Executing rule Gat.b
2025-10-25 17:21:08 +0200: Memory Usage (477920K) : Executing rule Gat.d
2025-10-25 17:21:08 +0200: Memory Usage (477924K) : Executing rule Gat.a1
2025-10-25 17:21:08 +0200: Memory Usage (478180K) : Executing rule Gat.a2
2025-10-25 17:21:08 +0200: Memory Usage (478180K) : Executing rule Gat.g
2025-10-25 17:21:08 +0200: Memory Usage (478180K) : Starting 5.9 GatPoly:filler
2025-10-25 17:21:08 +0200: Memory Usage (478180K) : Executing rule GFil.d
2025-10-25 17:21:08 +0200: Memory Usage (478180K) : Executing rule GFil.e
2025-10-25 17:21:08 +0200: Memory Usage (478180K) : Executing rule GFil.i
2025-10-25 17:21:08 +0200: Memory Usage (478180K) : Starting 5.10 pSD table
2025-10-25 17:21:08 +0200: Memory Usage (478180K) : Executing rule pSD.c1
2025-10-25 17:21:08 +0200: Memory Usage (478180K) : Starting 5.14. Cont table
2025-10-25 17:21:08 +0200: Memory Usage (478180K) : Executing rule Cnt.a
2025-10-25 17:21:08 +0200: Memory Usage (478180K) : Executing rule Cnt.b
2025-10-25 17:21:08 +0200: Memory Usage (478180K) : Executing rule Cnt.c
2025-10-25 17:21:08 +0200: Memory Usage (478180K) : Executing rule Cnt.d
2025-10-25 17:21:08 +0200: Memory Usage (478180K) : Executing rule Cnt.e
2025-10-25 17:21:08 +0200: Memory Usage (478180K) : Executing rule Cnt.g1
2025-10-25 17:21:08 +0200: Memory Usage (478184K) : Executing rule Cnt.g2
2025-10-25 17:21:08 +0200: Memory Usage (478184K) : Starting 5.15. ContBar table
2025-10-25 17:21:08 +0200: Memory Usage (478184K) : Executing rule CntB.b1
2025-10-25 17:21:08 +0200: Memory Usage (478184K) : Executing rule CntB.h1
2025-10-25 17:21:08 +0200: Memory Usage (478184K) : Starting 5.16. Metal1 table
2025-10-25 17:21:08 +0200: Memory Usage (478184K) : Executing rule M1.a
2025-10-25 17:21:08 +0200: Memory Usage (478184K) : Executing rule M1.b
2025-10-25 17:21:08 +0200: Memory Usage (478296K) : Executing rule M1.e
2025-10-25 17:21:08 +0200: Memory Usage (478296K) : Executing rule M1.f
2025-10-25 17:21:08 +0200: Memory Usage (478296K) : Executing rule M1.g
2025-10-25 17:21:08 +0200: Memory Usage (478296K) : Executing rule M1.i
2025-10-25 17:21:08 +0200: Memory Usage (478340K) : Starting 5.17 Metaln table
2025-10-25 17:21:08 +0200: Memory Usage (478340K) : Executing rule M2.a
2025-10-25 17:21:08 +0200: Memory Usage (478340K) : Executing rule M2.b
2025-10-25 17:21:08 +0200: Memory Usage (478340K) : Executing rule M2.e
2025-10-25 17:21:08 +0200: Memory Usage (478340K) : Executing rule M2.f
2025-10-25 17:21:08 +0200: Memory Usage (478340K) : Executing rule M2.g
2025-10-25 17:21:08 +0200: Memory Usage (478340K) : Executing rule M2.i
2025-10-25 17:21:08 +0200: Memory Usage (478340K) : Executing rule M3.a
2025-10-25 17:21:08 +0200: Memory Usage (478340K) : Executing rule M3.b
2025-10-25 17:21:08 +0200: Memory Usage (478340K) : Executing rule M3.e
2025-10-25 17:21:08 +0200: Memory Usage (478340K) : Executing rule M3.f
2025-10-25 17:21:08 +0200: Memory Usage (478340K) : Executing rule M3.g
2025-10-25 17:21:08 +0200: Memory Usage (478340K) : Executing rule M3.i
2025-10-25 17:21:08 +0200: Memory Usage (478340K) : Executing rule M4.a
2025-10-25 17:21:08 +0200: Memory Usage (478340K) : Executing rule M4.b
2025-10-25 17:21:08 +0200: Memory Usage (478340K) : Executing rule M4.e
2025-10-25 17:21:08 +0200: Memory Usage (478340K) : Executing rule M4.f
2025-10-25 17:21:08 +0200: Memory Usage (478340K) : Executing rule M4.g
2025-10-25 17:21:08 +0200: Memory Usage (478340K) : Executing rule M4.i
2025-10-25 17:21:08 +0200: Memory Usage (478340K) : Executing rule M5.a
2025-10-25 17:21:08 +0200: Memory Usage (478340K) : Executing rule M5.b
2025-10-25 17:21:08 +0200: Memory Usage (478340K) : Executing rule M5.e
2025-10-25 17:21:08 +0200: Memory Usage (478340K) : Executing rule M5.f
2025-10-25 17:21:08 +0200: Memory Usage (478340K) : Executing rule M5.g
2025-10-25 17:21:08 +0200: Memory Usage (478340K) : Executing rule M5.i
2025-10-25 17:21:08 +0200: Memory Usage (478340K) : Starting 5.18 Metaln:filler table
2025-10-25 17:21:08 +0200: Memory Usage (478340K) : Executing rule M1Fil.c
2025-10-25 17:21:08 +0200: Memory Usage (478340K) : Executing rule M1Fil.a2
2025-10-25 17:21:08 +0200: Memory Usage (478340K) : Executing rule M2Fil.c
2025-10-25 17:21:08 +0200: Memory Usage (478340K) : Executing rule M2Fil.a2
2025-10-25 17:21:08 +0200: Memory Usage (478340K) : Executing rule M3Fil.c
2025-10-25 17:21:08 +0200: Memory Usage (478340K) : Executing rule M3Fil.a2
2025-10-25 17:21:08 +0200: Memory Usage (478340K) : Executing rule M4Fil.c
2025-10-25 17:21:08 +0200: Memory Usage (478340K) : Executing rule M4Fil.a2
2025-10-25 17:21:08 +0200: Memory Usage (478340K) : Executing rule M5Fil.c
2025-10-25 17:21:08 +0200: Memory Usage (478340K) : Executing rule M5Fil.a2
2025-10-25 17:21:08 +0200: Memory Usage (478340K) : Starting 5.19. Via1 table
2025-10-25 17:21:08 +0200: Memory Usage (478340K) : Starting 5.19. Via1 table derivations
2025-10-25 17:21:08 +0200: Memory Usage (478340K) : Executing rule V1.a
2025-10-25 17:21:08 +0200: Memory Usage (478340K) : Executing rule V1.b
2025-10-25 17:21:08 +0200: Memory Usage (478340K) : Executing rule V1.c
2025-10-25 17:21:08 +0200: Memory Usage (478340K) : Starting 5.20. Vian table
2025-10-25 17:21:08 +0200: Memory Usage (478340K) : Executing rule V2.a
2025-10-25 17:21:08 +0200: Memory Usage (478340K) : Executing rule V2.b
2025-10-25 17:21:08 +0200: Memory Usage (478340K) : Executing rule V2.c
2025-10-25 17:21:08 +0200: Memory Usage (478340K) : Executing rule V3.a
2025-10-25 17:21:08 +0200: Memory Usage (478340K) : Executing rule V3.b
2025-10-25 17:21:08 +0200: Memory Usage (478340K) : Executing rule V3.c
2025-10-25 17:21:08 +0200: Memory Usage (478340K) : Executing rule V4.a
2025-10-25 17:21:08 +0200: Memory Usage (478340K) : Executing rule V4.b
2025-10-25 17:21:08 +0200: Memory Usage (478340K) : Executing rule V4.c
2025-10-25 17:21:08 +0200: Memory Usage (478340K) : Starting 5.21. TopVia1 table
2025-10-25 17:21:08 +0200: Memory Usage (478340K) : Executing rule TV1.a
2025-10-25 17:21:08 +0200: Memory Usage (478340K) : Executing rule TV1.b
2025-10-25 17:21:08 +0200: Memory Usage (478340K) : Executing rule TV1.c
2025-10-25 17:21:08 +0200: Memory Usage (478340K) : Executing rule TV1.d
2025-10-25 17:21:08 +0200: Memory Usage (478340K) : Starting 5.22. TopMetal1 table
2025-10-25 17:21:08 +0200: Memory Usage (478340K) : Executing rule TM1.a
2025-10-25 17:21:08 +0200: Memory Usage (478340K) : Executing rule TM1.b
2025-10-25 17:21:08 +0200: Memory Usage (478340K) : Starting 5.23 TopMetal1:filler table
2025-10-25 17:21:08 +0200: Memory Usage (478340K) : Executing rule TM1Fil.c
2025-10-25 17:21:08 +0200: Memory Usage (478340K) : Executing rule TM1Fil.a1
2025-10-25 17:21:08 +0200: Memory Usage (478340K) : Starting 5.24. TopVia2 table
2025-10-25 17:21:08 +0200: Memory Usage (478340K) : Executing rule TV2.a
2025-10-25 17:21:08 +0200: Memory Usage (478340K) : Executing rule TV2.b
2025-10-25 17:21:08 +0200: Memory Usage (478340K) : Executing rule TV2.c
2025-10-25 17:21:08 +0200: Memory Usage (478340K) : Executing rule TV2.d
2025-10-25 17:21:08 +0200: Memory Usage (478340K) : Starting 5.25. TopMetal2 table
2025-10-25 17:21:08 +0200: Memory Usage (478340K) : Executing rule TM2.a
2025-10-25 17:21:08 +0200: Memory Usage (478340K) : Executing rule TM2.b
2025-10-25 17:21:08 +0200: Memory Usage (478340K) : Executing rule TM2.bR
2025-10-25 17:21:08 +0200: Memory Usage (478340K) : Starting 5.26 TopMetal2:filler table
2025-10-25 17:21:08 +0200: Memory Usage (478340K) : Executing rule TM2Fil.c
2025-10-25 17:21:08 +0200: Memory Usage (478340K) : Executing rule TM2Fil.a1
2025-10-25 17:21:08 +0200: Memory Usage (478340K) : Starting 5.27. Passiv table
2025-10-25 17:21:08 +0200: Memory Usage (478340K) : Executing rule Pas.a
2025-10-25 17:21:08 +0200: Memory Usage (478340K) : Executing rule Pas.b
2025-10-25 17:21:08 +0200: Memory Usage (478340K) : Executing rule Pas.c
2025-10-25 17:21:08 +0200: Memory Usage (479224K) : Starting 6.1.3 NPN Substrate-Tie table
2025-10-25 17:21:08 +0200: Memory Usage (479488K) : Executing rule npn13G2.bR 
2025-10-25 17:21:08 +0200: Memory Usage (479752K) : Executing rule npn13G2L.cR 
2025-10-25 17:21:08 +0200: Memory Usage (479752K) : Executing rule npn13G2V.cR 
2025-10-25 17:21:08 +0200: Memory Usage (479940K) : Starting 6.7 Schottky diode table
2025-10-25 17:21:08 +0200: Memory Usage (480200K) : Executing rule Sdiod.d
2025-10-25 17:21:08 +0200: Memory Usage (480200K) : Executing rule Sdiod.e
2025-10-25 17:21:08 +0200: Memory Usage (480200K) : Starting 6.9.1 Solder Bump
2025-10-25 17:21:08 +0200: Memory Usage (480200K) : Executing rule Padb.a
2025-10-25 17:21:08 +0200: Memory Usage (480200K) : Executing rule Padb.b
2025-10-25 17:21:08 +0200: Memory Usage (480200K) : Executing rule Padb.c
2025-10-25 17:21:08 +0200: Memory Usage (480200K) : Executing rule Padb.f
2025-10-25 17:21:08 +0200: Memory Usage (480200K) : Executing rule Padb.d
2025-10-25 17:21:08 +0200: Memory Usage (480464K) : Starting 6.9 Pad table
2025-10-25 17:21:08 +0200: Memory Usage (480464K) : Executing rule Pad.m
2025-10-25 17:21:08 +0200: Memory Usage (480464K) : Executing rule Pad.fR_M1
2025-10-25 17:21:08 +0200: Memory Usage (480464K) : Executing rule Pad.fR_M2
2025-10-25 17:21:08 +0200: Memory Usage (480464K) : Executing rule Pad.fR_M3
2025-10-25 17:21:08 +0200: Memory Usage (480464K) : Executing rule Pad.fR_M4
2025-10-25 17:21:08 +0200: Memory Usage (480464K) : Executing rule Pad.fR_M5
2025-10-25 17:21:08 +0200: Memory Usage (480464K) : Executing rule Pad.fR_TM1
2025-10-25 17:21:08 +0200: Memory Usage (480464K) : Executing rule Pad.fR_TM2
2025-10-25 17:21:08 +0200: Memory Usage (480464K) : Executing rule Pad.i
2025-10-25 17:21:08 +0200: Memory Usage (480464K) : Starting 6.9.2 Copper Pillar table
2025-10-25 17:21:08 +0200: Memory Usage (480464K) : Executing rule Padc.a
2025-10-25 17:21:08 +0200: Memory Usage (480464K) : Executing rule Padc.b
2025-10-25 17:21:08 +0200: Memory Usage (480464K) : Executing rule Padc.c
2025-10-25 17:21:08 +0200: Memory Usage (480464K) : Executing rule Padb.f
2025-10-25 17:21:08 +0200: Memory Usage (480464K) : Starting 6.10 Sealring table
2025-10-25 17:21:08 +0200: Memory Usage (480464K) : Executing rule Seal.l
2025-10-25 17:21:08 +0200: Memory Usage (480464K) : Executing rule Seal.n
2025-10-25 17:21:08 +0200: Memory Usage (480464K) : Executing rule seal.b_metal1
2025-10-25 17:21:08 +0200: Memory Usage (480464K) : Executing rule seal.b_metal2
2025-10-25 17:21:08 +0200: Memory Usage (480464K) : Executing rule seal.b_metal3
2025-10-25 17:21:08 +0200: Memory Usage (480464K) : Executing rule seal.b_metal4
2025-10-25 17:21:08 +0200: Memory Usage (480464K) : Executing rule seal.b_metal5
2025-10-25 17:21:08 +0200: Memory Usage (480464K) : Executing rule seal.b_topmetal1
2025-10-25 17:21:08 +0200: Memory Usage (480464K) : Executing rule seal.b_topmetal2
2025-10-25 17:21:08 +0200: Memory Usage (480464K) : Executing rule seal.b_activ
2025-10-25 17:21:08 +0200: Memory Usage (480464K) : Executing rule seal.b_psd
2025-10-25 17:21:08 +0200: Memory Usage (480464K) : Executing rule Seal.k
2025-10-25 17:21:08 +0200: Memory Usage (480464K) : Executing rule Seal.m
2025-10-25 17:21:08 +0200: Memory Usage (480464K) : Starting 6.11 MIM table
2025-10-25 17:21:08 +0200: Memory Usage (480464K) : Executing rule MIM.c
2025-10-25 17:21:08 +0200: Memory Usage (480464K) : Executing rule MIM.d
2025-10-25 17:21:08 +0200: Memory Usage (480464K) : Executing rule MIM.gR
2025-10-25 17:21:08 +0200: Memory Usage (480464K) : Starting 7.2 Latch-up table
2025-10-25 17:21:08 +0200: Memory Usage (480464K) : Executing rule LU.b
2025-10-25 17:21:08 +0200: Memory Usage (480464K) : Starting 7.3 Metal Slits table
2025-10-25 17:21:08 +0200: Memory Usage (480464K) : Executing rule Slt.e1_M1
2025-10-25 17:21:08 +0200: Memory Usage (480464K) : Executing rule Slt.e1_M2
2025-10-25 17:21:08 +0200: Memory Usage (480464K) : Executing rule Slt.e1_M3
2025-10-25 17:21:08 +0200: Memory Usage (480464K) : Executing rule Slt.e1_M4
2025-10-25 17:21:08 +0200: Memory Usage (480464K) : Executing rule Slt.e1_M5
2025-10-25 17:21:08 +0200: Memory Usage (480464K) : Executing rule Slt.e1_TM1
2025-10-25 17:21:08 +0200: Memory Usage (480464K) : Executing rule Slt.e1_TM2
2025-10-25 17:21:08 +0200: Memory Usage (480464K) : Starting 7.4. PIN table
2025-10-25 17:21:08 +0200: Memory Usage (480464K) : Executing rule Pin.a
2025-10-25 17:21:08 +0200: Memory Usage (480464K) : Executing rule Pin.b
2025-10-25 17:21:08 +0200: Memory Usage (480464K) : Executing rule Pin.e
2025-10-25 17:21:08 +0200: Memory Usage (480464K) : Executing rule Pin.f_M2
2025-10-25 17:21:08 +0200: Memory Usage (480464K) : Executing rule Pin.f_M3
2025-10-25 17:21:08 +0200: Memory Usage (480464K) : Executing rule Pin.f_M4
2025-10-25 17:21:08 +0200: Memory Usage (480464K) : Executing rule Pin.f_M5
2025-10-25 17:21:08 +0200: Memory Usage (480464K) : Executing rule Pin.g
2025-10-25 17:21:08 +0200: Memory Usage (480464K) : Executing rule Pin.h
2025-10-25 17:21:08 +0200: Memory Usage (480464K) : Starting 9.1. LBE table
2025-10-25 17:21:08 +0200: Memory Usage (480464K) : Executing rule LBE.a
2025-10-25 17:21:08 +0200: Memory Usage (480464K) : Executing rule LBE.b
2025-10-25 17:21:08 +0200: Memory Usage (480464K) : Executing rule LBE.b1
2025-10-25 17:21:08 +0200: Memory Usage (480464K) : Executing rule LBE.c
2025-10-25 17:21:08 +0200: Memory Usage (480464K) : Executing rule LBE.d
2025-10-25 17:21:08 +0200: Memory Usage (480464K) : Executing rule LBE.h
2025-10-25 17:21:08 +0200: Memory Usage (480464K) : KLayout DRC run for table 'main' completed in 1.1 seconds
