# Logfile created on 2025-11-26 05:47:18 +0100 by logger.rb/v1.5.3
2025-11-26 05:47:18 +0100: Memory Usage (452980K) : Starting running IHP-SG13G2 Klayout DRC runset on /foss/designs/SAR_ADC_IHP/gds/NOT_gate.gds
2025-11-26 05:47:18 +0100: Memory Usage (452980K) : Ruby Version for klayout: 3.2.3
2025-11-26 05:47:18 +0100: Memory Usage (452980K) : Loading database to memory is complete.
2025-11-26 05:47:18 +0100: Memory Usage (452980K) : IHP-SG13G2 Klayout DRC runset output at: /foss/designs/SAR_ADC_IHP/gds/drc_run_NOR_gate/NOT_gate_NOR_gate_main.lyrdb
2025-11-26 05:47:18 +0100: Memory Usage (452980K) : Evaluate switches.
2025-11-26 05:47:18 +0100: Memory Usage (452980K) : table_name selected  main
2025-11-26 05:47:18 +0100: Memory Usage (452980K) : Klayout will use 1 thread(s)
2025-11-26 05:47:18 +0100: Memory Usage (452980K) : deep mode is enabled for main table.
2025-11-26 05:47:18 +0100: Memory Usage (452980K) : FEOL enabled: true
2025-11-26 05:47:18 +0100: Memory Usage (452980K) : BEOL enabled: true
2025-11-26 05:47:18 +0100: Memory Usage (452980K) : OffGrid enabled: true
2025-11-26 05:47:18 +0100: Memory Usage (452980K) : PreCheck DRC enabled: false
2025-11-26 05:47:18 +0100: Memory Usage (452980K) : CONNECTIVITY_RULES enabled: true for table main
2025-11-26 05:47:18 +0100: Memory Usage (452980K) : Read in polygons from layers.
2025-11-26 05:47:18 +0100: Memory Usage (452980K) : activ_drw has 20 polygons
2025-11-26 05:47:18 +0100: Memory Usage (452980K) : activ_pin has 0 polygons
2025-11-26 05:47:18 +0100: Memory Usage (452980K) : activ_mask has 0 polygons
2025-11-26 05:47:18 +0100: Memory Usage (452980K) : activ_filler has 0 polygons
2025-11-26 05:47:18 +0100: Memory Usage (452980K) : activ_nofill has 0 polygons
2025-11-26 05:47:18 +0100: Memory Usage (452980K) : activ_opc has 0 polygons
2025-11-26 05:47:18 +0100: Memory Usage (452980K) : activ_iopc has 0 polygons
2025-11-26 05:47:18 +0100: Memory Usage (452980K) : activ_noqrc has 0 polygons
2025-11-26 05:47:18 +0100: Memory Usage (452980K) : biwind_drw has 0 polygons
2025-11-26 05:47:18 +0100: Memory Usage (452980K) : biwind_opc has 0 polygons
2025-11-26 05:47:18 +0100: Memory Usage (452980K) : pemwind_drw has 0 polygons
2025-11-26 05:47:18 +0100: Memory Usage (452980K) : gatpoly_drw has 14 polygons
2025-11-26 05:47:18 +0100: Memory Usage (452980K) : gatpoly_pin has 2 polygons
2025-11-26 05:47:18 +0100: Memory Usage (452980K) : gatpoly_filler has 0 polygons
2025-11-26 05:47:18 +0100: Memory Usage (452980K) : gatpoly_nofill has 0 polygons
2025-11-26 05:47:18 +0100: Memory Usage (452980K) : gatpoly_opc has 0 polygons
2025-11-26 05:47:18 +0100: Memory Usage (452980K) : gatpoly_iopc has 0 polygons
2025-11-26 05:47:18 +0100: Memory Usage (452980K) : gatpoly_noqrc has 0 polygons
2025-11-26 05:47:18 +0100: Memory Usage (452980K) : cont_drw has 46 polygons
2025-11-26 05:47:18 +0100: Memory Usage (452980K) : cont_opc has 0 polygons
2025-11-26 05:47:18 +0100: Memory Usage (452980K) : nsd_drw has 0 polygons
2025-11-26 05:47:18 +0100: Memory Usage (452980K) : nsd_block has 0 polygons
2025-11-26 05:47:18 +0100: Memory Usage (452980K) : metal1_drw has 37 polygons
2025-11-26 05:47:18 +0100: Memory Usage (452980K) : metal1_pin has 7 polygons
2025-11-26 05:47:18 +0100: Memory Usage (452980K) : metal1_mask has 0 polygons
2025-11-26 05:47:18 +0100: Memory Usage (452980K) : metal1_filler has 0 polygons
2025-11-26 05:47:18 +0100: Memory Usage (452980K) : metal1_nofill has 0 polygons
2025-11-26 05:47:18 +0100: Memory Usage (452980K) : metal1_slit has 0 polygons
2025-11-26 05:47:18 +0100: Memory Usage (452980K) : metal1_text has 0 polygons
2025-11-26 05:47:18 +0100: Memory Usage (452980K) : metal1_opc has 0 polygons
2025-11-26 05:47:18 +0100: Memory Usage (452980K) : metal1_noqrc has 0 polygons
2025-11-26 05:47:18 +0100: Memory Usage (452980K) : metal1_res has 0 polygons
2025-11-26 05:47:18 +0100: Memory Usage (452980K) : metal1_iprobe has 0 polygons
2025-11-26 05:47:18 +0100: Memory Usage (452980K) : metal1_diffprb has 0 polygons
2025-11-26 05:47:18 +0100: Memory Usage (455924K) : passiv_drw has 0 polygons
2025-11-26 05:47:18 +0100: Memory Usage (455924K) : passiv_pin has 0 polygons
2025-11-26 05:47:18 +0100: Memory Usage (455924K) : passiv_sbump has 0 polygons
2025-11-26 05:47:18 +0100: Memory Usage (455924K) : passiv_pillar has 0 polygons
2025-11-26 05:47:18 +0100: Memory Usage (455924K) : passiv_pdl has 0 polygons
2025-11-26 05:47:18 +0100: Memory Usage (455924K) : metal2_drw has 3 polygons
2025-11-26 05:47:18 +0100: Memory Usage (456188K) : metal2_pin has 0 polygons
2025-11-26 05:47:18 +0100: Memory Usage (456188K) : metal2_mask has 0 polygons
2025-11-26 05:47:18 +0100: Memory Usage (456188K) : metal2_filler has 0 polygons
2025-11-26 05:47:18 +0100: Memory Usage (456188K) : metal2_nofill has 0 polygons
2025-11-26 05:47:18 +0100: Memory Usage (456188K) : metal2_slit has 0 polygons
2025-11-26 05:47:18 +0100: Memory Usage (456188K) : metal2_text has 0 polygons
2025-11-26 05:47:18 +0100: Memory Usage (456452K) : metal2_opc has 0 polygons
2025-11-26 05:47:18 +0100: Memory Usage (456452K) : metal2_noqrc has 0 polygons
2025-11-26 05:47:18 +0100: Memory Usage (456452K) : metal2_res has 0 polygons
2025-11-26 05:47:18 +0100: Memory Usage (456452K) : metal2_iprobe has 0 polygons
2025-11-26 05:47:18 +0100: Memory Usage (456452K) : metal2_diffprb has 0 polygons
2025-11-26 05:47:18 +0100: Memory Usage (456452K) : baspoly_drw has 0 polygons
2025-11-26 05:47:18 +0100: Memory Usage (456716K) : baspoly_pin has 0 polygons
2025-11-26 05:47:18 +0100: Memory Usage (456716K) : psd_drw has 5 polygons
2025-11-26 05:47:18 +0100: Memory Usage (456716K) : nldb_drw has 0 polygons
2025-11-26 05:47:18 +0100: Memory Usage (456716K) : digibnd_drw has 0 polygons
2025-11-26 05:47:18 +0100: Memory Usage (456716K) : via1_drw has 1 polygons
2025-11-26 05:47:18 +0100: Memory Usage (456716K) : backmetal1_drw has 0 polygons
2025-11-26 05:47:18 +0100: Memory Usage (456716K) : backmetal1_pin has 0 polygons
2025-11-26 05:47:18 +0100: Memory Usage (456980K) : backmetal1_mask has 0 polygons
2025-11-26 05:47:18 +0100: Memory Usage (456980K) : backmetal1_filler has 0 polygons
2025-11-26 05:47:18 +0100: Memory Usage (456980K) : backmetal1_nofill has 0 polygons
2025-11-26 05:47:18 +0100: Memory Usage (456980K) : backmetal1_slit has 0 polygons
2025-11-26 05:47:18 +0100: Memory Usage (456980K) : backmetal1_text has 0 polygons
2025-11-26 05:47:18 +0100: Memory Usage (456980K) : backmetal1_opc has 0 polygons
2025-11-26 05:47:18 +0100: Memory Usage (457244K) : backmetal1_noqrc has 0 polygons
2025-11-26 05:47:18 +0100: Memory Usage (457244K) : backmetal1_res has 0 polygons
2025-11-26 05:47:18 +0100: Memory Usage (457244K) : backmetal1_iprobe has 0 polygons
2025-11-26 05:47:18 +0100: Memory Usage (457244K) : backmetal1_diffprb has 0 polygons
2025-11-26 05:47:18 +0100: Memory Usage (457244K) : backpassiv_drw has 0 polygons
2025-11-26 05:47:18 +0100: Memory Usage (457244K) : res_drw has 0 polygons
2025-11-26 05:47:18 +0100: Memory Usage (457508K) : sram_drw has 0 polygons
2025-11-26 05:47:18 +0100: Memory Usage (457508K) : trans_drw has 0 polygons
2025-11-26 05:47:18 +0100: Memory Usage (457508K) : ind_drw has 0 polygons
2025-11-26 05:47:18 +0100: Memory Usage (457508K) : ind_pin has 0 polygons
2025-11-26 05:47:18 +0100: Memory Usage (457508K) : ind_text has 0 polygons
2025-11-26 05:47:18 +0100: Memory Usage (457772K) : salblock_drw has 0 polygons
2025-11-26 05:47:18 +0100: Memory Usage (457772K) : via2_drw has 0 polygons
2025-11-26 05:47:18 +0100: Memory Usage (457772K) : metal3_drw has 0 polygons
2025-11-26 05:47:18 +0100: Memory Usage (457772K) : metal3_pin has 0 polygons
2025-11-26 05:47:18 +0100: Memory Usage (457772K) : metal3_mask has 0 polygons
2025-11-26 05:47:18 +0100: Memory Usage (457772K) : metal3_filler has 0 polygons
2025-11-26 05:47:18 +0100: Memory Usage (458036K) : metal3_nofill has 0 polygons
2025-11-26 05:47:18 +0100: Memory Usage (458036K) : metal3_slit has 0 polygons
2025-11-26 05:47:18 +0100: Memory Usage (458036K) : metal3_text has 0 polygons
2025-11-26 05:47:18 +0100: Memory Usage (458036K) : metal3_opc has 0 polygons
2025-11-26 05:47:18 +0100: Memory Usage (458036K) : metal3_noqrc has 0 polygons
2025-11-26 05:47:18 +0100: Memory Usage (458300K) : metal3_res has 0 polygons
2025-11-26 05:47:18 +0100: Memory Usage (458300K) : metal3_iprobe has 0 polygons
2025-11-26 05:47:18 +0100: Memory Usage (458300K) : metal3_diffprb has 0 polygons
2025-11-26 05:47:18 +0100: Memory Usage (458300K) : nwell_drw has 7 polygons
2025-11-26 05:47:18 +0100: Memory Usage (458300K) : nwell_pin has 1 polygons
2025-11-26 05:47:18 +0100: Memory Usage (458300K) : nbulay_drw has 1 polygons
2025-11-26 05:47:18 +0100: Memory Usage (458564K) : nbulay_pin has 0 polygons
2025-11-26 05:47:18 +0100: Memory Usage (458564K) : nbulay_block has 0 polygons
2025-11-26 05:47:18 +0100: Memory Usage (458564K) : emwind_drw has 0 polygons
2025-11-26 05:47:18 +0100: Memory Usage (458564K) : emwind_opc has 0 polygons
2025-11-26 05:47:18 +0100: Memory Usage (458564K) : deepco_drw has 0 polygons
2025-11-26 05:47:18 +0100: Memory Usage (458564K) : deepco_drw has 0 polygons
2025-11-26 05:47:18 +0100: Memory Usage (458564K) : mim_drw has 0 polygons
2025-11-26 05:47:18 +0100: Memory Usage (458564K) : edgeseal_drw has 0 polygons
2025-11-26 05:47:18 +0100: Memory Usage (458564K) : edgeseal_bound has 0 polygons
2025-11-26 05:47:18 +0100: Memory Usage (458564K) : substrate_drw has 5 polygons
2025-11-26 05:47:18 +0100: Memory Usage (458564K) : substrate_text has 0 polygons
2025-11-26 05:47:18 +0100: Memory Usage (458564K) : dfpad_drw has 0 polygons
2025-11-26 05:47:18 +0100: Memory Usage (458828K) : dfpad_pillar has 0 polygons
2025-11-26 05:47:18 +0100: Memory Usage (458828K) : dfpad_sbump has 0 polygons
2025-11-26 05:47:18 +0100: Memory Usage (458828K) : thickgateox_drw has 0 polygons
2025-11-26 05:47:18 +0100: Memory Usage (458828K) : pldb_drw has 0 polygons
2025-11-26 05:47:18 +0100: Memory Usage (458828K) : pwell_drw has 0 polygons
2025-11-26 05:47:18 +0100: Memory Usage (458828K) : pwell_pin has 0 polygons
2025-11-26 05:47:18 +0100: Memory Usage (459092K) : pwell_block has 0 polygons
2025-11-26 05:47:18 +0100: Memory Usage (459092K) : ic_drw has 0 polygons
2025-11-26 05:47:18 +0100: Memory Usage (459092K) : via3_drw has 0 polygons
2025-11-26 05:47:18 +0100: Memory Usage (459092K) : metal4_drw has 0 polygons
2025-11-26 05:47:18 +0100: Memory Usage (459092K) : metal4_pin has 0 polygons
2025-11-26 05:47:18 +0100: Memory Usage (459092K) : metal4_mask has 0 polygons
2025-11-26 05:47:18 +0100: Memory Usage (459092K) : metal4_filler has 0 polygons
2025-11-26 05:47:18 +0100: Memory Usage (459356K) : metal4_nofill has 0 polygons
2025-11-26 05:47:18 +0100: Memory Usage (459356K) : metal4_slit has 0 polygons
2025-11-26 05:47:18 +0100: Memory Usage (459356K) : metal4_text has 0 polygons
2025-11-26 05:47:18 +0100: Memory Usage (459356K) : metal4_opc has 0 polygons
2025-11-26 05:47:18 +0100: Memory Usage (459356K) : metal4_noqrc has 0 polygons
2025-11-26 05:47:18 +0100: Memory Usage (459356K) : metal4_res has 0 polygons
2025-11-26 05:47:18 +0100: Memory Usage (459620K) : metal4_iprobe has 0 polygons
2025-11-26 05:47:18 +0100: Memory Usage (459620K) : metal4_diffprb has 0 polygons
2025-11-26 05:47:18 +0100: Memory Usage (459620K) : heattrans_drw has 6 polygons
2025-11-26 05:47:18 +0100: Memory Usage (459620K) : heatres_drw has 0 polygons
2025-11-26 05:47:18 +0100: Memory Usage (459620K) : pempoly_drw has 0 polygons
2025-11-26 05:47:18 +0100: Memory Usage (459620K) : fbe_drw has 0 polygons
2025-11-26 05:47:18 +0100: Memory Usage (459884K) : empoly_drw has 0 polygons
2025-11-26 05:47:18 +0100: Memory Usage (459884K) : ldmos_drw has 0 polygons
2025-11-26 05:47:18 +0100: Memory Usage (459884K) : pbiwind_drw has 0 polygons
2025-11-26 05:47:18 +0100: Memory Usage (459884K) : digisub_drw has 0 polygons
2025-11-26 05:47:18 +0100: Memory Usage (459884K) : nodrc_drw has 0 polygons
2025-11-26 05:47:18 +0100: Memory Usage (460148K) : text_drw has 6 polygons
2025-11-26 05:47:18 +0100: Memory Usage (460148K) : via4_drw has 0 polygons
2025-11-26 05:47:18 +0100: Memory Usage (460148K) : metal5_drw has 0 polygons
2025-11-26 05:47:18 +0100: Memory Usage (460148K) : metal5_pin has 0 polygons
2025-11-26 05:47:18 +0100: Memory Usage (460148K) : metal5_mask has 0 polygons
2025-11-26 05:47:18 +0100: Memory Usage (460148K) : metal5_filler has 0 polygons
2025-11-26 05:47:18 +0100: Memory Usage (460532K) : metal5_nofill has 0 polygons
2025-11-26 05:47:18 +0100: Memory Usage (460532K) : metal5_slit has 0 polygons
2025-11-26 05:47:18 +0100: Memory Usage (460532K) : metal5_text has 0 polygons
2025-11-26 05:47:18 +0100: Memory Usage (460532K) : metal5_opc has 0 polygons
2025-11-26 05:47:18 +0100: Memory Usage (460532K) : metal5_noqrc has 0 polygons
2025-11-26 05:47:18 +0100: Memory Usage (460796K) : metal5_res has 0 polygons
2025-11-26 05:47:18 +0100: Memory Usage (460796K) : metal5_iprobe has 0 polygons
2025-11-26 05:47:18 +0100: Memory Usage (460796K) : metal5_diffprb has 0 polygons
2025-11-26 05:47:18 +0100: Memory Usage (460796K) : radhard_drw has 0 polygons
2025-11-26 05:47:18 +0100: Memory Usage (460796K) : memcap_drw has 0 polygons
2025-11-26 05:47:18 +0100: Memory Usage (460796K) : varicap_drw has 0 polygons
2025-11-26 05:47:18 +0100: Memory Usage (460796K) : flash_drw has 0 polygons
2025-11-26 05:47:18 +0100: Memory Usage (460796K) : intbondvia_drw has 0 polygons
2025-11-26 05:47:18 +0100: Memory Usage (461060K) : intbondmet_drw has 0 polygons
2025-11-26 05:47:18 +0100: Memory Usage (461060K) : devbondvia_drw has 0 polygons
2025-11-26 05:47:18 +0100: Memory Usage (461060K) : devbondmet_drw has 0 polygons
2025-11-26 05:47:18 +0100: Memory Usage (461060K) : devtrench_drw has 0 polygons
2025-11-26 05:47:18 +0100: Memory Usage (461060K) : redist_drw has 0 polygons
2025-11-26 05:47:18 +0100: Memory Usage (461060K) : graphbot_drw has 0 polygons
2025-11-26 05:47:18 +0100: Memory Usage (461060K) : graphtop_drw has 0 polygons
2025-11-26 05:47:18 +0100: Memory Usage (461324K) : antvia1_drw has 0 polygons
2025-11-26 05:47:18 +0100: Memory Usage (461324K) : antmetal2_drw has 0 polygons
2025-11-26 05:47:18 +0100: Memory Usage (461324K) : graphcont_drw has 0 polygons
2025-11-26 05:47:18 +0100: Memory Usage (461324K) : siwg_drw has 0 polygons
2025-11-26 05:47:18 +0100: Memory Usage (461324K) : siwg_filler has 0 polygons
2025-11-26 05:47:18 +0100: Memory Usage (461324K) : siwg_nofill has 0 polygons
2025-11-26 05:47:18 +0100: Memory Usage (461588K) : sigrating_drw has 0 polygons
2025-11-26 05:47:18 +0100: Memory Usage (461588K) : singrating_drw has 0 polygons
2025-11-26 05:47:18 +0100: Memory Usage (461588K) : graphpas_drw has 0 polygons
2025-11-26 05:47:18 +0100: Memory Usage (461588K) : emwind3_drw has 0 polygons
2025-11-26 05:47:18 +0100: Memory Usage (461588K) : emwihv3_drw has 0 polygons
2025-11-26 05:47:18 +0100: Memory Usage (461588K) : redbulay_drw has 0 polygons
2025-11-26 05:47:18 +0100: Memory Usage (461852K) : smos_drw has 0 polygons
2025-11-26 05:47:18 +0100: Memory Usage (461852K) : graphpad_drw has 0 polygons
2025-11-26 05:47:18 +0100: Memory Usage (461852K) : polimide_drw has 0 polygons
2025-11-26 05:47:18 +0100: Memory Usage (461852K) : polimide_pin has 0 polygons
2025-11-26 05:47:18 +0100: Memory Usage (461852K) : recog_drw has 0 polygons
2025-11-26 05:47:18 +0100: Memory Usage (462116K) : recog_pin has 0 polygons
2025-11-26 05:47:18 +0100: Memory Usage (462116K) : recog_esd has 0 polygons
2025-11-26 05:47:18 +0100: Memory Usage (462116K) : recog_diode has 0 polygons
2025-11-26 05:47:18 +0100: Memory Usage (462116K) : recog_tsv has 0 polygons
2025-11-26 05:47:18 +0100: Memory Usage (462116K) : recog_iprobe has 0 polygons
2025-11-26 05:47:18 +0100: Memory Usage (462116K) : recog_diffprb has 0 polygons
2025-11-26 05:47:18 +0100: Memory Usage (462380K) : recog_pillar has 0 polygons
2025-11-26 05:47:18 +0100: Memory Usage (462380K) : recog_sbump has 0 polygons
2025-11-26 05:47:18 +0100: Memory Usage (462380K) : recog_otp has 0 polygons
2025-11-26 05:47:18 +0100: Memory Usage (462380K) : recog_pdiode has 0 polygons
2025-11-26 05:47:18 +0100: Memory Usage (462380K) : recog_mom has 0 polygons
2025-11-26 05:47:18 +0100: Memory Usage (462604K) : recog_pcm has 0 polygons
2025-11-26 05:47:18 +0100: Memory Usage (462604K) : colopen_drw has 0 polygons
2025-11-26 05:47:18 +0100: Memory Usage (462604K) : graphmetal1_drw has 0 polygons
2025-11-26 05:47:18 +0100: Memory Usage (462604K) : graphmetal1_filler has 0 polygons
2025-11-26 05:47:18 +0100: Memory Usage (462864K) : graphmetal1_nofill has 0 polygons
2025-11-26 05:47:18 +0100: Memory Usage (462864K) : graphmetal1_slit has 0 polygons
2025-11-26 05:47:18 +0100: Memory Usage (462864K) : graphmetal1_opc has 0 polygons
2025-11-26 05:47:18 +0100: Memory Usage (462864K) : graphmet1l_drw has 0 polygons
2025-11-26 05:47:18 +0100: Memory Usage (462864K) : graphmet1l_filler has 0 polygons
2025-11-26 05:47:18 +0100: Memory Usage (462864K) : graphmet1l_nofill has 0 polygons
2025-11-26 05:47:18 +0100: Memory Usage (463128K) : graphmet1l_slit has 0 polygons
2025-11-26 05:47:18 +0100: Memory Usage (463128K) : graphmet1l_opc has 0 polygons
2025-11-26 05:47:18 +0100: Memory Usage (463128K) : extblock_drw has 0 polygons
2025-11-26 05:47:18 +0100: Memory Usage (463128K) : nldd_drw has 0 polygons
2025-11-26 05:47:18 +0100: Memory Usage (463128K) : pldd_drw has 0 polygons
2025-11-26 05:47:18 +0100: Memory Usage (463128K) : next_drw has 0 polygons
2025-11-26 05:47:18 +0100: Memory Usage (463392K) : pext_drw has 0 polygons
2025-11-26 05:47:18 +0100: Memory Usage (463392K) : nexthv_drw has 0 polygons
2025-11-26 05:47:18 +0100: Memory Usage (463392K) : pexthv_drw has 0 polygons
2025-11-26 05:47:18 +0100: Memory Usage (463392K) : graphgate_drw has 0 polygons
2025-11-26 05:47:18 +0100: Memory Usage (463392K) : sinwg_drw has 0 polygons
2025-11-26 05:47:18 +0100: Memory Usage (463656K) : sinwg_filler has 0 polygons
2025-11-26 05:47:18 +0100: Memory Usage (463656K) : sinwg_nofill has 0 polygons
2025-11-26 05:47:18 +0100: Memory Usage (463656K) : mempad_drw has 0 polygons
2025-11-26 05:47:18 +0100: Memory Usage (463656K) : topvia1_drw has 0 polygons
2025-11-26 05:47:18 +0100: Memory Usage (463656K) : topmetal1_drw has 0 polygons
2025-11-26 05:47:18 +0100: Memory Usage (463656K) : topmetal1_pin has 0 polygons
2025-11-26 05:47:18 +0100: Memory Usage (463920K) : topmetal1_mask has 0 polygons
2025-11-26 05:47:18 +0100: Memory Usage (463920K) : topmetal1_filler has 0 polygons
2025-11-26 05:47:18 +0100: Memory Usage (463920K) : topmetal1_nofill has 0 polygons
2025-11-26 05:47:18 +0100: Memory Usage (463920K) : topmetal1_slit has 0 polygons
2025-11-26 05:47:18 +0100: Memory Usage (463920K) : topmetal1_text has 0 polygons
2025-11-26 05:47:18 +0100: Memory Usage (464184K) : topmetal1_noqrc has 0 polygons
2025-11-26 05:47:18 +0100: Memory Usage (464184K) : topmetal1_res has 0 polygons
2025-11-26 05:47:18 +0100: Memory Usage (464184K) : topmetal1_iprobe has 0 polygons
2025-11-26 05:47:18 +0100: Memory Usage (464184K) : topmetal1_diffprb has 0 polygons
2025-11-26 05:47:18 +0100: Memory Usage (464184K) : inldpwl_drw has 0 polygons
2025-11-26 05:47:18 +0100: Memory Usage (464184K) : polyres_drw has 0 polygons
2025-11-26 05:47:18 +0100: Memory Usage (464448K) : polyres_pin has 0 polygons
2025-11-26 05:47:18 +0100: Memory Usage (464448K) : vmim_drw has 0 polygons
2025-11-26 05:47:18 +0100: Memory Usage (464448K) : nbulaycut_drw has 0 polygons
2025-11-26 05:47:18 +0100: Memory Usage (464448K) : antmetal1_drw has 0 polygons
2025-11-26 05:47:18 +0100: Memory Usage (464448K) : topvia2_drw has 0 polygons
2025-11-26 05:47:18 +0100: Memory Usage (464448K) : topmetal2_drw has 0 polygons
2025-11-26 05:47:18 +0100: Memory Usage (464712K) : topmetal2_pin has 0 polygons
2025-11-26 05:47:18 +0100: Memory Usage (464712K) : topmetal2_mask has 0 polygons
2025-11-26 05:47:18 +0100: Memory Usage (464712K) : topmetal2_filler has 0 polygons
2025-11-26 05:47:18 +0100: Memory Usage (464712K) : topmetal2_nofill has 0 polygons
2025-11-26 05:47:18 +0100: Memory Usage (464888K) : topmetal2_slit has 0 polygons
2025-11-26 05:47:18 +0100: Memory Usage (464888K) : topmetal2_text has 0 polygons
2025-11-26 05:47:18 +0100: Memory Usage (464888K) : topmetal2_noqrc has 0 polygons
2025-11-26 05:47:18 +0100: Memory Usage (464888K) : topmetal2_res has 0 polygons
2025-11-26 05:47:18 +0100: Memory Usage (465148K) : topmetal2_iprobe has 0 polygons
2025-11-26 05:47:18 +0100: Memory Usage (465148K) : topmetal2_diffprb has 0 polygons
2025-11-26 05:47:18 +0100: Memory Usage (465148K) : snsring_drw has 0 polygons
2025-11-26 05:47:18 +0100: Memory Usage (465148K) : sensor_drw has 0 polygons
2025-11-26 05:47:18 +0100: Memory Usage (465148K) : snsarms_drw has 0 polygons
2025-11-26 05:47:18 +0100: Memory Usage (465412K) : snscmosvia_drw has 0 polygons
2025-11-26 05:47:18 +0100: Memory Usage (465412K) : colwind_drw has 0 polygons
2025-11-26 05:47:18 +0100: Memory Usage (465412K) : flm_drw has 0 polygons
2025-11-26 05:47:18 +0100: Memory Usage (465412K) : hafniumox_drw has 0 polygons
2025-11-26 05:47:18 +0100: Memory Usage (465412K) : memvia_drw has 0 polygons
2025-11-26 05:47:18 +0100: Memory Usage (465412K) : thinfilmres_drw has 0 polygons
2025-11-26 05:47:18 +0100: Memory Usage (465676K) : rfmem_drw has 0 polygons
2025-11-26 05:47:18 +0100: Memory Usage (465676K) : norcx_drw has 0 polygons
2025-11-26 05:47:18 +0100: Memory Usage (465676K) : norcx_m2m3 has 0 polygons
2025-11-26 05:47:18 +0100: Memory Usage (465800K) : norcx_m2m4 has 0 polygons
2025-11-26 05:47:18 +0100: Memory Usage (465800K) : norcx_m2m5 has 0 polygons
2025-11-26 05:47:18 +0100: Memory Usage (465800K) : norcx_m2tm1 has 0 polygons
2025-11-26 05:47:18 +0100: Memory Usage (466060K) : norcx_m2tm2 has 0 polygons
2025-11-26 05:47:18 +0100: Memory Usage (466060K) : norcx_m3m4 has 0 polygons
2025-11-26 05:47:18 +0100: Memory Usage (466060K) : norcx_m3m5 has 0 polygons
2025-11-26 05:47:18 +0100: Memory Usage (466060K) : norcx_m3tm1 has 0 polygons
2025-11-26 05:47:18 +0100: Memory Usage (466060K) : norcx_m3tm2 has 0 polygons
2025-11-26 05:47:18 +0100: Memory Usage (466060K) : norcx_m4m5 has 0 polygons
2025-11-26 05:47:18 +0100: Memory Usage (466324K) : norcx_m4tm1 has 0 polygons
2025-11-26 05:47:18 +0100: Memory Usage (466324K) : norcx_m4tm2 has 0 polygons
2025-11-26 05:47:18 +0100: Memory Usage (466324K) : norcx_m5tm1 has 0 polygons
2025-11-26 05:47:18 +0100: Memory Usage (466324K) : norcx_m5tm2 has 0 polygons
2025-11-26 05:47:18 +0100: Memory Usage (466324K) : norcx_tm1tm2 has 0 polygons
2025-11-26 05:47:18 +0100: Memory Usage (466324K) : norcx_m1sub has 0 polygons
2025-11-26 05:47:18 +0100: Memory Usage (466588K) : norcx_m2sub has 0 polygons
2025-11-26 05:47:18 +0100: Memory Usage (466588K) : norcx_m3sub has 0 polygons
2025-11-26 05:47:18 +0100: Memory Usage (466676K) : norcx_m4sub has 0 polygons
2025-11-26 05:47:18 +0100: Memory Usage (466676K) : norcx_m5sub has 0 polygons
2025-11-26 05:47:18 +0100: Memory Usage (466676K) : norcx_tm1sub has 0 polygons
2025-11-26 05:47:18 +0100: Memory Usage (466676K) : norcx_tm2sub has 0 polygons
2025-11-26 05:47:18 +0100: Memory Usage (466936K) : snsbotvia_drw has 0 polygons
2025-11-26 05:47:18 +0100: Memory Usage (466936K) : snstopvia_drw has 0 polygons
2025-11-26 05:47:18 +0100: Memory Usage (466936K) : deepvia_drw has 0 polygons
2025-11-26 05:47:18 +0100: Memory Usage (466936K) : fgetch_drw has 0 polygons
2025-11-26 05:47:18 +0100: Memory Usage (466936K) : ctrgat_drw has 0 polygons
2025-11-26 05:47:18 +0100: Memory Usage (467200K) : fgimp_drw has 0 polygons
2025-11-26 05:47:18 +0100: Memory Usage (467200K) : emwihv_drw has 0 polygons
2025-11-26 05:47:18 +0100: Memory Usage (467200K) : lbe_drw has 0 polygons
2025-11-26 05:47:18 +0100: Memory Usage (467200K) : alcustop_drw has 0 polygons
2025-11-26 05:47:18 +0100: Memory Usage (467200K) : nometfiller_drw has 0 polygons
2025-11-26 05:47:18 +0100: Memory Usage (467200K) : prboundary_drw has 0 polygons
2025-11-26 05:47:18 +0100: Memory Usage (467464K) : exchange0_drw has 0 polygons
2025-11-26 05:47:18 +0100: Memory Usage (467464K) : exchange0_pin has 0 polygons
2025-11-26 05:47:18 +0100: Memory Usage (467464K) : exchange0_text has 0 polygons
2025-11-26 05:47:18 +0100: Memory Usage (467680K) : exchange1_drw has 0 polygons
2025-11-26 05:47:18 +0100: Memory Usage (467680K) : exchange1_pin has 0 polygons
2025-11-26 05:47:18 +0100: Memory Usage (467680K) : exchange1_text has 0 polygons
2025-11-26 05:47:18 +0100: Memory Usage (467680K) : exchange2_drw has 0 polygons
2025-11-26 05:47:18 +0100: Memory Usage (467940K) : exchange2_pin has 0 polygons
2025-11-26 05:47:18 +0100: Memory Usage (467940K) : exchange2_text has 0 polygons
2025-11-26 05:47:18 +0100: Memory Usage (467940K) : exchange3_drw has 0 polygons
2025-11-26 05:47:18 +0100: Memory Usage (467940K) : exchange3_pin has 0 polygons
2025-11-26 05:47:18 +0100: Memory Usage (467940K) : exchange3_text has 0 polygons
2025-11-26 05:47:18 +0100: Memory Usage (467940K) : exchange4_drw has 0 polygons
2025-11-26 05:47:18 +0100: Memory Usage (468204K) : exchange4_pin has 0 polygons
2025-11-26 05:47:18 +0100: Memory Usage (468204K) : exchange4_text has 0 polygons
2025-11-26 05:47:18 +0100: Memory Usage (468204K) : isonwell_drw has 0 polygons
2025-11-26 05:47:18 +0100: Memory Usage (468204K) : Total no. of polygons in the design is 161
2025-11-26 05:47:18 +0100: Memory Usage (468340K) : Loaded TECH DRC rules values from /foss/pdks/ihp-sg13g2/libs.tech/klayout/python/sg13g2_pycell_lib/sg13g2_tech_mod.json
2025-11-26 05:47:18 +0100: Memory Usage (468340K) : Loaded default DRC rules values from /foss/pdks/ihp-sg13g2/libs.tech/klayout/tech/drc/rule_decks/sg13g2_tech_default.json
2025-11-26 05:47:18 +0100: Memory Usage (468604K) : Total area of the design is 56.298899999999996 um^2.
2025-11-26 05:47:18 +0100: Memory Usage (468604K) : The design dimensions are 8.715 µm * 6.460000000000001 µm.
2025-11-26 05:47:18 +0100: Memory Usage (468604K) : Starting general IHP-SG13G2 derivations.
2025-11-26 05:47:18 +0100: Memory Usage (468604K) : Starting Pwell derivations
2025-11-26 05:47:18 +0100: Memory Usage (472140K) : Starting n-Activ derivations
2025-11-26 05:47:18 +0100: Memory Usage (472536K) : Starting p-Activ derivations
2025-11-26 05:47:18 +0100: Memory Usage (472536K) : Starting ptap derivations
2025-11-26 05:47:18 +0100: Memory Usage (472600K) : Starting ntap derivations
2025-11-26 05:47:18 +0100: Memory Usage (472600K) : Starting pact FET derivations
2025-11-26 05:47:18 +0100: Memory Usage (472848K) : Starting nact FET derivations
2025-11-26 05:47:18 +0100: Memory Usage (472848K) : Starting Gate derivations
2025-11-26 05:47:18 +0100: Memory Usage (472852K) : Starting cont/contbar general derivations
2025-11-26 05:47:18 +0100: Memory Usage (473112K) : Starting pad general derivations
2025-11-26 05:47:18 +0100: Memory Usage (473376K) : Starting IHP-SG13G2 DRC connectivity related derivations.
2025-11-26 05:47:18 +0100: Memory Usage (474356K) : Starting IHP-SG13G2 DRC connectivity setup
2025-11-26 05:47:18 +0100: Memory Usage (474736K) : Starting IHP-SG13G2 DRC rules.
2025-11-26 05:47:18 +0100: Memory Usage (474736K) : Running all FEOL rules
2025-11-26 05:47:18 +0100: Memory Usage (474736K) : Running all BEOL rules
2025-11-26 05:47:18 +0100: Memory Usage (474736K) : Starting 3.2. FORBIDDEN table
2025-11-26 05:47:18 +0100: Memory Usage (474736K) : Executing rule forbidden.biwind
2025-11-26 05:47:18 +0100: Memory Usage (474736K) : Executing rule forbidden.pemwind
2025-11-26 05:47:18 +0100: Memory Usage (474736K) : Executing rule forbidden.baspoly
2025-11-26 05:47:18 +0100: Memory Usage (474736K) : Executing rule forbidden.deepco
2025-11-26 05:47:18 +0100: Memory Usage (475120K) : Executing rule forbidden.pempoly
2025-11-26 05:47:18 +0100: Memory Usage (475120K) : Executing rule forbidden.empoly
2025-11-26 05:47:18 +0100: Memory Usage (475120K) : Executing rule forbidden.ldmos
2025-11-26 05:47:18 +0100: Memory Usage (475120K) : Executing rule forbidden.pbiwind
2025-11-26 05:47:18 +0100: Memory Usage (475120K) : Executing rule forbidden.nodrc
2025-11-26 05:47:18 +0100: Memory Usage (475120K) : Executing rule forbidden.flash
2025-11-26 05:47:18 +0100: Memory Usage (475380K) : Executing rule forbidden.colwind
2025-11-26 05:47:18 +0100: Memory Usage (475380K) : Starting 5.1 NWell table
2025-11-26 05:47:18 +0100: Memory Usage (475380K) : Executing rule NW.b
2025-11-26 05:47:18 +0100: Memory Usage (476180K) : Executing rule NW.b1
2025-11-26 05:47:18 +0100: Memory Usage (476180K) : Starting 5.2 PWell:block
2025-11-26 05:47:18 +0100: Memory Usage (476180K) : Executing rule PWB.e
2025-11-26 05:47:18 +0100: Memory Usage (476180K) : Executing rule PWB.e1
2025-11-26 05:47:18 +0100: Memory Usage (476180K) : Executing rule PWB.f
2025-11-26 05:47:18 +0100: Memory Usage (476180K) : Executing rule PWB.f1
2025-11-26 05:47:18 +0100: Memory Usage (476180K) : Starting 5.3 nBuLay table
2025-11-26 05:47:18 +0100: Memory Usage (476184K) : Executing rule NBL.b
2025-11-26 05:47:18 +0100: Memory Usage (476248K) : Executing rule NBL.c
2025-11-26 05:47:18 +0100: Memory Usage (476248K) : Executing rule NBL.d
2025-11-26 05:47:18 +0100: Memory Usage (476248K) : Executing rule NBL.e
2025-11-26 05:47:18 +0100: Memory Usage (476248K) : Executing rule NBL.f
2025-11-26 05:47:18 +0100: Memory Usage (476248K) : Starting 5.5. Activ table
2025-11-26 05:47:18 +0100: Memory Usage (476248K) : Executing rule Act.a
2025-11-26 05:47:18 +0100: Memory Usage (476248K) : Executing rule Act.b
2025-11-26 05:47:18 +0100: Memory Usage (476440K) : Starting 5.6 Activ:filler table
2025-11-26 05:47:18 +0100: Memory Usage (476440K) : Executing rule AFil.c1
2025-11-26 05:47:18 +0100: Memory Usage (476440K) : Executing rule AFil.c
2025-11-26 05:47:18 +0100: Memory Usage (476440K) : Executing rule AFil.d
2025-11-26 05:47:18 +0100: Memory Usage (476440K) : Executing rule AFil.e
2025-11-26 05:47:18 +0100: Memory Usage (476440K) : Executing rule AFil.j
2025-11-26 05:47:18 +0100: Memory Usage (476440K) : Starting 5.7. ThickGateOx table
2025-11-26 05:47:18 +0100: Memory Usage (476440K) : Executing rule TGO.f
2025-11-26 05:47:18 +0100: Memory Usage (476440K) : Starting 5.8. GatPoly table
2025-11-26 05:47:18 +0100: Memory Usage (476440K) : Executing rule Gat.a
2025-11-26 05:47:18 +0100: Memory Usage (476440K) : Executing rule Gat.b
2025-11-26 05:47:18 +0100: Memory Usage (476440K) : Executing rule Gat.d
2025-11-26 05:47:18 +0100: Memory Usage (476440K) : Executing rule Gat.a1
2025-11-26 05:47:18 +0100: Memory Usage (476440K) : Executing rule Gat.a2
2025-11-26 05:47:18 +0100: Memory Usage (476440K) : Executing rule Gat.g
2025-11-26 05:47:18 +0100: Memory Usage (476440K) : Starting 5.9 GatPoly:filler
2025-11-26 05:47:18 +0100: Memory Usage (476440K) : Executing rule GFil.d
2025-11-26 05:47:18 +0100: Memory Usage (476440K) : Executing rule GFil.e
2025-11-26 05:47:18 +0100: Memory Usage (476440K) : Executing rule GFil.i
2025-11-26 05:47:18 +0100: Memory Usage (476440K) : Starting 5.10 pSD table
2025-11-26 05:47:18 +0100: Memory Usage (476440K) : Executing rule pSD.c1
2025-11-26 05:47:18 +0100: Memory Usage (476440K) : Starting 5.14. Cont table
2025-11-26 05:47:18 +0100: Memory Usage (476440K) : Executing rule Cnt.a
2025-11-26 05:47:18 +0100: Memory Usage (476440K) : Executing rule Cnt.b
2025-11-26 05:47:18 +0100: Memory Usage (476440K) : Executing rule Cnt.c
2025-11-26 05:47:18 +0100: Memory Usage (476440K) : Executing rule Cnt.d
2025-11-26 05:47:18 +0100: Memory Usage (476440K) : Executing rule Cnt.e
2025-11-26 05:47:18 +0100: Memory Usage (476440K) : Executing rule Cnt.g1
2025-11-26 05:47:18 +0100: Memory Usage (476440K) : Executing rule Cnt.g2
2025-11-26 05:47:18 +0100: Memory Usage (476440K) : Starting 5.15. ContBar table
2025-11-26 05:47:18 +0100: Memory Usage (476440K) : Executing rule CntB.b1
2025-11-26 05:47:18 +0100: Memory Usage (476440K) : Executing rule CntB.h1
2025-11-26 05:47:18 +0100: Memory Usage (476440K) : Starting 5.16. Metal1 table
2025-11-26 05:47:18 +0100: Memory Usage (476440K) : Executing rule M1.a
2025-11-26 05:47:18 +0100: Memory Usage (476440K) : Executing rule M1.b
2025-11-26 05:47:18 +0100: Memory Usage (476464K) : Executing rule M1.e
2025-11-26 05:47:18 +0100: Memory Usage (476464K) : Executing rule M1.f
2025-11-26 05:47:18 +0100: Memory Usage (476464K) : Executing rule M1.g
2025-11-26 05:47:18 +0100: Memory Usage (476464K) : Executing rule M1.i
2025-11-26 05:47:18 +0100: Memory Usage (476464K) : Starting 5.17 Metaln table
2025-11-26 05:47:18 +0100: Memory Usage (476464K) : Executing rule M2.a
2025-11-26 05:47:18 +0100: Memory Usage (476464K) : Executing rule M2.b
2025-11-26 05:47:18 +0100: Memory Usage (476464K) : Executing rule M2.e
2025-11-26 05:47:18 +0100: Memory Usage (476464K) : Executing rule M2.f
2025-11-26 05:47:18 +0100: Memory Usage (476464K) : Executing rule M2.g
2025-11-26 05:47:18 +0100: Memory Usage (476464K) : Executing rule M2.i
2025-11-26 05:47:18 +0100: Memory Usage (476464K) : Executing rule M3.a
2025-11-26 05:47:18 +0100: Memory Usage (476464K) : Executing rule M3.b
2025-11-26 05:47:18 +0100: Memory Usage (476464K) : Executing rule M3.e
2025-11-26 05:47:18 +0100: Memory Usage (476464K) : Executing rule M3.f
2025-11-26 05:47:18 +0100: Memory Usage (476464K) : Executing rule M3.g
2025-11-26 05:47:18 +0100: Memory Usage (476464K) : Executing rule M3.i
2025-11-26 05:47:18 +0100: Memory Usage (476464K) : Executing rule M4.a
2025-11-26 05:47:18 +0100: Memory Usage (476464K) : Executing rule M4.b
2025-11-26 05:47:18 +0100: Memory Usage (476464K) : Executing rule M4.e
2025-11-26 05:47:18 +0100: Memory Usage (476464K) : Executing rule M4.f
2025-11-26 05:47:18 +0100: Memory Usage (476464K) : Executing rule M4.g
2025-11-26 05:47:18 +0100: Memory Usage (476464K) : Executing rule M4.i
2025-11-26 05:47:18 +0100: Memory Usage (476464K) : Executing rule M5.a
2025-11-26 05:47:18 +0100: Memory Usage (476464K) : Executing rule M5.b
2025-11-26 05:47:18 +0100: Memory Usage (476464K) : Executing rule M5.e
2025-11-26 05:47:18 +0100: Memory Usage (476464K) : Executing rule M5.f
2025-11-26 05:47:18 +0100: Memory Usage (476464K) : Executing rule M5.g
2025-11-26 05:47:18 +0100: Memory Usage (476464K) : Executing rule M5.i
2025-11-26 05:47:18 +0100: Memory Usage (476464K) : Starting 5.18 Metaln:filler table
2025-11-26 05:47:18 +0100: Memory Usage (476464K) : Executing rule M1Fil.c
2025-11-26 05:47:18 +0100: Memory Usage (476464K) : Executing rule M1Fil.a2
2025-11-26 05:47:18 +0100: Memory Usage (476464K) : Executing rule M2Fil.c
2025-11-26 05:47:18 +0100: Memory Usage (476464K) : Executing rule M2Fil.a2
2025-11-26 05:47:18 +0100: Memory Usage (476464K) : Executing rule M3Fil.c
2025-11-26 05:47:18 +0100: Memory Usage (476464K) : Executing rule M3Fil.a2
2025-11-26 05:47:18 +0100: Memory Usage (476464K) : Executing rule M4Fil.c
2025-11-26 05:47:18 +0100: Memory Usage (476464K) : Executing rule M4Fil.a2
2025-11-26 05:47:18 +0100: Memory Usage (476464K) : Executing rule M5Fil.c
2025-11-26 05:47:18 +0100: Memory Usage (476464K) : Executing rule M5Fil.a2
2025-11-26 05:47:18 +0100: Memory Usage (476464K) : Starting 5.19. Via1 table
2025-11-26 05:47:18 +0100: Memory Usage (476464K) : Starting 5.19. Via1 table derivations
2025-11-26 05:47:18 +0100: Memory Usage (476464K) : Executing rule V1.a
2025-11-26 05:47:18 +0100: Memory Usage (476464K) : Executing rule V1.b
2025-11-26 05:47:18 +0100: Memory Usage (476464K) : Executing rule V1.c
2025-11-26 05:47:18 +0100: Memory Usage (476464K) : Starting 5.20. Vian table
2025-11-26 05:47:18 +0100: Memory Usage (476464K) : Executing rule V2.a
2025-11-26 05:47:18 +0100: Memory Usage (476464K) : Executing rule V2.b
2025-11-26 05:47:18 +0100: Memory Usage (476464K) : Executing rule V2.c
2025-11-26 05:47:18 +0100: Memory Usage (476464K) : Executing rule V3.a
2025-11-26 05:47:18 +0100: Memory Usage (476464K) : Executing rule V3.b
2025-11-26 05:47:18 +0100: Memory Usage (476464K) : Executing rule V3.c
2025-11-26 05:47:18 +0100: Memory Usage (476464K) : Executing rule V4.a
2025-11-26 05:47:19 +0100: Memory Usage (476464K) : Executing rule V4.b
2025-11-26 05:47:19 +0100: Memory Usage (476464K) : Executing rule V4.c
2025-11-26 05:47:19 +0100: Memory Usage (476464K) : Starting 5.21. TopVia1 table
2025-11-26 05:47:19 +0100: Memory Usage (476464K) : Executing rule TV1.a
2025-11-26 05:47:19 +0100: Memory Usage (476464K) : Executing rule TV1.b
2025-11-26 05:47:19 +0100: Memory Usage (476464K) : Executing rule TV1.c
2025-11-26 05:47:19 +0100: Memory Usage (476464K) : Executing rule TV1.d
2025-11-26 05:47:19 +0100: Memory Usage (476464K) : Starting 5.22. TopMetal1 table
2025-11-26 05:47:19 +0100: Memory Usage (476464K) : Executing rule TM1.a
2025-11-26 05:47:19 +0100: Memory Usage (476464K) : Executing rule TM1.b
2025-11-26 05:47:19 +0100: Memory Usage (476464K) : Starting 5.23 TopMetal1:filler table
2025-11-26 05:47:19 +0100: Memory Usage (476464K) : Executing rule TM1Fil.c
2025-11-26 05:47:19 +0100: Memory Usage (476464K) : Executing rule TM1Fil.a1
2025-11-26 05:47:19 +0100: Memory Usage (476464K) : Starting 5.24. TopVia2 table
2025-11-26 05:47:19 +0100: Memory Usage (476464K) : Executing rule TV2.a
2025-11-26 05:47:19 +0100: Memory Usage (476464K) : Executing rule TV2.b
2025-11-26 05:47:19 +0100: Memory Usage (476464K) : Executing rule TV2.c
2025-11-26 05:47:19 +0100: Memory Usage (476464K) : Executing rule TV2.d
2025-11-26 05:47:19 +0100: Memory Usage (476464K) : Starting 5.25. TopMetal2 table
2025-11-26 05:47:19 +0100: Memory Usage (476464K) : Executing rule TM2.a
2025-11-26 05:47:19 +0100: Memory Usage (476464K) : Executing rule TM2.b
2025-11-26 05:47:19 +0100: Memory Usage (476464K) : Executing rule TM2.bR
2025-11-26 05:47:19 +0100: Memory Usage (476464K) : Starting 5.26 TopMetal2:filler table
2025-11-26 05:47:19 +0100: Memory Usage (476464K) : Executing rule TM2Fil.c
2025-11-26 05:47:19 +0100: Memory Usage (476464K) : Executing rule TM2Fil.a1
2025-11-26 05:47:19 +0100: Memory Usage (476464K) : Starting 5.27. Passiv table
2025-11-26 05:47:19 +0100: Memory Usage (476464K) : Executing rule Pas.a
2025-11-26 05:47:19 +0100: Memory Usage (476464K) : Executing rule Pas.b
2025-11-26 05:47:19 +0100: Memory Usage (476464K) : Executing rule Pas.c
2025-11-26 05:47:19 +0100: Memory Usage (477168K) : Starting 6.1.3 NPN Substrate-Tie table
2025-11-26 05:47:19 +0100: Memory Usage (477168K) : Executing rule npn13G2.bR 
2025-11-26 05:47:19 +0100: Memory Usage (477432K) : Executing rule npn13G2L.cR 
2025-11-26 05:47:19 +0100: Memory Usage (477696K) : Executing rule npn13G2V.cR 
2025-11-26 05:47:19 +0100: Memory Usage (477740K) : Starting 6.7 Schottky diode table
2025-11-26 05:47:19 +0100: Memory Usage (478000K) : Executing rule Sdiod.d
2025-11-26 05:47:19 +0100: Memory Usage (478000K) : Executing rule Sdiod.e
2025-11-26 05:47:19 +0100: Memory Usage (478000K) : Starting 6.9.1 Solder Bump
2025-11-26 05:47:19 +0100: Memory Usage (478000K) : Executing rule Padb.a
2025-11-26 05:47:19 +0100: Memory Usage (478264K) : Executing rule Padb.b
2025-11-26 05:47:19 +0100: Memory Usage (478264K) : Executing rule Padb.c
2025-11-26 05:47:19 +0100: Memory Usage (478264K) : Executing rule Padb.f
2025-11-26 05:47:19 +0100: Memory Usage (478264K) : Executing rule Padb.d
2025-11-26 05:47:19 +0100: Memory Usage (478264K) : Starting 6.9 Pad table
2025-11-26 05:47:19 +0100: Memory Usage (478264K) : Executing rule Pad.m
2025-11-26 05:47:19 +0100: Memory Usage (478264K) : Executing rule Pad.fR_M1
2025-11-26 05:47:19 +0100: Memory Usage (478264K) : Executing rule Pad.fR_M2
2025-11-26 05:47:19 +0100: Memory Usage (478264K) : Executing rule Pad.fR_M3
2025-11-26 05:47:19 +0100: Memory Usage (478264K) : Executing rule Pad.fR_M4
2025-11-26 05:47:19 +0100: Memory Usage (478264K) : Executing rule Pad.fR_M5
2025-11-26 05:47:19 +0100: Memory Usage (478264K) : Executing rule Pad.fR_TM1
2025-11-26 05:47:19 +0100: Memory Usage (478264K) : Executing rule Pad.fR_TM2
2025-11-26 05:47:19 +0100: Memory Usage (478264K) : Executing rule Pad.i
2025-11-26 05:47:19 +0100: Memory Usage (478264K) : Starting 6.9.2 Copper Pillar table
2025-11-26 05:47:19 +0100: Memory Usage (478264K) : Executing rule Padc.a
2025-11-26 05:47:19 +0100: Memory Usage (478264K) : Executing rule Padc.b
2025-11-26 05:47:19 +0100: Memory Usage (478264K) : Executing rule Padc.c
2025-11-26 05:47:19 +0100: Memory Usage (478264K) : Executing rule Padb.f
2025-11-26 05:47:19 +0100: Memory Usage (478264K) : Starting 6.10 Sealring table
2025-11-26 05:47:19 +0100: Memory Usage (478264K) : Executing rule Seal.l
2025-11-26 05:47:19 +0100: Memory Usage (478264K) : Executing rule Seal.n
2025-11-26 05:47:19 +0100: Memory Usage (478264K) : Executing rule seal.b_metal1
2025-11-26 05:47:19 +0100: Memory Usage (478264K) : Executing rule seal.b_metal2
2025-11-26 05:47:19 +0100: Memory Usage (478264K) : Executing rule seal.b_metal3
2025-11-26 05:47:19 +0100: Memory Usage (478264K) : Executing rule seal.b_metal4
2025-11-26 05:47:19 +0100: Memory Usage (478264K) : Executing rule seal.b_metal5
2025-11-26 05:47:19 +0100: Memory Usage (478264K) : Executing rule seal.b_topmetal1
2025-11-26 05:47:19 +0100: Memory Usage (478264K) : Executing rule seal.b_topmetal2
2025-11-26 05:47:19 +0100: Memory Usage (478264K) : Executing rule seal.b_activ
2025-11-26 05:47:19 +0100: Memory Usage (478264K) : Executing rule seal.b_psd
2025-11-26 05:47:19 +0100: Memory Usage (478264K) : Executing rule Seal.k
2025-11-26 05:47:19 +0100: Memory Usage (478264K) : Executing rule Seal.m
2025-11-26 05:47:19 +0100: Memory Usage (478264K) : Starting 6.11 MIM table
2025-11-26 05:47:19 +0100: Memory Usage (478264K) : Executing rule MIM.c
2025-11-26 05:47:19 +0100: Memory Usage (478264K) : Executing rule MIM.d
2025-11-26 05:47:19 +0100: Memory Usage (478264K) : Executing rule MIM.gR
2025-11-26 05:47:19 +0100: Memory Usage (478264K) : Starting 7.2 Latch-up table
2025-11-26 05:47:19 +0100: Memory Usage (478264K) : Executing rule LU.b
2025-11-26 05:47:19 +0100: Memory Usage (478264K) : Starting 7.3 Metal Slits table
2025-11-26 05:47:19 +0100: Memory Usage (478264K) : Executing rule Slt.e1_M1
2025-11-26 05:47:19 +0100: Memory Usage (478264K) : Executing rule Slt.e1_M2
2025-11-26 05:47:19 +0100: Memory Usage (478264K) : Executing rule Slt.e1_M3
2025-11-26 05:47:19 +0100: Memory Usage (478264K) : Executing rule Slt.e1_M4
2025-11-26 05:47:19 +0100: Memory Usage (478264K) : Executing rule Slt.e1_M5
2025-11-26 05:47:19 +0100: Memory Usage (478264K) : Executing rule Slt.e1_TM1
2025-11-26 05:47:19 +0100: Memory Usage (478264K) : Executing rule Slt.e1_TM2
2025-11-26 05:47:19 +0100: Memory Usage (478264K) : Starting 7.4. PIN table
2025-11-26 05:47:19 +0100: Memory Usage (478264K) : Executing rule Pin.a
2025-11-26 05:47:19 +0100: Memory Usage (478264K) : Executing rule Pin.b
2025-11-26 05:47:19 +0100: Memory Usage (478264K) : Executing rule Pin.e
2025-11-26 05:47:19 +0100: Memory Usage (478264K) : Executing rule Pin.f_M2
2025-11-26 05:47:19 +0100: Memory Usage (478264K) : Executing rule Pin.f_M3
2025-11-26 05:47:19 +0100: Memory Usage (478264K) : Executing rule Pin.f_M4
2025-11-26 05:47:19 +0100: Memory Usage (478264K) : Executing rule Pin.f_M5
2025-11-26 05:47:19 +0100: Memory Usage (478264K) : Executing rule Pin.g
2025-11-26 05:47:19 +0100: Memory Usage (478264K) : Executing rule Pin.h
2025-11-26 05:47:19 +0100: Memory Usage (478264K) : Starting 9.1. LBE table
2025-11-26 05:47:19 +0100: Memory Usage (478264K) : Executing rule LBE.a
2025-11-26 05:47:19 +0100: Memory Usage (478264K) : Executing rule LBE.b
2025-11-26 05:47:19 +0100: Memory Usage (478264K) : Executing rule LBE.b1
2025-11-26 05:47:19 +0100: Memory Usage (478264K) : Executing rule LBE.c
2025-11-26 05:47:19 +0100: Memory Usage (478264K) : Executing rule LBE.d
2025-11-26 05:47:19 +0100: Memory Usage (478264K) : Executing rule LBE.h
2025-11-26 05:47:19 +0100: Memory Usage (478264K) : KLayout DRC run for table 'main' completed in 1.21 seconds
