# Logfile created on 2025-11-28 23:28:27 +0100 by logger.rb/v1.5.3
2025-11-28 23:28:27 +0100: Memory Usage (453916K) : Starting running IHP-SG13G2 Klayout DRC runset on /foss/designs/SAR_ADC_IHP/gds/cdac/unit_cell_cdac.gds
2025-11-28 23:28:27 +0100: Memory Usage (453916K) : Ruby Version for klayout: 3.2.3
2025-11-28 23:28:27 +0100: Memory Usage (453916K) : Loading database to memory is complete.
2025-11-28 23:28:27 +0100: Memory Usage (453916K) : IHP-SG13G2 Klayout DRC runset output at: /foss/designs/SAR_ADC_IHP/gds/drc_run_TOP/unit_cell_cdac_TOP_main.lyrdb
2025-11-28 23:28:27 +0100: Memory Usage (453916K) : Evaluate switches.
2025-11-28 23:28:27 +0100: Memory Usage (453916K) : table_name selected  main
2025-11-28 23:28:27 +0100: Memory Usage (453916K) : Klayout will use 1 thread(s)
2025-11-28 23:28:27 +0100: Memory Usage (453916K) : deep mode is enabled for main table.
2025-11-28 23:28:27 +0100: Memory Usage (453916K) : FEOL enabled: true
2025-11-28 23:28:27 +0100: Memory Usage (453916K) : BEOL enabled: true
2025-11-28 23:28:27 +0100: Memory Usage (453916K) : OffGrid enabled: true
2025-11-28 23:28:27 +0100: Memory Usage (453916K) : PreCheck DRC enabled: false
2025-11-28 23:28:27 +0100: Memory Usage (453916K) : CONNECTIVITY_RULES enabled: true for table main
2025-11-28 23:28:27 +0100: Memory Usage (453916K) : Read in polygons from layers.
2025-11-28 23:28:27 +0100: Memory Usage (456236K) : activ_drw has 27 polygons
2025-11-28 23:28:27 +0100: Memory Usage (456236K) : activ_pin has 0 polygons
2025-11-28 23:28:27 +0100: Memory Usage (456236K) : activ_mask has 0 polygons
2025-11-28 23:28:27 +0100: Memory Usage (456236K) : activ_filler has 0 polygons
2025-11-28 23:28:27 +0100: Memory Usage (456236K) : activ_nofill has 0 polygons
2025-11-28 23:28:27 +0100: Memory Usage (456236K) : activ_opc has 0 polygons
2025-11-28 23:28:27 +0100: Memory Usage (456236K) : activ_iopc has 0 polygons
2025-11-28 23:28:27 +0100: Memory Usage (456236K) : activ_noqrc has 0 polygons
2025-11-28 23:28:27 +0100: Memory Usage (456236K) : biwind_drw has 0 polygons
2025-11-28 23:28:27 +0100: Memory Usage (456236K) : biwind_opc has 0 polygons
2025-11-28 23:28:27 +0100: Memory Usage (456236K) : pemwind_drw has 0 polygons
2025-11-28 23:28:27 +0100: Memory Usage (456236K) : gatpoly_drw has 28 polygons
2025-11-28 23:28:27 +0100: Memory Usage (456236K) : gatpoly_pin has 4 polygons
2025-11-28 23:28:27 +0100: Memory Usage (456236K) : gatpoly_filler has 0 polygons
2025-11-28 23:28:27 +0100: Memory Usage (456236K) : gatpoly_nofill has 0 polygons
2025-11-28 23:28:27 +0100: Memory Usage (456236K) : gatpoly_opc has 0 polygons
2025-11-28 23:28:27 +0100: Memory Usage (456236K) : gatpoly_iopc has 0 polygons
2025-11-28 23:28:27 +0100: Memory Usage (456236K) : gatpoly_noqrc has 0 polygons
2025-11-28 23:28:27 +0100: Memory Usage (456236K) : cont_drw has 80 polygons
2025-11-28 23:28:27 +0100: Memory Usage (456236K) : cont_opc has 0 polygons
2025-11-28 23:28:27 +0100: Memory Usage (456236K) : nsd_drw has 0 polygons
2025-11-28 23:28:27 +0100: Memory Usage (456236K) : nsd_block has 0 polygons
2025-11-28 23:28:27 +0100: Memory Usage (456236K) : metal1_drw has 63 polygons
2025-11-28 23:28:27 +0100: Memory Usage (456236K) : metal1_pin has 13 polygons
2025-11-28 23:28:27 +0100: Memory Usage (456236K) : metal1_mask has 0 polygons
2025-11-28 23:28:27 +0100: Memory Usage (456236K) : metal1_filler has 0 polygons
2025-11-28 23:28:27 +0100: Memory Usage (456236K) : metal1_nofill has 0 polygons
2025-11-28 23:28:27 +0100: Memory Usage (456236K) : metal1_slit has 0 polygons
2025-11-28 23:28:27 +0100: Memory Usage (456236K) : metal1_text has 0 polygons
2025-11-28 23:28:27 +0100: Memory Usage (456236K) : metal1_opc has 0 polygons
2025-11-28 23:28:27 +0100: Memory Usage (456236K) : metal1_noqrc has 0 polygons
2025-11-28 23:28:27 +0100: Memory Usage (456236K) : metal1_res has 0 polygons
2025-11-28 23:28:27 +0100: Memory Usage (456236K) : metal1_iprobe has 0 polygons
2025-11-28 23:28:27 +0100: Memory Usage (456236K) : metal1_diffprb has 0 polygons
2025-11-28 23:28:27 +0100: Memory Usage (456236K) : passiv_drw has 0 polygons
2025-11-28 23:28:27 +0100: Memory Usage (456236K) : passiv_pin has 0 polygons
2025-11-28 23:28:27 +0100: Memory Usage (456236K) : passiv_sbump has 0 polygons
2025-11-28 23:28:27 +0100: Memory Usage (456236K) : passiv_pillar has 0 polygons
2025-11-28 23:28:27 +0100: Memory Usage (457144K) : passiv_pdl has 0 polygons
2025-11-28 23:28:27 +0100: Memory Usage (457144K) : metal2_drw has 11 polygons
2025-11-28 23:28:27 +0100: Memory Usage (457144K) : metal2_pin has 0 polygons
2025-11-28 23:28:27 +0100: Memory Usage (457144K) : metal2_mask has 0 polygons
2025-11-28 23:28:27 +0100: Memory Usage (457144K) : metal2_filler has 0 polygons
2025-11-28 23:28:27 +0100: Memory Usage (457144K) : metal2_nofill has 0 polygons
2025-11-28 23:28:27 +0100: Memory Usage (457144K) : metal2_slit has 0 polygons
2025-11-28 23:28:27 +0100: Memory Usage (457408K) : metal2_text has 0 polygons
2025-11-28 23:28:27 +0100: Memory Usage (457408K) : metal2_opc has 0 polygons
2025-11-28 23:28:27 +0100: Memory Usage (457408K) : metal2_noqrc has 0 polygons
2025-11-28 23:28:27 +0100: Memory Usage (457408K) : metal2_res has 0 polygons
2025-11-28 23:28:27 +0100: Memory Usage (457408K) : metal2_iprobe has 0 polygons
2025-11-28 23:28:27 +0100: Memory Usage (457408K) : metal2_diffprb has 0 polygons
2025-11-28 23:28:27 +0100: Memory Usage (457672K) : baspoly_drw has 0 polygons
2025-11-28 23:28:27 +0100: Memory Usage (457672K) : baspoly_pin has 0 polygons
2025-11-28 23:28:27 +0100: Memory Usage (457672K) : psd_drw has 5 polygons
2025-11-28 23:28:27 +0100: Memory Usage (457672K) : nldb_drw has 0 polygons
2025-11-28 23:28:27 +0100: Memory Usage (457672K) : digibnd_drw has 0 polygons
2025-11-28 23:28:27 +0100: Memory Usage (457672K) : via1_drw has 16 polygons
2025-11-28 23:28:27 +0100: Memory Usage (457936K) : backmetal1_drw has 0 polygons
2025-11-28 23:28:27 +0100: Memory Usage (457936K) : backmetal1_pin has 0 polygons
2025-11-28 23:28:27 +0100: Memory Usage (457936K) : backmetal1_mask has 0 polygons
2025-11-28 23:28:27 +0100: Memory Usage (457936K) : backmetal1_filler has 0 polygons
2025-11-28 23:28:27 +0100: Memory Usage (457936K) : backmetal1_nofill has 0 polygons
2025-11-28 23:28:27 +0100: Memory Usage (457936K) : backmetal1_slit has 0 polygons
2025-11-28 23:28:27 +0100: Memory Usage (458200K) : backmetal1_text has 0 polygons
2025-11-28 23:28:27 +0100: Memory Usage (458200K) : backmetal1_opc has 0 polygons
2025-11-28 23:28:27 +0100: Memory Usage (458200K) : backmetal1_noqrc has 0 polygons
2025-11-28 23:28:27 +0100: Memory Usage (458200K) : backmetal1_res has 0 polygons
2025-11-28 23:28:27 +0100: Memory Usage (458200K) : backmetal1_iprobe has 0 polygons
2025-11-28 23:28:27 +0100: Memory Usage (458200K) : backmetal1_diffprb has 0 polygons
2025-11-28 23:28:27 +0100: Memory Usage (458464K) : backpassiv_drw has 0 polygons
2025-11-28 23:28:27 +0100: Memory Usage (458464K) : res_drw has 0 polygons
2025-11-28 23:28:27 +0100: Memory Usage (458464K) : sram_drw has 0 polygons
2025-11-28 23:28:27 +0100: Memory Usage (458464K) : trans_drw has 0 polygons
2025-11-28 23:28:27 +0100: Memory Usage (458464K) : ind_drw has 0 polygons
2025-11-28 23:28:27 +0100: Memory Usage (458464K) : ind_pin has 0 polygons
2025-11-28 23:28:27 +0100: Memory Usage (458728K) : ind_text has 0 polygons
2025-11-28 23:28:27 +0100: Memory Usage (458728K) : salblock_drw has 0 polygons
2025-11-28 23:28:27 +0100: Memory Usage (458728K) : via2_drw has 4 polygons
2025-11-28 23:28:27 +0100: Memory Usage (458728K) : metal3_drw has 1 polygons
2025-11-28 23:28:27 +0100: Memory Usage (458728K) : metal3_pin has 0 polygons
2025-11-28 23:28:27 +0100: Memory Usage (458728K) : metal3_mask has 0 polygons
2025-11-28 23:28:27 +0100: Memory Usage (458992K) : metal3_filler has 0 polygons
2025-11-28 23:28:27 +0100: Memory Usage (458992K) : metal3_nofill has 0 polygons
2025-11-28 23:28:27 +0100: Memory Usage (458992K) : metal3_slit has 0 polygons
2025-11-28 23:28:27 +0100: Memory Usage (458992K) : metal3_text has 0 polygons
2025-11-28 23:28:27 +0100: Memory Usage (458992K) : metal3_opc has 0 polygons
2025-11-28 23:28:27 +0100: Memory Usage (459256K) : metal3_noqrc has 0 polygons
2025-11-28 23:28:27 +0100: Memory Usage (459256K) : metal3_res has 0 polygons
2025-11-28 23:28:27 +0100: Memory Usage (459256K) : metal3_iprobe has 0 polygons
2025-11-28 23:28:27 +0100: Memory Usage (459256K) : metal3_diffprb has 0 polygons
2025-11-28 23:28:27 +0100: Memory Usage (459256K) : nwell_drw has 9 polygons
2025-11-28 23:28:27 +0100: Memory Usage (459256K) : nwell_pin has 2 polygons
2025-11-28 23:28:27 +0100: Memory Usage (459520K) : nbulay_drw has 2 polygons
2025-11-28 23:28:27 +0100: Memory Usage (459520K) : nbulay_pin has 0 polygons
2025-11-28 23:28:27 +0100: Memory Usage (459520K) : nbulay_block has 0 polygons
2025-11-28 23:28:27 +0100: Memory Usage (459520K) : emwind_drw has 0 polygons
2025-11-28 23:28:27 +0100: Memory Usage (459520K) : emwind_opc has 0 polygons
2025-11-28 23:28:27 +0100: Memory Usage (459520K) : deepco_drw has 0 polygons
2025-11-28 23:28:27 +0100: Memory Usage (459520K) : deepco_drw has 0 polygons
2025-11-28 23:28:27 +0100: Memory Usage (459520K) : mim_drw has 1 polygons
2025-11-28 23:28:27 +0100: Memory Usage (459520K) : edgeseal_drw has 0 polygons
2025-11-28 23:28:27 +0100: Memory Usage (459520K) : edgeseal_bound has 0 polygons
2025-11-28 23:28:27 +0100: Memory Usage (459520K) : substrate_drw has 5 polygons
2025-11-28 23:28:27 +0100: Memory Usage (459784K) : substrate_text has 0 polygons
2025-11-28 23:28:27 +0100: Memory Usage (459784K) : dfpad_drw has 0 polygons
2025-11-28 23:28:27 +0100: Memory Usage (459784K) : dfpad_pillar has 0 polygons
2025-11-28 23:28:27 +0100: Memory Usage (459784K) : dfpad_sbump has 0 polygons
2025-11-28 23:28:27 +0100: Memory Usage (459784K) : thickgateox_drw has 0 polygons
2025-11-28 23:28:27 +0100: Memory Usage (459784K) : pldb_drw has 0 polygons
2025-11-28 23:28:27 +0100: Memory Usage (459784K) : pwell_drw has 0 polygons
2025-11-28 23:28:27 +0100: Memory Usage (460048K) : pwell_pin has 0 polygons
2025-11-28 23:28:27 +0100: Memory Usage (460048K) : pwell_block has 0 polygons
2025-11-28 23:28:27 +0100: Memory Usage (460048K) : ic_drw has 0 polygons
2025-11-28 23:28:27 +0100: Memory Usage (460048K) : via3_drw has 4 polygons
2025-11-28 23:28:27 +0100: Memory Usage (460048K) : metal4_drw has 1 polygons
2025-11-28 23:28:27 +0100: Memory Usage (460048K) : metal4_pin has 0 polygons
2025-11-28 23:28:27 +0100: Memory Usage (460312K) : metal4_mask has 0 polygons
2025-11-28 23:28:27 +0100: Memory Usage (460312K) : metal4_filler has 0 polygons
2025-11-28 23:28:27 +0100: Memory Usage (460312K) : metal4_nofill has 0 polygons
2025-11-28 23:28:27 +0100: Memory Usage (460312K) : metal4_slit has 0 polygons
2025-11-28 23:28:27 +0100: Memory Usage (460312K) : metal4_text has 0 polygons
2025-11-28 23:28:27 +0100: Memory Usage (460312K) : metal4_opc has 0 polygons
2025-11-28 23:28:27 +0100: Memory Usage (460312K) : metal4_noqrc has 0 polygons
2025-11-28 23:28:27 +0100: Memory Usage (460576K) : metal4_res has 0 polygons
2025-11-28 23:28:27 +0100: Memory Usage (460576K) : metal4_iprobe has 0 polygons
2025-11-28 23:28:27 +0100: Memory Usage (460576K) : metal4_diffprb has 0 polygons
2025-11-28 23:28:27 +0100: Memory Usage (460576K) : heattrans_drw has 8 polygons
2025-11-28 23:28:27 +0100: Memory Usage (460576K) : heatres_drw has 0 polygons
2025-11-28 23:28:27 +0100: Memory Usage (460576K) : pempoly_drw has 0 polygons
2025-11-28 23:28:27 +0100: Memory Usage (460840K) : fbe_drw has 0 polygons
2025-11-28 23:28:27 +0100: Memory Usage (460840K) : empoly_drw has 0 polygons
2025-11-28 23:28:27 +0100: Memory Usage (460840K) : ldmos_drw has 0 polygons
2025-11-28 23:28:27 +0100: Memory Usage (460840K) : pbiwind_drw has 0 polygons
2025-11-28 23:28:27 +0100: Memory Usage (460840K) : digisub_drw has 0 polygons
2025-11-28 23:28:27 +0100: Memory Usage (461104K) : nodrc_drw has 0 polygons
2025-11-28 23:28:27 +0100: Memory Usage (461104K) : text_drw has 8 polygons
2025-11-28 23:28:27 +0100: Memory Usage (461104K) : via4_drw has 0 polygons
2025-11-28 23:28:27 +0100: Memory Usage (461104K) : metal5_drw has 1 polygons
2025-11-28 23:28:27 +0100: Memory Usage (461104K) : metal5_pin has 0 polygons
2025-11-28 23:28:27 +0100: Memory Usage (461104K) : metal5_mask has 0 polygons
2025-11-28 23:28:27 +0100: Memory Usage (461428K) : metal5_filler has 0 polygons
2025-11-28 23:28:27 +0100: Memory Usage (461428K) : metal5_nofill has 0 polygons
2025-11-28 23:28:27 +0100: Memory Usage (461428K) : metal5_slit has 0 polygons
2025-11-28 23:28:27 +0100: Memory Usage (461428K) : metal5_text has 0 polygons
2025-11-28 23:28:27 +0100: Memory Usage (461428K) : metal5_opc has 0 polygons
2025-11-28 23:28:27 +0100: Memory Usage (461692K) : metal5_noqrc has 0 polygons
2025-11-28 23:28:27 +0100: Memory Usage (461692K) : metal5_res has 0 polygons
2025-11-28 23:28:27 +0100: Memory Usage (461692K) : metal5_iprobe has 0 polygons
2025-11-28 23:28:27 +0100: Memory Usage (461692K) : metal5_diffprb has 0 polygons
2025-11-28 23:28:27 +0100: Memory Usage (461692K) : radhard_drw has 0 polygons
2025-11-28 23:28:27 +0100: Memory Usage (461692K) : memcap_drw has 0 polygons
2025-11-28 23:28:27 +0100: Memory Usage (461692K) : varicap_drw has 0 polygons
2025-11-28 23:28:27 +0100: Memory Usage (461692K) : flash_drw has 0 polygons
2025-11-28 23:28:27 +0100: Memory Usage (461956K) : intbondvia_drw has 0 polygons
2025-11-28 23:28:27 +0100: Memory Usage (461956K) : intbondmet_drw has 0 polygons
2025-11-28 23:28:27 +0100: Memory Usage (461956K) : devbondvia_drw has 0 polygons
2025-11-28 23:28:27 +0100: Memory Usage (461956K) : devbondmet_drw has 0 polygons
2025-11-28 23:28:27 +0100: Memory Usage (461956K) : devtrench_drw has 0 polygons
2025-11-28 23:28:27 +0100: Memory Usage (461956K) : redist_drw has 0 polygons
2025-11-28 23:28:27 +0100: Memory Usage (461956K) : graphbot_drw has 0 polygons
2025-11-28 23:28:27 +0100: Memory Usage (462220K) : graphtop_drw has 0 polygons
2025-11-28 23:28:27 +0100: Memory Usage (462220K) : antvia1_drw has 0 polygons
2025-11-28 23:28:27 +0100: Memory Usage (462220K) : antmetal2_drw has 0 polygons
2025-11-28 23:28:27 +0100: Memory Usage (462220K) : graphcont_drw has 0 polygons
2025-11-28 23:28:27 +0100: Memory Usage (462220K) : siwg_drw has 0 polygons
2025-11-28 23:28:27 +0100: Memory Usage (462220K) : siwg_filler has 0 polygons
2025-11-28 23:28:27 +0100: Memory Usage (462484K) : siwg_nofill has 0 polygons
2025-11-28 23:28:27 +0100: Memory Usage (462484K) : sigrating_drw has 0 polygons
2025-11-28 23:28:27 +0100: Memory Usage (462484K) : singrating_drw has 0 polygons
2025-11-28 23:28:27 +0100: Memory Usage (462484K) : graphpas_drw has 0 polygons
2025-11-28 23:28:27 +0100: Memory Usage (462484K) : emwind3_drw has 0 polygons
2025-11-28 23:28:27 +0100: Memory Usage (462484K) : emwihv3_drw has 0 polygons
2025-11-28 23:28:27 +0100: Memory Usage (462748K) : redbulay_drw has 0 polygons
2025-11-28 23:28:27 +0100: Memory Usage (462748K) : smos_drw has 0 polygons
2025-11-28 23:28:27 +0100: Memory Usage (462748K) : graphpad_drw has 0 polygons
2025-11-28 23:28:27 +0100: Memory Usage (462748K) : polimide_drw has 0 polygons
2025-11-28 23:28:27 +0100: Memory Usage (462748K) : polimide_pin has 0 polygons
2025-11-28 23:28:27 +0100: Memory Usage (463012K) : recog_drw has 0 polygons
2025-11-28 23:28:27 +0100: Memory Usage (463012K) : recog_pin has 0 polygons
2025-11-28 23:28:27 +0100: Memory Usage (463012K) : recog_esd has 0 polygons
2025-11-28 23:28:27 +0100: Memory Usage (463012K) : recog_diode has 0 polygons
2025-11-28 23:28:27 +0100: Memory Usage (463012K) : recog_tsv has 0 polygons
2025-11-28 23:28:27 +0100: Memory Usage (463012K) : recog_iprobe has 0 polygons
2025-11-28 23:28:27 +0100: Memory Usage (463276K) : recog_diffprb has 0 polygons
2025-11-28 23:28:27 +0100: Memory Usage (463276K) : recog_pillar has 0 polygons
2025-11-28 23:28:27 +0100: Memory Usage (463276K) : recog_sbump has 0 polygons
2025-11-28 23:28:27 +0100: Memory Usage (463276K) : recog_otp has 0 polygons
2025-11-28 23:28:27 +0100: Memory Usage (463276K) : recog_pdiode has 0 polygons
2025-11-28 23:28:27 +0100: Memory Usage (463484K) : recog_mom has 0 polygons
2025-11-28 23:28:27 +0100: Memory Usage (463484K) : recog_pcm has 0 polygons
2025-11-28 23:28:27 +0100: Memory Usage (463484K) : colopen_drw has 0 polygons
2025-11-28 23:28:27 +0100: Memory Usage (463484K) : graphmetal1_drw has 0 polygons
2025-11-28 23:28:27 +0100: Memory Usage (463744K) : graphmetal1_filler has 0 polygons
2025-11-28 23:28:27 +0100: Memory Usage (463744K) : graphmetal1_nofill has 0 polygons
2025-11-28 23:28:27 +0100: Memory Usage (463744K) : graphmetal1_slit has 0 polygons
2025-11-28 23:28:27 +0100: Memory Usage (463744K) : graphmetal1_opc has 0 polygons
2025-11-28 23:28:27 +0100: Memory Usage (463744K) : graphmet1l_drw has 0 polygons
2025-11-28 23:28:27 +0100: Memory Usage (464008K) : graphmet1l_filler has 0 polygons
2025-11-28 23:28:27 +0100: Memory Usage (464008K) : graphmet1l_nofill has 0 polygons
2025-11-28 23:28:27 +0100: Memory Usage (464008K) : graphmet1l_slit has 0 polygons
2025-11-28 23:28:27 +0100: Memory Usage (464008K) : graphmet1l_opc has 0 polygons
2025-11-28 23:28:27 +0100: Memory Usage (464008K) : extblock_drw has 0 polygons
2025-11-28 23:28:27 +0100: Memory Usage (464008K) : nldd_drw has 0 polygons
2025-11-28 23:28:27 +0100: Memory Usage (464272K) : pldd_drw has 0 polygons
2025-11-28 23:28:27 +0100: Memory Usage (464272K) : next_drw has 0 polygons
2025-11-28 23:28:27 +0100: Memory Usage (464272K) : pext_drw has 0 polygons
2025-11-28 23:28:27 +0100: Memory Usage (464272K) : nexthv_drw has 0 polygons
2025-11-28 23:28:27 +0100: Memory Usage (464272K) : pexthv_drw has 0 polygons
2025-11-28 23:28:27 +0100: Memory Usage (464272K) : graphgate_drw has 0 polygons
2025-11-28 23:28:27 +0100: Memory Usage (464536K) : sinwg_drw has 0 polygons
2025-11-28 23:28:27 +0100: Memory Usage (464536K) : sinwg_filler has 0 polygons
2025-11-28 23:28:27 +0100: Memory Usage (464536K) : sinwg_nofill has 0 polygons
2025-11-28 23:28:27 +0100: Memory Usage (464536K) : mempad_drw has 0 polygons
2025-11-28 23:28:27 +0100: Memory Usage (464536K) : topvia1_drw has 0 polygons
2025-11-28 23:28:27 +0100: Memory Usage (464800K) : topmetal1_drw has 1 polygons
2025-11-28 23:28:27 +0100: Memory Usage (464800K) : topmetal1_pin has 0 polygons
2025-11-28 23:28:27 +0100: Memory Usage (464800K) : topmetal1_mask has 0 polygons
2025-11-28 23:28:27 +0100: Memory Usage (464800K) : topmetal1_filler has 0 polygons
2025-11-28 23:28:27 +0100: Memory Usage (464800K) : topmetal1_nofill has 0 polygons
2025-11-28 23:28:27 +0100: Memory Usage (464800K) : topmetal1_slit has 0 polygons
2025-11-28 23:28:27 +0100: Memory Usage (465064K) : topmetal1_text has 0 polygons
2025-11-28 23:28:27 +0100: Memory Usage (465064K) : topmetal1_noqrc has 0 polygons
2025-11-28 23:28:27 +0100: Memory Usage (465064K) : topmetal1_res has 0 polygons
2025-11-28 23:28:27 +0100: Memory Usage (465064K) : topmetal1_iprobe has 0 polygons
2025-11-28 23:28:27 +0100: Memory Usage (465064K) : topmetal1_diffprb has 0 polygons
2025-11-28 23:28:27 +0100: Memory Usage (465064K) : inldpwl_drw has 0 polygons
2025-11-28 23:28:27 +0100: Memory Usage (465328K) : polyres_drw has 0 polygons
2025-11-28 23:28:27 +0100: Memory Usage (465328K) : polyres_pin has 0 polygons
2025-11-28 23:28:27 +0100: Memory Usage (465328K) : vmim_drw has 4 polygons
2025-11-28 23:28:27 +0100: Memory Usage (465328K) : nbulaycut_drw has 0 polygons
2025-11-28 23:28:27 +0100: Memory Usage (465328K) : antmetal1_drw has 0 polygons
2025-11-28 23:28:27 +0100: Memory Usage (465592K) : topvia2_drw has 0 polygons
2025-11-28 23:28:27 +0100: Memory Usage (465592K) : topmetal2_drw has 0 polygons
2025-11-28 23:28:27 +0100: Memory Usage (465592K) : topmetal2_pin has 0 polygons
2025-11-28 23:28:27 +0100: Memory Usage (465592K) : topmetal2_mask has 0 polygons
2025-11-28 23:28:27 +0100: Memory Usage (465592K) : topmetal2_filler has 0 polygons
2025-11-28 23:28:27 +0100: Memory Usage (465592K) : topmetal2_nofill has 0 polygons
2025-11-28 23:28:27 +0100: Memory Usage (465840K) : topmetal2_slit has 0 polygons
2025-11-28 23:28:27 +0100: Memory Usage (465840K) : topmetal2_text has 0 polygons
2025-11-28 23:28:27 +0100: Memory Usage (465840K) : topmetal2_noqrc has 0 polygons
2025-11-28 23:28:27 +0100: Memory Usage (465840K) : topmetal2_res has 0 polygons
2025-11-28 23:28:27 +0100: Memory Usage (466100K) : topmetal2_iprobe has 0 polygons
2025-11-28 23:28:27 +0100: Memory Usage (466100K) : topmetal2_diffprb has 0 polygons
2025-11-28 23:28:27 +0100: Memory Usage (466100K) : snsring_drw has 0 polygons
2025-11-28 23:28:27 +0100: Memory Usage (466100K) : sensor_drw has 0 polygons
2025-11-28 23:28:27 +0100: Memory Usage (466100K) : snsarms_drw has 0 polygons
2025-11-28 23:28:27 +0100: Memory Usage (466364K) : snscmosvia_drw has 0 polygons
2025-11-28 23:28:27 +0100: Memory Usage (466364K) : colwind_drw has 0 polygons
2025-11-28 23:28:27 +0100: Memory Usage (466364K) : flm_drw has 0 polygons
2025-11-28 23:28:27 +0100: Memory Usage (466364K) : hafniumox_drw has 0 polygons
2025-11-28 23:28:27 +0100: Memory Usage (466364K) : memvia_drw has 0 polygons
2025-11-28 23:28:27 +0100: Memory Usage (466364K) : thinfilmres_drw has 0 polygons
2025-11-28 23:28:27 +0100: Memory Usage (466628K) : rfmem_drw has 0 polygons
2025-11-28 23:28:27 +0100: Memory Usage (466628K) : norcx_drw has 0 polygons
2025-11-28 23:28:27 +0100: Memory Usage (466628K) : norcx_m2m3 has 0 polygons
2025-11-28 23:28:27 +0100: Memory Usage (466752K) : norcx_m2m4 has 0 polygons
2025-11-28 23:28:27 +0100: Memory Usage (466752K) : norcx_m2m5 has 0 polygons
2025-11-28 23:28:27 +0100: Memory Usage (466752K) : norcx_m2tm1 has 0 polygons
2025-11-28 23:28:27 +0100: Memory Usage (467012K) : norcx_m2tm2 has 0 polygons
2025-11-28 23:28:27 +0100: Memory Usage (467012K) : norcx_m3m4 has 0 polygons
2025-11-28 23:28:27 +0100: Memory Usage (467012K) : norcx_m3m5 has 0 polygons
2025-11-28 23:28:27 +0100: Memory Usage (467012K) : norcx_m3tm1 has 0 polygons
2025-11-28 23:28:27 +0100: Memory Usage (467012K) : norcx_m3tm2 has 0 polygons
2025-11-28 23:28:27 +0100: Memory Usage (467012K) : norcx_m4m5 has 0 polygons
2025-11-28 23:28:27 +0100: Memory Usage (467276K) : norcx_m4tm1 has 0 polygons
2025-11-28 23:28:27 +0100: Memory Usage (467276K) : norcx_m4tm2 has 0 polygons
2025-11-28 23:28:27 +0100: Memory Usage (467276K) : norcx_m5tm1 has 0 polygons
2025-11-28 23:28:27 +0100: Memory Usage (467276K) : norcx_m5tm2 has 0 polygons
2025-11-28 23:28:27 +0100: Memory Usage (467276K) : norcx_tm1tm2 has 0 polygons
2025-11-28 23:28:27 +0100: Memory Usage (467276K) : norcx_m1sub has 0 polygons
2025-11-28 23:28:27 +0100: Memory Usage (467540K) : norcx_m2sub has 0 polygons
2025-11-28 23:28:27 +0100: Memory Usage (467540K) : norcx_m3sub has 0 polygons
2025-11-28 23:28:27 +0100: Memory Usage (467628K) : norcx_m4sub has 0 polygons
2025-11-28 23:28:27 +0100: Memory Usage (467628K) : norcx_m5sub has 0 polygons
2025-11-28 23:28:27 +0100: Memory Usage (467628K) : norcx_tm1sub has 0 polygons
2025-11-28 23:28:27 +0100: Memory Usage (467628K) : norcx_tm2sub has 0 polygons
2025-11-28 23:28:27 +0100: Memory Usage (467888K) : snsbotvia_drw has 0 polygons
2025-11-28 23:28:27 +0100: Memory Usage (467888K) : snstopvia_drw has 0 polygons
2025-11-28 23:28:27 +0100: Memory Usage (467888K) : deepvia_drw has 0 polygons
2025-11-28 23:28:27 +0100: Memory Usage (467888K) : fgetch_drw has 0 polygons
2025-11-28 23:28:27 +0100: Memory Usage (467888K) : ctrgat_drw has 0 polygons
2025-11-28 23:28:27 +0100: Memory Usage (468152K) : fgimp_drw has 0 polygons
2025-11-28 23:28:27 +0100: Memory Usage (468152K) : emwihv_drw has 0 polygons
2025-11-28 23:28:27 +0100: Memory Usage (468152K) : lbe_drw has 0 polygons
2025-11-28 23:28:27 +0100: Memory Usage (468152K) : alcustop_drw has 0 polygons
2025-11-28 23:28:27 +0100: Memory Usage (468152K) : nometfiller_drw has 0 polygons
2025-11-28 23:28:27 +0100: Memory Usage (468152K) : prboundary_drw has 0 polygons
2025-11-28 23:28:27 +0100: Memory Usage (468416K) : exchange0_drw has 0 polygons
2025-11-28 23:28:27 +0100: Memory Usage (468416K) : exchange0_pin has 0 polygons
2025-11-28 23:28:27 +0100: Memory Usage (468416K) : exchange0_text has 0 polygons
2025-11-28 23:28:27 +0100: Memory Usage (468592K) : exchange1_drw has 0 polygons
2025-11-28 23:28:27 +0100: Memory Usage (468592K) : exchange1_pin has 0 polygons
2025-11-28 23:28:27 +0100: Memory Usage (468592K) : exchange1_text has 0 polygons
2025-11-28 23:28:27 +0100: Memory Usage (468852K) : exchange2_drw has 0 polygons
2025-11-28 23:28:27 +0100: Memory Usage (468852K) : exchange2_pin has 0 polygons
2025-11-28 23:28:27 +0100: Memory Usage (468852K) : exchange2_text has 0 polygons
2025-11-28 23:28:27 +0100: Memory Usage (468852K) : exchange3_drw has 0 polygons
2025-11-28 23:28:27 +0100: Memory Usage (468852K) : exchange3_pin has 0 polygons
2025-11-28 23:28:27 +0100: Memory Usage (468852K) : exchange3_text has 0 polygons
2025-11-28 23:28:27 +0100: Memory Usage (469116K) : exchange4_drw has 0 polygons
2025-11-28 23:28:27 +0100: Memory Usage (469116K) : exchange4_pin has 0 polygons
2025-11-28 23:28:27 +0100: Memory Usage (469116K) : exchange4_text has 0 polygons
2025-11-28 23:28:27 +0100: Memory Usage (469116K) : isonwell_drw has 0 polygons
2025-11-28 23:28:27 +0100: Memory Usage (469116K) : Total no. of polygons in the design is 298
2025-11-28 23:28:27 +0100: Memory Usage (469292K) : Loaded TECH DRC rules values from /foss/pdks/ihp-sg13g2/libs.tech/klayout/python/sg13g2_pycell_lib/sg13g2_tech_mod.json
2025-11-28 23:28:27 +0100: Memory Usage (469292K) : Loaded default DRC rules values from /foss/pdks/ihp-sg13g2/libs.tech/klayout/tech/drc/rule_decks/sg13g2_tech_default.json
2025-11-28 23:28:27 +0100: Memory Usage (469612K) : Total area of the design is 193.93099999999998 um^2.
2025-11-28 23:28:27 +0100: Memory Usage (469612K) : The design dimensions are 17.8 µm * 10.895 µm.
2025-11-28 23:28:27 +0100: Memory Usage (469612K) : Starting general IHP-SG13G2 derivations.
2025-11-28 23:28:27 +0100: Memory Usage (469612K) : Starting Pwell derivations
2025-11-28 23:28:27 +0100: Memory Usage (473212K) : Starting n-Activ derivations
2025-11-28 23:28:27 +0100: Memory Usage (473660K) : Starting p-Activ derivations
2025-11-28 23:28:27 +0100: Memory Usage (473660K) : Starting ptap derivations
2025-11-28 23:28:27 +0100: Memory Usage (473788K) : Starting ntap derivations
2025-11-28 23:28:27 +0100: Memory Usage (473792K) : Starting pact FET derivations
2025-11-28 23:28:27 +0100: Memory Usage (473996K) : Starting nact FET derivations
2025-11-28 23:28:27 +0100: Memory Usage (473996K) : Starting Gate derivations
2025-11-28 23:28:27 +0100: Memory Usage (473996K) : Starting cont/contbar general derivations
2025-11-28 23:28:27 +0100: Memory Usage (474256K) : Starting pad general derivations
2025-11-28 23:28:27 +0100: Memory Usage (474520K) : Starting IHP-SG13G2 DRC connectivity related derivations.
2025-11-28 23:28:27 +0100: Memory Usage (475508K) : Starting IHP-SG13G2 DRC connectivity setup
2025-11-28 23:28:27 +0100: Memory Usage (475884K) : Starting IHP-SG13G2 DRC rules.
2025-11-28 23:28:27 +0100: Memory Usage (475884K) : Running all FEOL rules
2025-11-28 23:28:27 +0100: Memory Usage (475884K) : Running all BEOL rules
2025-11-28 23:28:27 +0100: Memory Usage (475884K) : Starting 3.2. FORBIDDEN table
2025-11-28 23:28:27 +0100: Memory Usage (475884K) : Executing rule forbidden.biwind
2025-11-28 23:28:27 +0100: Memory Usage (475884K) : Executing rule forbidden.pemwind
2025-11-28 23:28:27 +0100: Memory Usage (475884K) : Executing rule forbidden.baspoly
2025-11-28 23:28:27 +0100: Memory Usage (476268K) : Executing rule forbidden.deepco
2025-11-28 23:28:27 +0100: Memory Usage (476268K) : Executing rule forbidden.pempoly
2025-11-28 23:28:27 +0100: Memory Usage (476268K) : Executing rule forbidden.empoly
2025-11-28 23:28:27 +0100: Memory Usage (476268K) : Executing rule forbidden.ldmos
2025-11-28 23:28:27 +0100: Memory Usage (476268K) : Executing rule forbidden.pbiwind
2025-11-28 23:28:27 +0100: Memory Usage (476268K) : Executing rule forbidden.nodrc
2025-11-28 23:28:27 +0100: Memory Usage (476572K) : Executing rule forbidden.flash
2025-11-28 23:28:27 +0100: Memory Usage (476572K) : Executing rule forbidden.colwind
2025-11-28 23:28:27 +0100: Memory Usage (476572K) : Starting 5.1 NWell table
2025-11-28 23:28:27 +0100: Memory Usage (476572K) : Executing rule NW.b
2025-11-28 23:28:27 +0100: Memory Usage (477320K) : Executing rule NW.b1
2025-11-28 23:28:27 +0100: Memory Usage (477656K) : Starting 5.2 PWell:block
2025-11-28 23:28:27 +0100: Memory Usage (477656K) : Executing rule PWB.e
2025-11-28 23:28:27 +0100: Memory Usage (477656K) : Executing rule PWB.e1
2025-11-28 23:28:27 +0100: Memory Usage (477920K) : Executing rule PWB.f
2025-11-28 23:28:27 +0100: Memory Usage (477920K) : Executing rule PWB.f1
2025-11-28 23:28:27 +0100: Memory Usage (478116K) : Starting 5.3 nBuLay table
2025-11-28 23:28:27 +0100: Memory Usage (478376K) : Executing rule NBL.b
2025-11-28 23:28:27 +0100: Memory Usage (478376K) : Executing rule NBL.c
2025-11-28 23:28:27 +0100: Memory Usage (478640K) : Executing rule NBL.d
2025-11-28 23:28:27 +0100: Memory Usage (478640K) : Executing rule NBL.e
2025-11-28 23:28:27 +0100: Memory Usage (478640K) : Executing rule NBL.f
2025-11-28 23:28:27 +0100: Memory Usage (478640K) : Starting 5.5. Activ table
2025-11-28 23:28:27 +0100: Memory Usage (478640K) : Executing rule Act.a
2025-11-28 23:28:27 +0100: Memory Usage (478640K) : Executing rule Act.b
2025-11-28 23:28:27 +0100: Memory Usage (478828K) : Starting 5.6 Activ:filler table
2025-11-28 23:28:27 +0100: Memory Usage (478828K) : Executing rule AFil.c1
2025-11-28 23:28:27 +0100: Memory Usage (478828K) : Executing rule AFil.c
2025-11-28 23:28:27 +0100: Memory Usage (478828K) : Executing rule AFil.d
2025-11-28 23:28:27 +0100: Memory Usage (478828K) : Executing rule AFil.e
2025-11-28 23:28:27 +0100: Memory Usage (478828K) : Executing rule AFil.j
2025-11-28 23:28:27 +0100: Memory Usage (478828K) : Starting 5.7. ThickGateOx table
2025-11-28 23:28:27 +0100: Memory Usage (478828K) : Executing rule TGO.f
2025-11-28 23:28:27 +0100: Memory Usage (478828K) : Starting 5.8. GatPoly table
2025-11-28 23:28:27 +0100: Memory Usage (478828K) : Executing rule Gat.a
2025-11-28 23:28:27 +0100: Memory Usage (478828K) : Executing rule Gat.b
2025-11-28 23:28:27 +0100: Memory Usage (478836K) : Executing rule Gat.d
2025-11-28 23:28:27 +0100: Memory Usage (478836K) : Executing rule Gat.a1
2025-11-28 23:28:27 +0100: Memory Usage (478964K) : Executing rule Gat.a2
2025-11-28 23:28:27 +0100: Memory Usage (478964K) : Executing rule Gat.g
2025-11-28 23:28:27 +0100: Memory Usage (478964K) : Starting 5.9 GatPoly:filler
2025-11-28 23:28:27 +0100: Memory Usage (478964K) : Executing rule GFil.d
2025-11-28 23:28:27 +0100: Memory Usage (478964K) : Executing rule GFil.e
2025-11-28 23:28:27 +0100: Memory Usage (478964K) : Executing rule GFil.i
2025-11-28 23:28:27 +0100: Memory Usage (478964K) : Starting 5.10 pSD table
2025-11-28 23:28:27 +0100: Memory Usage (478964K) : Executing rule pSD.c1
2025-11-28 23:28:27 +0100: Memory Usage (478964K) : Starting 5.14. Cont table
2025-11-28 23:28:27 +0100: Memory Usage (478964K) : Executing rule Cnt.a
2025-11-28 23:28:27 +0100: Memory Usage (478964K) : Executing rule Cnt.b
2025-11-28 23:28:27 +0100: Memory Usage (478964K) : Executing rule Cnt.c
2025-11-28 23:28:27 +0100: Memory Usage (478964K) : Executing rule Cnt.d
2025-11-28 23:28:27 +0100: Memory Usage (478964K) : Executing rule Cnt.e
2025-11-28 23:28:27 +0100: Memory Usage (478964K) : Executing rule Cnt.g1
2025-11-28 23:28:27 +0100: Memory Usage (478964K) : Executing rule Cnt.g2
2025-11-28 23:28:27 +0100: Memory Usage (478964K) : Starting 5.15. ContBar table
2025-11-28 23:28:27 +0100: Memory Usage (478964K) : Executing rule CntB.b1
2025-11-28 23:28:27 +0100: Memory Usage (478964K) : Executing rule CntB.h1
2025-11-28 23:28:27 +0100: Memory Usage (478964K) : Starting 5.16. Metal1 table
2025-11-28 23:28:27 +0100: Memory Usage (478964K) : Executing rule M1.a
2025-11-28 23:28:27 +0100: Memory Usage (478964K) : Executing rule M1.b
2025-11-28 23:28:27 +0100: Memory Usage (478996K) : Executing rule M1.e
2025-11-28 23:28:27 +0100: Memory Usage (478996K) : Executing rule M1.f
2025-11-28 23:28:27 +0100: Memory Usage (478996K) : Executing rule M1.g
2025-11-28 23:28:27 +0100: Memory Usage (478996K) : Executing rule M1.i
2025-11-28 23:28:27 +0100: Memory Usage (478996K) : Starting 5.17 Metaln table
2025-11-28 23:28:27 +0100: Memory Usage (478996K) : Executing rule M2.a
2025-11-28 23:28:27 +0100: Memory Usage (478996K) : Executing rule M2.b
2025-11-28 23:28:27 +0100: Memory Usage (478996K) : Executing rule M2.e
2025-11-28 23:28:27 +0100: Memory Usage (478996K) : Executing rule M2.f
2025-11-28 23:28:27 +0100: Memory Usage (478996K) : Executing rule M2.g
2025-11-28 23:28:27 +0100: Memory Usage (478996K) : Executing rule M2.i
2025-11-28 23:28:27 +0100: Memory Usage (478996K) : Executing rule M3.a
2025-11-28 23:28:27 +0100: Memory Usage (478996K) : Executing rule M3.b
2025-11-28 23:28:27 +0100: Memory Usage (478996K) : Executing rule M3.e
2025-11-28 23:28:27 +0100: Memory Usage (478996K) : Executing rule M3.f
2025-11-28 23:28:27 +0100: Memory Usage (478996K) : Executing rule M3.g
2025-11-28 23:28:27 +0100: Memory Usage (478996K) : Executing rule M3.i
2025-11-28 23:28:27 +0100: Memory Usage (478996K) : Executing rule M4.a
2025-11-28 23:28:27 +0100: Memory Usage (478996K) : Executing rule M4.b
2025-11-28 23:28:27 +0100: Memory Usage (478996K) : Executing rule M4.e
2025-11-28 23:28:27 +0100: Memory Usage (478996K) : Executing rule M4.f
2025-11-28 23:28:27 +0100: Memory Usage (478996K) : Executing rule M4.g
2025-11-28 23:28:27 +0100: Memory Usage (478996K) : Executing rule M4.i
2025-11-28 23:28:27 +0100: Memory Usage (478996K) : Executing rule M5.a
2025-11-28 23:28:27 +0100: Memory Usage (478996K) : Executing rule M5.b
2025-11-28 23:28:27 +0100: Memory Usage (478996K) : Executing rule M5.e
2025-11-28 23:28:27 +0100: Memory Usage (478996K) : Executing rule M5.f
2025-11-28 23:28:27 +0100: Memory Usage (478996K) : Executing rule M5.g
2025-11-28 23:28:27 +0100: Memory Usage (478996K) : Executing rule M5.i
2025-11-28 23:28:27 +0100: Memory Usage (478996K) : Starting 5.18 Metaln:filler table
2025-11-28 23:28:27 +0100: Memory Usage (478996K) : Executing rule M1Fil.c
2025-11-28 23:28:27 +0100: Memory Usage (478996K) : Executing rule M1Fil.a2
2025-11-28 23:28:27 +0100: Memory Usage (478996K) : Executing rule M2Fil.c
2025-11-28 23:28:27 +0100: Memory Usage (478996K) : Executing rule M2Fil.a2
2025-11-28 23:28:27 +0100: Memory Usage (478996K) : Executing rule M3Fil.c
2025-11-28 23:28:27 +0100: Memory Usage (478996K) : Executing rule M3Fil.a2
2025-11-28 23:28:27 +0100: Memory Usage (478996K) : Executing rule M4Fil.c
2025-11-28 23:28:27 +0100: Memory Usage (478996K) : Executing rule M4Fil.a2
2025-11-28 23:28:27 +0100: Memory Usage (478996K) : Executing rule M5Fil.c
2025-11-28 23:28:27 +0100: Memory Usage (478996K) : Executing rule M5Fil.a2
2025-11-28 23:28:27 +0100: Memory Usage (478996K) : Starting 5.19. Via1 table
2025-11-28 23:28:27 +0100: Memory Usage (478996K) : Starting 5.19. Via1 table derivations
2025-11-28 23:28:27 +0100: Memory Usage (478996K) : Executing rule V1.a
2025-11-28 23:28:27 +0100: Memory Usage (478996K) : Executing rule V1.b
2025-11-28 23:28:27 +0100: Memory Usage (478996K) : Executing rule V1.c
2025-11-28 23:28:28 +0100: Memory Usage (478996K) : Starting 5.20. Vian table
2025-11-28 23:28:28 +0100: Memory Usage (478996K) : Executing rule V2.a
2025-11-28 23:28:28 +0100: Memory Usage (478996K) : Executing rule V2.b
2025-11-28 23:28:28 +0100: Memory Usage (478996K) : Executing rule V2.c
2025-11-28 23:28:28 +0100: Memory Usage (478996K) : Executing rule V3.a
2025-11-28 23:28:28 +0100: Memory Usage (478996K) : Executing rule V3.b
2025-11-28 23:28:28 +0100: Memory Usage (478996K) : Executing rule V3.c
2025-11-28 23:28:28 +0100: Memory Usage (478996K) : Executing rule V4.a
2025-11-28 23:28:28 +0100: Memory Usage (478996K) : Executing rule V4.b
2025-11-28 23:28:28 +0100: Memory Usage (478996K) : Executing rule V4.c
2025-11-28 23:28:28 +0100: Memory Usage (478996K) : Starting 5.21. TopVia1 table
2025-11-28 23:28:28 +0100: Memory Usage (478996K) : Executing rule TV1.a
2025-11-28 23:28:28 +0100: Memory Usage (478996K) : Executing rule TV1.b
2025-11-28 23:28:28 +0100: Memory Usage (478996K) : Executing rule TV1.c
2025-11-28 23:28:28 +0100: Memory Usage (478996K) : Executing rule TV1.d
2025-11-28 23:28:28 +0100: Memory Usage (478996K) : Starting 5.22. TopMetal1 table
2025-11-28 23:28:28 +0100: Memory Usage (478996K) : Executing rule TM1.a
2025-11-28 23:28:28 +0100: Memory Usage (478996K) : Executing rule TM1.b
2025-11-28 23:28:28 +0100: Memory Usage (478996K) : Starting 5.23 TopMetal1:filler table
2025-11-28 23:28:28 +0100: Memory Usage (478996K) : Executing rule TM1Fil.c
2025-11-28 23:28:28 +0100: Memory Usage (478996K) : Executing rule TM1Fil.a1
2025-11-28 23:28:28 +0100: Memory Usage (478996K) : Starting 5.24. TopVia2 table
2025-11-28 23:28:28 +0100: Memory Usage (478996K) : Executing rule TV2.a
2025-11-28 23:28:28 +0100: Memory Usage (478996K) : Executing rule TV2.b
2025-11-28 23:28:28 +0100: Memory Usage (478996K) : Executing rule TV2.c
2025-11-28 23:28:28 +0100: Memory Usage (478996K) : Executing rule TV2.d
2025-11-28 23:28:28 +0100: Memory Usage (478996K) : Starting 5.25. TopMetal2 table
2025-11-28 23:28:28 +0100: Memory Usage (478996K) : Executing rule TM2.a
2025-11-28 23:28:28 +0100: Memory Usage (478996K) : Executing rule TM2.b
2025-11-28 23:28:28 +0100: Memory Usage (478996K) : Executing rule TM2.bR
2025-11-28 23:28:28 +0100: Memory Usage (478996K) : Starting 5.26 TopMetal2:filler table
2025-11-28 23:28:28 +0100: Memory Usage (478996K) : Executing rule TM2Fil.c
2025-11-28 23:28:28 +0100: Memory Usage (478996K) : Executing rule TM2Fil.a1
2025-11-28 23:28:28 +0100: Memory Usage (478996K) : Starting 5.27. Passiv table
2025-11-28 23:28:28 +0100: Memory Usage (478996K) : Executing rule Pas.a
2025-11-28 23:28:28 +0100: Memory Usage (478996K) : Executing rule Pas.b
2025-11-28 23:28:28 +0100: Memory Usage (478996K) : Executing rule Pas.c
2025-11-28 23:28:28 +0100: Memory Usage (478996K) : Starting 6.1.3 NPN Substrate-Tie table
2025-11-28 23:28:28 +0100: Memory Usage (478996K) : Executing rule npn13G2.bR 
2025-11-28 23:28:28 +0100: Memory Usage (478996K) : Executing rule npn13G2L.cR 
2025-11-28 23:28:28 +0100: Memory Usage (478996K) : Executing rule npn13G2V.cR 
2025-11-28 23:28:28 +0100: Memory Usage (478996K) : Starting 6.7 Schottky diode table
2025-11-28 23:28:28 +0100: Memory Usage (478996K) : Executing rule Sdiod.d
2025-11-28 23:28:28 +0100: Memory Usage (478996K) : Executing rule Sdiod.e
2025-11-28 23:28:28 +0100: Memory Usage (478996K) : Starting 6.9.2 Copper Pillar table
2025-11-28 23:28:28 +0100: Memory Usage (478996K) : Executing rule Padc.a
2025-11-28 23:28:28 +0100: Memory Usage (478996K) : Executing rule Padc.b
2025-11-28 23:28:28 +0100: Memory Usage (478996K) : Executing rule Padc.c
2025-11-28 23:28:28 +0100: Memory Usage (479628K) : Executing rule Padb.f
2025-11-28 23:28:28 +0100: Memory Usage (479628K) : Starting 6.9.1 Solder Bump
2025-11-28 23:28:28 +0100: Memory Usage (479628K) : Executing rule Padb.a
2025-11-28 23:28:28 +0100: Memory Usage (479628K) : Executing rule Padb.b
2025-11-28 23:28:28 +0100: Memory Usage (479692K) : Executing rule Padb.c
2025-11-28 23:28:28 +0100: Memory Usage (479692K) : Executing rule Padb.f
2025-11-28 23:28:28 +0100: Memory Usage (480216K) : Executing rule Padb.d
2025-11-28 23:28:28 +0100: Memory Usage (480480K) : Starting 6.9 Pad table
2025-11-28 23:28:28 +0100: Memory Usage (480480K) : Executing rule Pad.m
2025-11-28 23:28:28 +0100: Memory Usage (480744K) : Executing rule Pad.fR_M1
2025-11-28 23:28:28 +0100: Memory Usage (481008K) : Executing rule Pad.fR_M2
2025-11-28 23:28:28 +0100: Memory Usage (481272K) : Executing rule Pad.fR_M3
2025-11-28 23:28:28 +0100: Memory Usage (481536K) : Executing rule Pad.fR_M4
2025-11-28 23:28:28 +0100: Memory Usage (481864K) : Executing rule Pad.fR_M5
2025-11-28 23:28:28 +0100: Memory Usage (482124K) : Executing rule Pad.fR_TM1
2025-11-28 23:28:28 +0100: Memory Usage (482640K) : Executing rule Pad.fR_TM2
2025-11-28 23:28:28 +0100: Memory Usage (482900K) : Executing rule Pad.i
2025-11-28 23:28:28 +0100: Memory Usage (482900K) : Starting 6.10 Sealring table
2025-11-28 23:28:28 +0100: Memory Usage (482900K) : Executing rule Seal.l
2025-11-28 23:28:28 +0100: Memory Usage (482900K) : Executing rule Seal.n
2025-11-28 23:28:28 +0100: Memory Usage (483164K) : Executing rule seal.b_metal1
2025-11-28 23:28:28 +0100: Memory Usage (483292K) : Executing rule seal.b_metal2
2025-11-28 23:28:28 +0100: Memory Usage (483552K) : Executing rule seal.b_metal3
2025-11-28 23:28:28 +0100: Memory Usage (483552K) : Executing rule seal.b_metal4
2025-11-28 23:28:28 +0100: Memory Usage (483856K) : Executing rule seal.b_metal5
2025-11-28 23:28:28 +0100: Memory Usage (483856K) : Executing rule seal.b_topmetal1
2025-11-28 23:28:28 +0100: Memory Usage (484116K) : Executing rule seal.b_topmetal2
2025-11-28 23:28:28 +0100: Memory Usage (484116K) : Executing rule seal.b_activ
2025-11-28 23:28:28 +0100: Memory Usage (484384K) : Executing rule seal.b_psd
2025-11-28 23:28:28 +0100: Memory Usage (484384K) : Executing rule Seal.k
2025-11-28 23:28:28 +0100: Memory Usage (484644K) : Executing rule Seal.m
2025-11-28 23:28:28 +0100: Memory Usage (484908K) : Starting 6.11 MIM table
2025-11-28 23:28:28 +0100: Memory Usage (484908K) : Executing rule MIM.c
2025-11-28 23:28:28 +0100: Memory Usage (485168K) : Executing rule MIM.d
2025-11-28 23:28:28 +0100: Memory Usage (485168K) : Executing rule MIM.gR
2025-11-28 23:28:28 +0100: Memory Usage (485168K) : Starting 7.2 Latch-up table
2025-11-28 23:28:28 +0100: Memory Usage (485168K) : Executing rule LU.b
2025-11-28 23:28:28 +0100: Memory Usage (485432K) : Starting 7.3 Metal Slits table
2025-11-28 23:28:28 +0100: Memory Usage (485432K) : Executing rule Slt.e1_M1
2025-11-28 23:28:28 +0100: Memory Usage (485432K) : Executing rule Slt.e1_M2
2025-11-28 23:28:28 +0100: Memory Usage (485432K) : Executing rule Slt.e1_M3
2025-11-28 23:28:28 +0100: Memory Usage (485432K) : Executing rule Slt.e1_M4
2025-11-28 23:28:28 +0100: Memory Usage (485432K) : Executing rule Slt.e1_M5
2025-11-28 23:28:28 +0100: Memory Usage (485432K) : Executing rule Slt.e1_TM1
2025-11-28 23:28:28 +0100: Memory Usage (485432K) : Executing rule Slt.e1_TM2
2025-11-28 23:28:28 +0100: Memory Usage (485432K) : Starting 7.4. PIN table
2025-11-28 23:28:28 +0100: Memory Usage (485432K) : Executing rule Pin.a
2025-11-28 23:28:28 +0100: Memory Usage (485432K) : Executing rule Pin.b
2025-11-28 23:28:28 +0100: Memory Usage (485432K) : Executing rule Pin.e
2025-11-28 23:28:28 +0100: Memory Usage (485432K) : Executing rule Pin.f_M2
2025-11-28 23:28:28 +0100: Memory Usage (485432K) : Executing rule Pin.f_M3
2025-11-28 23:28:28 +0100: Memory Usage (485432K) : Executing rule Pin.f_M4
2025-11-28 23:28:28 +0100: Memory Usage (485432K) : Executing rule Pin.f_M5
2025-11-28 23:28:28 +0100: Memory Usage (485432K) : Executing rule Pin.g
2025-11-28 23:28:28 +0100: Memory Usage (485432K) : Executing rule Pin.h
2025-11-28 23:28:28 +0100: Memory Usage (485432K) : Starting 9.1. LBE table
2025-11-28 23:28:28 +0100: Memory Usage (485432K) : Executing rule LBE.a
2025-11-28 23:28:28 +0100: Memory Usage (485432K) : Executing rule LBE.b
2025-11-28 23:28:28 +0100: Memory Usage (485432K) : Executing rule LBE.b1
2025-11-28 23:28:28 +0100: Memory Usage (485432K) : Executing rule LBE.c
2025-11-28 23:28:28 +0100: Memory Usage (485432K) : Executing rule LBE.d
2025-11-28 23:28:28 +0100: Memory Usage (485432K) : Executing rule LBE.h
2025-11-28 23:28:28 +0100: Memory Usage (485432K) : KLayout DRC run for table 'main' completed in 1.11 seconds
