# Logfile created on 2025-11-26 06:12:28 +0100 by logger.rb/v1.5.3
2025-11-26 06:12:28 +0100: Memory Usage (453020K) : Starting running IHP-SG13G2 Klayout DRC runset on /foss/designs/SAR_ADC_IHP/gds/comparador/SR_latch.gds
2025-11-26 06:12:28 +0100: Memory Usage (453020K) : Ruby Version for klayout: 3.2.3
2025-11-26 06:12:28 +0100: Memory Usage (453020K) : Loading database to memory is complete.
2025-11-26 06:12:28 +0100: Memory Usage (453020K) : IHP-SG13G2 Klayout DRC runset output at: /foss/designs/SAR_ADC_IHP/gds/drc_run_SR_latch/SR_latch_SR_latch_main.lyrdb
2025-11-26 06:12:28 +0100: Memory Usage (453020K) : Evaluate switches.
2025-11-26 06:12:28 +0100: Memory Usage (453020K) : table_name selected  main
2025-11-26 06:12:28 +0100: Memory Usage (453020K) : Klayout will use 1 thread(s)
2025-11-26 06:12:28 +0100: Memory Usage (453020K) : deep mode is enabled for main table.
2025-11-26 06:12:28 +0100: Memory Usage (453020K) : FEOL enabled: true
2025-11-26 06:12:28 +0100: Memory Usage (453020K) : BEOL enabled: true
2025-11-26 06:12:28 +0100: Memory Usage (453020K) : OffGrid enabled: true
2025-11-26 06:12:28 +0100: Memory Usage (453020K) : PreCheck DRC enabled: false
2025-11-26 06:12:28 +0100: Memory Usage (453020K) : CONNECTIVITY_RULES enabled: true for table main
2025-11-26 06:12:28 +0100: Memory Usage (453020K) : Read in polygons from layers.
2025-11-26 06:12:28 +0100: Memory Usage (453020K) : activ_drw has 40 polygons
2025-11-26 06:12:28 +0100: Memory Usage (453020K) : activ_pin has 0 polygons
2025-11-26 06:12:28 +0100: Memory Usage (453020K) : activ_mask has 0 polygons
2025-11-26 06:12:28 +0100: Memory Usage (453020K) : activ_filler has 0 polygons
2025-11-26 06:12:28 +0100: Memory Usage (453020K) : activ_nofill has 0 polygons
2025-11-26 06:12:28 +0100: Memory Usage (453020K) : activ_opc has 0 polygons
2025-11-26 06:12:28 +0100: Memory Usage (453020K) : activ_iopc has 0 polygons
2025-11-26 06:12:28 +0100: Memory Usage (453020K) : activ_noqrc has 0 polygons
2025-11-26 06:12:28 +0100: Memory Usage (453020K) : biwind_drw has 0 polygons
2025-11-26 06:12:28 +0100: Memory Usage (453020K) : biwind_opc has 0 polygons
2025-11-26 06:12:28 +0100: Memory Usage (453020K) : pemwind_drw has 0 polygons
2025-11-26 06:12:28 +0100: Memory Usage (453020K) : gatpoly_drw has 28 polygons
2025-11-26 06:12:28 +0100: Memory Usage (453020K) : gatpoly_pin has 4 polygons
2025-11-26 06:12:28 +0100: Memory Usage (453020K) : gatpoly_filler has 0 polygons
2025-11-26 06:12:28 +0100: Memory Usage (453020K) : gatpoly_nofill has 0 polygons
2025-11-26 06:12:28 +0100: Memory Usage (453020K) : gatpoly_opc has 0 polygons
2025-11-26 06:12:28 +0100: Memory Usage (453020K) : gatpoly_iopc has 0 polygons
2025-11-26 06:12:28 +0100: Memory Usage (453020K) : gatpoly_noqrc has 0 polygons
2025-11-26 06:12:28 +0100: Memory Usage (453020K) : cont_drw has 92 polygons
2025-11-26 06:12:28 +0100: Memory Usage (453020K) : cont_opc has 0 polygons
2025-11-26 06:12:28 +0100: Memory Usage (455612K) : nsd_drw has 0 polygons
2025-11-26 06:12:28 +0100: Memory Usage (455612K) : nsd_block has 0 polygons
2025-11-26 06:12:28 +0100: Memory Usage (455612K) : metal1_drw has 78 polygons
2025-11-26 06:12:28 +0100: Memory Usage (455612K) : metal1_pin has 14 polygons
2025-11-26 06:12:28 +0100: Memory Usage (455612K) : metal1_mask has 0 polygons
2025-11-26 06:12:28 +0100: Memory Usage (455612K) : metal1_filler has 0 polygons
2025-11-26 06:12:28 +0100: Memory Usage (455612K) : metal1_nofill has 0 polygons
2025-11-26 06:12:28 +0100: Memory Usage (455612K) : metal1_slit has 0 polygons
2025-11-26 06:12:28 +0100: Memory Usage (455612K) : metal1_text has 0 polygons
2025-11-26 06:12:28 +0100: Memory Usage (455612K) : metal1_opc has 0 polygons
2025-11-26 06:12:28 +0100: Memory Usage (455612K) : metal1_noqrc has 0 polygons
2025-11-26 06:12:28 +0100: Memory Usage (455612K) : metal1_res has 0 polygons
2025-11-26 06:12:28 +0100: Memory Usage (455612K) : metal1_iprobe has 0 polygons
2025-11-26 06:12:28 +0100: Memory Usage (455612K) : metal1_diffprb has 0 polygons
2025-11-26 06:12:28 +0100: Memory Usage (455612K) : passiv_drw has 0 polygons
2025-11-26 06:12:28 +0100: Memory Usage (455612K) : passiv_pin has 0 polygons
2025-11-26 06:12:28 +0100: Memory Usage (455612K) : passiv_sbump has 0 polygons
2025-11-26 06:12:28 +0100: Memory Usage (455612K) : passiv_pillar has 0 polygons
2025-11-26 06:12:28 +0100: Memory Usage (456144K) : passiv_pdl has 0 polygons
2025-11-26 06:12:29 +0100: Memory Usage (456144K) : metal2_drw has 18 polygons
2025-11-26 06:12:29 +0100: Memory Usage (456144K) : metal2_pin has 0 polygons
2025-11-26 06:12:29 +0100: Memory Usage (456144K) : metal2_mask has 0 polygons
2025-11-26 06:12:29 +0100: Memory Usage (456144K) : metal2_filler has 0 polygons
2025-11-26 06:12:29 +0100: Memory Usage (456144K) : metal2_nofill has 0 polygons
2025-11-26 06:12:29 +0100: Memory Usage (456408K) : metal2_slit has 0 polygons
2025-11-26 06:12:29 +0100: Memory Usage (456408K) : metal2_text has 0 polygons
2025-11-26 06:12:29 +0100: Memory Usage (456408K) : metal2_opc has 0 polygons
2025-11-26 06:12:29 +0100: Memory Usage (456408K) : metal2_noqrc has 0 polygons
2025-11-26 06:12:29 +0100: Memory Usage (456408K) : metal2_res has 0 polygons
2025-11-26 06:12:29 +0100: Memory Usage (456408K) : metal2_iprobe has 0 polygons
2025-11-26 06:12:29 +0100: Memory Usage (456672K) : metal2_diffprb has 0 polygons
2025-11-26 06:12:29 +0100: Memory Usage (456672K) : baspoly_drw has 0 polygons
2025-11-26 06:12:29 +0100: Memory Usage (456672K) : baspoly_pin has 0 polygons
2025-11-26 06:12:29 +0100: Memory Usage (456672K) : psd_drw has 10 polygons
2025-11-26 06:12:29 +0100: Memory Usage (456672K) : nldb_drw has 0 polygons
2025-11-26 06:12:29 +0100: Memory Usage (456672K) : digibnd_drw has 0 polygons
2025-11-26 06:12:29 +0100: Memory Usage (456936K) : via1_drw has 6 polygons
2025-11-26 06:12:29 +0100: Memory Usage (456936K) : backmetal1_drw has 0 polygons
2025-11-26 06:12:29 +0100: Memory Usage (456936K) : backmetal1_pin has 0 polygons
2025-11-26 06:12:29 +0100: Memory Usage (456936K) : backmetal1_mask has 0 polygons
2025-11-26 06:12:29 +0100: Memory Usage (456936K) : backmetal1_filler has 0 polygons
2025-11-26 06:12:29 +0100: Memory Usage (456936K) : backmetal1_nofill has 0 polygons
2025-11-26 06:12:29 +0100: Memory Usage (456936K) : backmetal1_slit has 0 polygons
2025-11-26 06:12:29 +0100: Memory Usage (457200K) : backmetal1_text has 0 polygons
2025-11-26 06:12:29 +0100: Memory Usage (457200K) : backmetal1_opc has 0 polygons
2025-11-26 06:12:29 +0100: Memory Usage (457200K) : backmetal1_noqrc has 0 polygons
2025-11-26 06:12:29 +0100: Memory Usage (457200K) : backmetal1_res has 0 polygons
2025-11-26 06:12:29 +0100: Memory Usage (457200K) : backmetal1_iprobe has 0 polygons
2025-11-26 06:12:29 +0100: Memory Usage (457200K) : backmetal1_diffprb has 0 polygons
2025-11-26 06:12:29 +0100: Memory Usage (457464K) : backpassiv_drw has 0 polygons
2025-11-26 06:12:29 +0100: Memory Usage (457464K) : res_drw has 0 polygons
2025-11-26 06:12:29 +0100: Memory Usage (457464K) : sram_drw has 0 polygons
2025-11-26 06:12:29 +0100: Memory Usage (457464K) : trans_drw has 0 polygons
2025-11-26 06:12:29 +0100: Memory Usage (457464K) : ind_drw has 0 polygons
2025-11-26 06:12:29 +0100: Memory Usage (457728K) : ind_pin has 0 polygons
2025-11-26 06:12:29 +0100: Memory Usage (457728K) : ind_text has 0 polygons
2025-11-26 06:12:29 +0100: Memory Usage (457728K) : salblock_drw has 0 polygons
2025-11-26 06:12:29 +0100: Memory Usage (457728K) : via2_drw has 0 polygons
2025-11-26 06:12:29 +0100: Memory Usage (457728K) : metal3_drw has 0 polygons
2025-11-26 06:12:29 +0100: Memory Usage (457728K) : metal3_pin has 0 polygons
2025-11-26 06:12:29 +0100: Memory Usage (457992K) : metal3_mask has 0 polygons
2025-11-26 06:12:29 +0100: Memory Usage (457992K) : metal3_filler has 0 polygons
2025-11-26 06:12:29 +0100: Memory Usage (457992K) : metal3_nofill has 0 polygons
2025-11-26 06:12:29 +0100: Memory Usage (457992K) : metal3_slit has 0 polygons
2025-11-26 06:12:29 +0100: Memory Usage (457992K) : metal3_text has 0 polygons
2025-11-26 06:12:29 +0100: Memory Usage (457992K) : metal3_opc has 0 polygons
2025-11-26 06:12:29 +0100: Memory Usage (458256K) : metal3_noqrc has 0 polygons
2025-11-26 06:12:29 +0100: Memory Usage (458256K) : metal3_res has 0 polygons
2025-11-26 06:12:29 +0100: Memory Usage (458256K) : metal3_iprobe has 0 polygons
2025-11-26 06:12:29 +0100: Memory Usage (458256K) : metal3_diffprb has 0 polygons
2025-11-26 06:12:29 +0100: Memory Usage (458256K) : nwell_drw has 14 polygons
2025-11-26 06:12:29 +0100: Memory Usage (458520K) : nwell_pin has 2 polygons
2025-11-26 06:12:29 +0100: Memory Usage (458520K) : nbulay_drw has 2 polygons
2025-11-26 06:12:29 +0100: Memory Usage (458520K) : nbulay_pin has 0 polygons
2025-11-26 06:12:29 +0100: Memory Usage (458520K) : nbulay_block has 0 polygons
2025-11-26 06:12:29 +0100: Memory Usage (458520K) : emwind_drw has 0 polygons
2025-11-26 06:12:29 +0100: Memory Usage (458520K) : emwind_opc has 0 polygons
2025-11-26 06:12:29 +0100: Memory Usage (458784K) : deepco_drw has 0 polygons
2025-11-26 06:12:29 +0100: Memory Usage (458784K) : deepco_drw has 0 polygons
2025-11-26 06:12:29 +0100: Memory Usage (458784K) : mim_drw has 0 polygons
2025-11-26 06:12:29 +0100: Memory Usage (458784K) : edgeseal_drw has 0 polygons
2025-11-26 06:12:29 +0100: Memory Usage (458784K) : edgeseal_bound has 0 polygons
2025-11-26 06:12:29 +0100: Memory Usage (458784K) : substrate_drw has 10 polygons
2025-11-26 06:12:29 +0100: Memory Usage (458784K) : substrate_text has 0 polygons
2025-11-26 06:12:29 +0100: Memory Usage (458784K) : dfpad_drw has 0 polygons
2025-11-26 06:12:29 +0100: Memory Usage (458784K) : dfpad_pillar has 0 polygons
2025-11-26 06:12:29 +0100: Memory Usage (458784K) : dfpad_sbump has 0 polygons
2025-11-26 06:12:29 +0100: Memory Usage (458784K) : thickgateox_drw has 0 polygons
2025-11-26 06:12:29 +0100: Memory Usage (458784K) : pldb_drw has 0 polygons
2025-11-26 06:12:29 +0100: Memory Usage (459048K) : pwell_drw has 0 polygons
2025-11-26 06:12:29 +0100: Memory Usage (459048K) : pwell_pin has 0 polygons
2025-11-26 06:12:29 +0100: Memory Usage (459048K) : pwell_block has 0 polygons
2025-11-26 06:12:29 +0100: Memory Usage (459048K) : ic_drw has 0 polygons
2025-11-26 06:12:29 +0100: Memory Usage (459048K) : via3_drw has 0 polygons
2025-11-26 06:12:29 +0100: Memory Usage (459048K) : metal4_drw has 0 polygons
2025-11-26 06:12:29 +0100: Memory Usage (459312K) : metal4_pin has 0 polygons
2025-11-26 06:12:29 +0100: Memory Usage (459312K) : metal4_mask has 0 polygons
2025-11-26 06:12:29 +0100: Memory Usage (459312K) : metal4_filler has 0 polygons
2025-11-26 06:12:29 +0100: Memory Usage (459312K) : metal4_nofill has 0 polygons
2025-11-26 06:12:29 +0100: Memory Usage (459312K) : metal4_slit has 0 polygons
2025-11-26 06:12:29 +0100: Memory Usage (459312K) : metal4_text has 0 polygons
2025-11-26 06:12:29 +0100: Memory Usage (459312K) : metal4_opc has 0 polygons
2025-11-26 06:12:29 +0100: Memory Usage (459576K) : metal4_noqrc has 0 polygons
2025-11-26 06:12:29 +0100: Memory Usage (459576K) : metal4_res has 0 polygons
2025-11-26 06:12:29 +0100: Memory Usage (459576K) : metal4_iprobe has 0 polygons
2025-11-26 06:12:29 +0100: Memory Usage (459576K) : metal4_diffprb has 0 polygons
2025-11-26 06:12:29 +0100: Memory Usage (459576K) : heattrans_drw has 12 polygons
2025-11-26 06:12:29 +0100: Memory Usage (459576K) : heatres_drw has 0 polygons
2025-11-26 06:12:29 +0100: Memory Usage (459840K) : pempoly_drw has 0 polygons
2025-11-26 06:12:29 +0100: Memory Usage (459840K) : fbe_drw has 0 polygons
2025-11-26 06:12:29 +0100: Memory Usage (459840K) : empoly_drw has 0 polygons
2025-11-26 06:12:29 +0100: Memory Usage (459840K) : ldmos_drw has 0 polygons
2025-11-26 06:12:29 +0100: Memory Usage (459840K) : pbiwind_drw has 0 polygons
2025-11-26 06:12:29 +0100: Memory Usage (459840K) : digisub_drw has 0 polygons
2025-11-26 06:12:29 +0100: Memory Usage (460104K) : nodrc_drw has 0 polygons
2025-11-26 06:12:29 +0100: Memory Usage (460104K) : text_drw has 12 polygons
2025-11-26 06:12:29 +0100: Memory Usage (460104K) : via4_drw has 0 polygons
2025-11-26 06:12:29 +0100: Memory Usage (460104K) : metal5_drw has 0 polygons
2025-11-26 06:12:29 +0100: Memory Usage (460104K) : metal5_pin has 0 polygons
2025-11-26 06:12:29 +0100: Memory Usage (460428K) : metal5_mask has 0 polygons
2025-11-26 06:12:29 +0100: Memory Usage (460428K) : metal5_filler has 0 polygons
2025-11-26 06:12:29 +0100: Memory Usage (460428K) : metal5_nofill has 0 polygons
2025-11-26 06:12:29 +0100: Memory Usage (460428K) : metal5_slit has 0 polygons
2025-11-26 06:12:29 +0100: Memory Usage (460428K) : metal5_text has 0 polygons
2025-11-26 06:12:29 +0100: Memory Usage (460428K) : metal5_opc has 0 polygons
2025-11-26 06:12:29 +0100: Memory Usage (460692K) : metal5_noqrc has 0 polygons
2025-11-26 06:12:29 +0100: Memory Usage (460692K) : metal5_res has 0 polygons
2025-11-26 06:12:29 +0100: Memory Usage (460692K) : metal5_iprobe has 0 polygons
2025-11-26 06:12:29 +0100: Memory Usage (460692K) : metal5_diffprb has 0 polygons
2025-11-26 06:12:29 +0100: Memory Usage (460692K) : radhard_drw has 0 polygons
2025-11-26 06:12:29 +0100: Memory Usage (460692K) : memcap_drw has 0 polygons
2025-11-26 06:12:29 +0100: Memory Usage (460692K) : varicap_drw has 0 polygons
2025-11-26 06:12:29 +0100: Memory Usage (460692K) : flash_drw has 0 polygons
2025-11-26 06:12:29 +0100: Memory Usage (460956K) : intbondvia_drw has 0 polygons
2025-11-26 06:12:29 +0100: Memory Usage (460956K) : intbondmet_drw has 0 polygons
2025-11-26 06:12:29 +0100: Memory Usage (460956K) : devbondvia_drw has 0 polygons
2025-11-26 06:12:29 +0100: Memory Usage (460956K) : devbondmet_drw has 0 polygons
2025-11-26 06:12:29 +0100: Memory Usage (460956K) : devtrench_drw has 0 polygons
2025-11-26 06:12:29 +0100: Memory Usage (460956K) : redist_drw has 0 polygons
2025-11-26 06:12:29 +0100: Memory Usage (461220K) : graphbot_drw has 0 polygons
2025-11-26 06:12:29 +0100: Memory Usage (461220K) : graphtop_drw has 0 polygons
2025-11-26 06:12:29 +0100: Memory Usage (461220K) : antvia1_drw has 0 polygons
2025-11-26 06:12:29 +0100: Memory Usage (461220K) : antmetal2_drw has 0 polygons
2025-11-26 06:12:29 +0100: Memory Usage (461220K) : graphcont_drw has 0 polygons
2025-11-26 06:12:29 +0100: Memory Usage (461220K) : siwg_drw has 0 polygons
2025-11-26 06:12:29 +0100: Memory Usage (461484K) : siwg_filler has 0 polygons
2025-11-26 06:12:29 +0100: Memory Usage (461484K) : siwg_nofill has 0 polygons
2025-11-26 06:12:29 +0100: Memory Usage (461484K) : sigrating_drw has 0 polygons
2025-11-26 06:12:29 +0100: Memory Usage (461484K) : singrating_drw has 0 polygons
2025-11-26 06:12:29 +0100: Memory Usage (461484K) : graphpas_drw has 0 polygons
2025-11-26 06:12:29 +0100: Memory Usage (461484K) : emwind3_drw has 0 polygons
2025-11-26 06:12:29 +0100: Memory Usage (461748K) : emwihv3_drw has 0 polygons
2025-11-26 06:12:29 +0100: Memory Usage (461748K) : redbulay_drw has 0 polygons
2025-11-26 06:12:29 +0100: Memory Usage (461748K) : smos_drw has 0 polygons
2025-11-26 06:12:29 +0100: Memory Usage (461748K) : graphpad_drw has 0 polygons
2025-11-26 06:12:29 +0100: Memory Usage (461748K) : polimide_drw has 0 polygons
2025-11-26 06:12:29 +0100: Memory Usage (461748K) : polimide_pin has 0 polygons
2025-11-26 06:12:29 +0100: Memory Usage (462012K) : recog_drw has 0 polygons
2025-11-26 06:12:29 +0100: Memory Usage (462012K) : recog_pin has 0 polygons
2025-11-26 06:12:29 +0100: Memory Usage (462012K) : recog_esd has 0 polygons
2025-11-26 06:12:29 +0100: Memory Usage (462012K) : recog_diode has 0 polygons
2025-11-26 06:12:29 +0100: Memory Usage (462012K) : recog_tsv has 0 polygons
2025-11-26 06:12:29 +0100: Memory Usage (462276K) : recog_iprobe has 0 polygons
2025-11-26 06:12:29 +0100: Memory Usage (462276K) : recog_diffprb has 0 polygons
2025-11-26 06:12:29 +0100: Memory Usage (462276K) : recog_pillar has 0 polygons
2025-11-26 06:12:29 +0100: Memory Usage (462276K) : recog_sbump has 0 polygons
2025-11-26 06:12:29 +0100: Memory Usage (462276K) : recog_otp has 0 polygons
2025-11-26 06:12:29 +0100: Memory Usage (462276K) : recog_pdiode has 0 polygons
2025-11-26 06:12:29 +0100: Memory Usage (462540K) : recog_mom has 0 polygons
2025-11-26 06:12:29 +0100: Memory Usage (462560K) : recog_pcm has 0 polygons
2025-11-26 06:12:29 +0100: Memory Usage (462560K) : colopen_drw has 0 polygons
2025-11-26 06:12:29 +0100: Memory Usage (462560K) : graphmetal1_drw has 0 polygons
2025-11-26 06:12:29 +0100: Memory Usage (462560K) : graphmetal1_filler has 0 polygons
2025-11-26 06:12:29 +0100: Memory Usage (462820K) : graphmetal1_nofill has 0 polygons
2025-11-26 06:12:29 +0100: Memory Usage (462820K) : graphmetal1_slit has 0 polygons
2025-11-26 06:12:29 +0100: Memory Usage (462820K) : graphmetal1_opc has 0 polygons
2025-11-26 06:12:29 +0100: Memory Usage (462820K) : graphmet1l_drw has 0 polygons
2025-11-26 06:12:29 +0100: Memory Usage (462820K) : graphmet1l_filler has 0 polygons
2025-11-26 06:12:29 +0100: Memory Usage (463084K) : graphmet1l_nofill has 0 polygons
2025-11-26 06:12:29 +0100: Memory Usage (463084K) : graphmet1l_slit has 0 polygons
2025-11-26 06:12:29 +0100: Memory Usage (463084K) : graphmet1l_opc has 0 polygons
2025-11-26 06:12:29 +0100: Memory Usage (463084K) : extblock_drw has 0 polygons
2025-11-26 06:12:29 +0100: Memory Usage (463084K) : nldd_drw has 0 polygons
2025-11-26 06:12:29 +0100: Memory Usage (463084K) : pldd_drw has 0 polygons
2025-11-26 06:12:29 +0100: Memory Usage (463348K) : next_drw has 0 polygons
2025-11-26 06:12:29 +0100: Memory Usage (463348K) : pext_drw has 0 polygons
2025-11-26 06:12:29 +0100: Memory Usage (463348K) : nexthv_drw has 0 polygons
2025-11-26 06:12:29 +0100: Memory Usage (463348K) : pexthv_drw has 0 polygons
2025-11-26 06:12:29 +0100: Memory Usage (463348K) : graphgate_drw has 0 polygons
2025-11-26 06:12:29 +0100: Memory Usage (463348K) : sinwg_drw has 0 polygons
2025-11-26 06:12:29 +0100: Memory Usage (463612K) : sinwg_filler has 0 polygons
2025-11-26 06:12:29 +0100: Memory Usage (463612K) : sinwg_nofill has 0 polygons
2025-11-26 06:12:29 +0100: Memory Usage (463612K) : mempad_drw has 0 polygons
2025-11-26 06:12:29 +0100: Memory Usage (463612K) : topvia1_drw has 0 polygons
2025-11-26 06:12:29 +0100: Memory Usage (463612K) : topmetal1_drw has 0 polygons
2025-11-26 06:12:29 +0100: Memory Usage (463876K) : topmetal1_pin has 0 polygons
2025-11-26 06:12:29 +0100: Memory Usage (463876K) : topmetal1_mask has 0 polygons
2025-11-26 06:12:29 +0100: Memory Usage (463876K) : topmetal1_filler has 0 polygons
2025-11-26 06:12:29 +0100: Memory Usage (463876K) : topmetal1_nofill has 0 polygons
2025-11-26 06:12:29 +0100: Memory Usage (463876K) : topmetal1_slit has 0 polygons
2025-11-26 06:12:29 +0100: Memory Usage (463876K) : topmetal1_text has 0 polygons
2025-11-26 06:12:29 +0100: Memory Usage (464140K) : topmetal1_noqrc has 0 polygons
2025-11-26 06:12:29 +0100: Memory Usage (464140K) : topmetal1_res has 0 polygons
2025-11-26 06:12:29 +0100: Memory Usage (464140K) : topmetal1_iprobe has 0 polygons
2025-11-26 06:12:29 +0100: Memory Usage (464140K) : topmetal1_diffprb has 0 polygons
2025-11-26 06:12:29 +0100: Memory Usage (464140K) : inldpwl_drw has 0 polygons
2025-11-26 06:12:29 +0100: Memory Usage (464140K) : polyres_drw has 0 polygons
2025-11-26 06:12:29 +0100: Memory Usage (464404K) : polyres_pin has 0 polygons
2025-11-26 06:12:29 +0100: Memory Usage (464404K) : vmim_drw has 0 polygons
2025-11-26 06:12:29 +0100: Memory Usage (464404K) : nbulaycut_drw has 0 polygons
2025-11-26 06:12:29 +0100: Memory Usage (464404K) : antmetal1_drw has 0 polygons
2025-11-26 06:12:29 +0100: Memory Usage (464404K) : topvia2_drw has 0 polygons
2025-11-26 06:12:29 +0100: Memory Usage (464668K) : topmetal2_drw has 0 polygons
2025-11-26 06:12:29 +0100: Memory Usage (464668K) : topmetal2_pin has 0 polygons
2025-11-26 06:12:29 +0100: Memory Usage (464668K) : topmetal2_mask has 0 polygons
2025-11-26 06:12:29 +0100: Memory Usage (464668K) : topmetal2_filler has 0 polygons
2025-11-26 06:12:29 +0100: Memory Usage (464668K) : topmetal2_nofill has 0 polygons
2025-11-26 06:12:29 +0100: Memory Usage (464872K) : topmetal2_slit has 0 polygons
2025-11-26 06:12:29 +0100: Memory Usage (464872K) : topmetal2_text has 0 polygons
2025-11-26 06:12:29 +0100: Memory Usage (464872K) : topmetal2_noqrc has 0 polygons
2025-11-26 06:12:29 +0100: Memory Usage (464872K) : topmetal2_res has 0 polygons
2025-11-26 06:12:29 +0100: Memory Usage (465132K) : topmetal2_iprobe has 0 polygons
2025-11-26 06:12:29 +0100: Memory Usage (465132K) : topmetal2_diffprb has 0 polygons
2025-11-26 06:12:29 +0100: Memory Usage (465132K) : snsring_drw has 0 polygons
2025-11-26 06:12:29 +0100: Memory Usage (465132K) : sensor_drw has 0 polygons
2025-11-26 06:12:29 +0100: Memory Usage (465132K) : snsarms_drw has 0 polygons
2025-11-26 06:12:29 +0100: Memory Usage (465132K) : snscmosvia_drw has 0 polygons
2025-11-26 06:12:29 +0100: Memory Usage (465396K) : colwind_drw has 0 polygons
2025-11-26 06:12:29 +0100: Memory Usage (465396K) : flm_drw has 0 polygons
2025-11-26 06:12:29 +0100: Memory Usage (465396K) : hafniumox_drw has 0 polygons
2025-11-26 06:12:29 +0100: Memory Usage (465396K) : memvia_drw has 0 polygons
2025-11-26 06:12:29 +0100: Memory Usage (465396K) : thinfilmres_drw has 0 polygons
2025-11-26 06:12:29 +0100: Memory Usage (465660K) : rfmem_drw has 0 polygons
2025-11-26 06:12:29 +0100: Memory Usage (465660K) : norcx_drw has 0 polygons
2025-11-26 06:12:29 +0100: Memory Usage (465772K) : norcx_m2m3 has 0 polygons
2025-11-26 06:12:29 +0100: Memory Usage (465772K) : norcx_m2m4 has 0 polygons
2025-11-26 06:12:29 +0100: Memory Usage (465772K) : norcx_m2m5 has 0 polygons
2025-11-26 06:12:29 +0100: Memory Usage (465772K) : norcx_m2tm1 has 0 polygons
2025-11-26 06:12:29 +0100: Memory Usage (466032K) : norcx_m2tm2 has 0 polygons
2025-11-26 06:12:29 +0100: Memory Usage (466032K) : norcx_m3m4 has 0 polygons
2025-11-26 06:12:29 +0100: Memory Usage (466032K) : norcx_m3m5 has 0 polygons
2025-11-26 06:12:29 +0100: Memory Usage (466032K) : norcx_m3tm1 has 0 polygons
2025-11-26 06:12:29 +0100: Memory Usage (466032K) : norcx_m3tm2 has 0 polygons
2025-11-26 06:12:29 +0100: Memory Usage (466032K) : norcx_m4m5 has 0 polygons
2025-11-26 06:12:29 +0100: Memory Usage (466296K) : norcx_m4tm1 has 0 polygons
2025-11-26 06:12:29 +0100: Memory Usage (466296K) : norcx_m4tm2 has 0 polygons
2025-11-26 06:12:29 +0100: Memory Usage (466296K) : norcx_m5tm1 has 0 polygons
2025-11-26 06:12:29 +0100: Memory Usage (466296K) : norcx_m5tm2 has 0 polygons
2025-11-26 06:12:29 +0100: Memory Usage (466296K) : norcx_tm1tm2 has 0 polygons
2025-11-26 06:12:29 +0100: Memory Usage (466296K) : norcx_m1sub has 0 polygons
2025-11-26 06:12:29 +0100: Memory Usage (466560K) : norcx_m2sub has 0 polygons
2025-11-26 06:12:29 +0100: Memory Usage (466560K) : norcx_m3sub has 0 polygons
2025-11-26 06:12:29 +0100: Memory Usage (466648K) : norcx_m4sub has 0 polygons
2025-11-26 06:12:29 +0100: Memory Usage (466648K) : norcx_m5sub has 0 polygons
2025-11-26 06:12:29 +0100: Memory Usage (466648K) : norcx_tm1sub has 0 polygons
2025-11-26 06:12:29 +0100: Memory Usage (466648K) : norcx_tm2sub has 0 polygons
2025-11-26 06:12:29 +0100: Memory Usage (466908K) : snsbotvia_drw has 0 polygons
2025-11-26 06:12:29 +0100: Memory Usage (466908K) : snstopvia_drw has 0 polygons
2025-11-26 06:12:29 +0100: Memory Usage (466908K) : deepvia_drw has 0 polygons
2025-11-26 06:12:29 +0100: Memory Usage (466908K) : fgetch_drw has 0 polygons
2025-11-26 06:12:29 +0100: Memory Usage (466908K) : ctrgat_drw has 0 polygons
2025-11-26 06:12:29 +0100: Memory Usage (467172K) : fgimp_drw has 0 polygons
2025-11-26 06:12:29 +0100: Memory Usage (467172K) : emwihv_drw has 0 polygons
2025-11-26 06:12:29 +0100: Memory Usage (467172K) : lbe_drw has 0 polygons
2025-11-26 06:12:29 +0100: Memory Usage (467172K) : alcustop_drw has 0 polygons
2025-11-26 06:12:29 +0100: Memory Usage (467172K) : nometfiller_drw has 0 polygons
2025-11-26 06:12:29 +0100: Memory Usage (467172K) : prboundary_drw has 0 polygons
2025-11-26 06:12:29 +0100: Memory Usage (467436K) : exchange0_drw has 0 polygons
2025-11-26 06:12:29 +0100: Memory Usage (467436K) : exchange0_pin has 0 polygons
2025-11-26 06:12:29 +0100: Memory Usage (467436K) : exchange0_text has 0 polygons
2025-11-26 06:12:29 +0100: Memory Usage (467620K) : exchange1_drw has 0 polygons
2025-11-26 06:12:29 +0100: Memory Usage (467620K) : exchange1_pin has 0 polygons
2025-11-26 06:12:29 +0100: Memory Usage (467620K) : exchange1_text has 0 polygons
2025-11-26 06:12:29 +0100: Memory Usage (467620K) : exchange2_drw has 0 polygons
2025-11-26 06:12:29 +0100: Memory Usage (467880K) : exchange2_pin has 0 polygons
2025-11-26 06:12:29 +0100: Memory Usage (467880K) : exchange2_text has 0 polygons
2025-11-26 06:12:29 +0100: Memory Usage (467880K) : exchange3_drw has 0 polygons
2025-11-26 06:12:29 +0100: Memory Usage (467880K) : exchange3_pin has 0 polygons
2025-11-26 06:12:29 +0100: Memory Usage (467880K) : exchange3_text has 0 polygons
2025-11-26 06:12:29 +0100: Memory Usage (468144K) : exchange4_drw has 0 polygons
2025-11-26 06:12:29 +0100: Memory Usage (468144K) : exchange4_pin has 0 polygons
2025-11-26 06:12:29 +0100: Memory Usage (468144K) : exchange4_text has 0 polygons
2025-11-26 06:12:29 +0100: Memory Usage (468144K) : isonwell_drw has 0 polygons
2025-11-26 06:12:29 +0100: Memory Usage (468144K) : Total no. of polygons in the design is 342
2025-11-26 06:12:29 +0100: Memory Usage (468316K) : Loaded TECH DRC rules values from /foss/pdks/ihp-sg13g2/libs.tech/klayout/python/sg13g2_pycell_lib/sg13g2_tech_mod.json
2025-11-26 06:12:29 +0100: Memory Usage (468316K) : Loaded default DRC rules values from /foss/pdks/ihp-sg13g2/libs.tech/klayout/tech/drc/rule_decks/sg13g2_tech_default.json
2025-11-26 06:12:29 +0100: Memory Usage (468576K) : Total area of the design is 103.4465 um^2.
2025-11-26 06:12:29 +0100: Memory Usage (468576K) : The design dimensions are 16.525 µm * 6.26 µm.
2025-11-26 06:12:29 +0100: Memory Usage (468576K) : Starting general IHP-SG13G2 derivations.
2025-11-26 06:12:29 +0100: Memory Usage (468576K) : Starting Pwell derivations
2025-11-26 06:12:29 +0100: Memory Usage (471756K) : Starting n-Activ derivations
2025-11-26 06:12:29 +0100: Memory Usage (472220K) : Starting p-Activ derivations
2025-11-26 06:12:29 +0100: Memory Usage (472220K) : Starting ptap derivations
2025-11-26 06:12:29 +0100: Memory Usage (472284K) : Starting ntap derivations
2025-11-26 06:12:29 +0100: Memory Usage (472284K) : Starting pact FET derivations
2025-11-26 06:12:29 +0100: Memory Usage (472668K) : Starting nact FET derivations
2025-11-26 06:12:29 +0100: Memory Usage (472668K) : Starting Gate derivations
2025-11-26 06:12:29 +0100: Memory Usage (472668K) : Starting cont/contbar general derivations
2025-11-26 06:12:29 +0100: Memory Usage (472928K) : Starting pad general derivations
2025-11-26 06:12:29 +0100: Memory Usage (473252K) : Starting IHP-SG13G2 DRC connectivity related derivations.
2025-11-26 06:12:29 +0100: Memory Usage (474264K) : Starting IHP-SG13G2 DRC connectivity setup
2025-11-26 06:12:29 +0100: Memory Usage (474704K) : Starting IHP-SG13G2 DRC rules.
2025-11-26 06:12:29 +0100: Memory Usage (474704K) : Running all FEOL rules
2025-11-26 06:12:29 +0100: Memory Usage (474704K) : Running all BEOL rules
2025-11-26 06:12:29 +0100: Memory Usage (474704K) : Starting 3.2. FORBIDDEN table
2025-11-26 06:12:29 +0100: Memory Usage (474704K) : Executing rule forbidden.biwind
2025-11-26 06:12:29 +0100: Memory Usage (474704K) : Executing rule forbidden.pemwind
2025-11-26 06:12:29 +0100: Memory Usage (474704K) : Executing rule forbidden.baspoly
2025-11-26 06:12:29 +0100: Memory Usage (475028K) : Executing rule forbidden.deepco
2025-11-26 06:12:29 +0100: Memory Usage (475028K) : Executing rule forbidden.pempoly
2025-11-26 06:12:29 +0100: Memory Usage (475028K) : Executing rule forbidden.empoly
2025-11-26 06:12:29 +0100: Memory Usage (475028K) : Executing rule forbidden.ldmos
2025-11-26 06:12:29 +0100: Memory Usage (475028K) : Executing rule forbidden.pbiwind
2025-11-26 06:12:29 +0100: Memory Usage (475292K) : Executing rule forbidden.nodrc
2025-11-26 06:12:29 +0100: Memory Usage (475344K) : Executing rule forbidden.flash
2025-11-26 06:12:29 +0100: Memory Usage (475344K) : Executing rule forbidden.colwind
2025-11-26 06:12:29 +0100: Memory Usage (475344K) : Starting 5.1 NWell table
2025-11-26 06:12:29 +0100: Memory Usage (475344K) : Executing rule NW.b
2025-11-26 06:12:29 +0100: Memory Usage (476096K) : Executing rule NW.b1
2025-11-26 06:12:29 +0100: Memory Usage (476432K) : Starting 5.2 PWell:block
2025-11-26 06:12:29 +0100: Memory Usage (476432K) : Executing rule PWB.e
2025-11-26 06:12:29 +0100: Memory Usage (476432K) : Executing rule PWB.e1
2025-11-26 06:12:29 +0100: Memory Usage (476696K) : Executing rule PWB.f
2025-11-26 06:12:29 +0100: Memory Usage (476696K) : Executing rule PWB.f1
2025-11-26 06:12:29 +0100: Memory Usage (476932K) : Starting 5.3 nBuLay table
2025-11-26 06:12:29 +0100: Memory Usage (477200K) : Executing rule NBL.b
2025-11-26 06:12:29 +0100: Memory Usage (477200K) : Executing rule NBL.c
2025-11-26 06:12:29 +0100: Memory Usage (477200K) : Executing rule NBL.d
2025-11-26 06:12:29 +0100: Memory Usage (477200K) : Executing rule NBL.e
2025-11-26 06:12:29 +0100: Memory Usage (477200K) : Executing rule NBL.f
2025-11-26 06:12:29 +0100: Memory Usage (477200K) : Starting 5.5. Activ table
2025-11-26 06:12:29 +0100: Memory Usage (477200K) : Executing rule Act.a
2025-11-26 06:12:29 +0100: Memory Usage (477200K) : Executing rule Act.b
2025-11-26 06:12:29 +0100: Memory Usage (477268K) : Starting 5.6 Activ:filler table
2025-11-26 06:12:29 +0100: Memory Usage (477268K) : Executing rule AFil.c1
2025-11-26 06:12:29 +0100: Memory Usage (477268K) : Executing rule AFil.c
2025-11-26 06:12:29 +0100: Memory Usage (477268K) : Executing rule AFil.d
2025-11-26 06:12:29 +0100: Memory Usage (477268K) : Executing rule AFil.e
2025-11-26 06:12:29 +0100: Memory Usage (477268K) : Executing rule AFil.j
2025-11-26 06:12:29 +0100: Memory Usage (477268K) : Starting 5.7. ThickGateOx table
2025-11-26 06:12:29 +0100: Memory Usage (477268K) : Executing rule TGO.f
2025-11-26 06:12:29 +0100: Memory Usage (477268K) : Starting 5.8. GatPoly table
2025-11-26 06:12:29 +0100: Memory Usage (477268K) : Executing rule Gat.a
2025-11-26 06:12:29 +0100: Memory Usage (477268K) : Executing rule Gat.b
2025-11-26 06:12:29 +0100: Memory Usage (477268K) : Executing rule Gat.d
2025-11-26 06:12:29 +0100: Memory Usage (477268K) : Executing rule Gat.a1
2025-11-26 06:12:29 +0100: Memory Usage (477384K) : Executing rule Gat.a2
2025-11-26 06:12:29 +0100: Memory Usage (477384K) : Executing rule Gat.g
2025-11-26 06:12:29 +0100: Memory Usage (477384K) : Starting 5.9 GatPoly:filler
2025-11-26 06:12:29 +0100: Memory Usage (477384K) : Executing rule GFil.d
2025-11-26 06:12:29 +0100: Memory Usage (477384K) : Executing rule GFil.e
2025-11-26 06:12:29 +0100: Memory Usage (477384K) : Executing rule GFil.i
2025-11-26 06:12:29 +0100: Memory Usage (477384K) : Starting 5.10 pSD table
2025-11-26 06:12:29 +0100: Memory Usage (477384K) : Executing rule pSD.c1
2025-11-26 06:12:29 +0100: Memory Usage (477384K) : Starting 5.14. Cont table
2025-11-26 06:12:29 +0100: Memory Usage (477384K) : Executing rule Cnt.a
2025-11-26 06:12:29 +0100: Memory Usage (477384K) : Executing rule Cnt.b
2025-11-26 06:12:29 +0100: Memory Usage (477388K) : Executing rule Cnt.c
2025-11-26 06:12:29 +0100: Memory Usage (477388K) : Executing rule Cnt.d
2025-11-26 06:12:29 +0100: Memory Usage (477388K) : Executing rule Cnt.e
2025-11-26 06:12:29 +0100: Memory Usage (477388K) : Executing rule Cnt.g1
2025-11-26 06:12:29 +0100: Memory Usage (477388K) : Executing rule Cnt.g2
2025-11-26 06:12:29 +0100: Memory Usage (477388K) : Starting 5.15. ContBar table
2025-11-26 06:12:29 +0100: Memory Usage (477388K) : Executing rule CntB.b1
2025-11-26 06:12:29 +0100: Memory Usage (477388K) : Executing rule CntB.h1
2025-11-26 06:12:29 +0100: Memory Usage (477388K) : Starting 5.16. Metal1 table
2025-11-26 06:12:29 +0100: Memory Usage (477388K) : Executing rule M1.a
2025-11-26 06:12:29 +0100: Memory Usage (477388K) : Executing rule M1.b
2025-11-26 06:12:29 +0100: Memory Usage (477468K) : Executing rule M1.e
2025-11-26 06:12:29 +0100: Memory Usage (477468K) : Executing rule M1.f
2025-11-26 06:12:29 +0100: Memory Usage (477468K) : Executing rule M1.g
2025-11-26 06:12:29 +0100: Memory Usage (477468K) : Executing rule M1.i
2025-11-26 06:12:29 +0100: Memory Usage (477468K) : Starting 5.17 Metaln table
2025-11-26 06:12:29 +0100: Memory Usage (477468K) : Executing rule M2.a
2025-11-26 06:12:29 +0100: Memory Usage (477468K) : Executing rule M2.b
2025-11-26 06:12:29 +0100: Memory Usage (477468K) : Executing rule M2.e
2025-11-26 06:12:29 +0100: Memory Usage (477468K) : Executing rule M2.f
2025-11-26 06:12:29 +0100: Memory Usage (477468K) : Executing rule M2.g
2025-11-26 06:12:29 +0100: Memory Usage (477468K) : Executing rule M2.i
2025-11-26 06:12:29 +0100: Memory Usage (477468K) : Executing rule M3.a
2025-11-26 06:12:29 +0100: Memory Usage (477468K) : Executing rule M3.b
2025-11-26 06:12:29 +0100: Memory Usage (477468K) : Executing rule M3.e
2025-11-26 06:12:29 +0100: Memory Usage (477468K) : Executing rule M3.f
2025-11-26 06:12:29 +0100: Memory Usage (477468K) : Executing rule M3.g
2025-11-26 06:12:29 +0100: Memory Usage (477468K) : Executing rule M3.i
2025-11-26 06:12:29 +0100: Memory Usage (477468K) : Executing rule M4.a
2025-11-26 06:12:29 +0100: Memory Usage (477468K) : Executing rule M4.b
2025-11-26 06:12:29 +0100: Memory Usage (477468K) : Executing rule M4.e
2025-11-26 06:12:29 +0100: Memory Usage (477468K) : Executing rule M4.f
2025-11-26 06:12:29 +0100: Memory Usage (477468K) : Executing rule M4.g
2025-11-26 06:12:29 +0100: Memory Usage (477468K) : Executing rule M4.i
2025-11-26 06:12:29 +0100: Memory Usage (477468K) : Executing rule M5.a
2025-11-26 06:12:29 +0100: Memory Usage (477468K) : Executing rule M5.b
2025-11-26 06:12:29 +0100: Memory Usage (477468K) : Executing rule M5.e
2025-11-26 06:12:29 +0100: Memory Usage (477468K) : Executing rule M5.f
2025-11-26 06:12:29 +0100: Memory Usage (477468K) : Executing rule M5.g
2025-11-26 06:12:29 +0100: Memory Usage (477468K) : Executing rule M5.i
2025-11-26 06:12:29 +0100: Memory Usage (477468K) : Starting 5.18 Metaln:filler table
2025-11-26 06:12:29 +0100: Memory Usage (477468K) : Executing rule M1Fil.c
2025-11-26 06:12:29 +0100: Memory Usage (477468K) : Executing rule M1Fil.a2
2025-11-26 06:12:29 +0100: Memory Usage (477468K) : Executing rule M2Fil.c
2025-11-26 06:12:29 +0100: Memory Usage (477468K) : Executing rule M2Fil.a2
2025-11-26 06:12:29 +0100: Memory Usage (477468K) : Executing rule M3Fil.c
2025-11-26 06:12:29 +0100: Memory Usage (477468K) : Executing rule M3Fil.a2
2025-11-26 06:12:29 +0100: Memory Usage (477468K) : Executing rule M4Fil.c
2025-11-26 06:12:29 +0100: Memory Usage (477468K) : Executing rule M4Fil.a2
2025-11-26 06:12:29 +0100: Memory Usage (477468K) : Executing rule M5Fil.c
2025-11-26 06:12:29 +0100: Memory Usage (477468K) : Executing rule M5Fil.a2
2025-11-26 06:12:29 +0100: Memory Usage (477468K) : Starting 5.19. Via1 table
2025-11-26 06:12:29 +0100: Memory Usage (477468K) : Starting 5.19. Via1 table derivations
2025-11-26 06:12:29 +0100: Memory Usage (477468K) : Executing rule V1.a
2025-11-26 06:12:29 +0100: Memory Usage (477468K) : Executing rule V1.b
2025-11-26 06:12:29 +0100: Memory Usage (477468K) : Executing rule V1.c
2025-11-26 06:12:29 +0100: Memory Usage (477468K) : Starting 5.20. Vian table
2025-11-26 06:12:29 +0100: Memory Usage (477468K) : Executing rule V2.a
2025-11-26 06:12:29 +0100: Memory Usage (477468K) : Executing rule V2.b
2025-11-26 06:12:29 +0100: Memory Usage (477468K) : Executing rule V2.c
2025-11-26 06:12:29 +0100: Memory Usage (477468K) : Executing rule V3.a
2025-11-26 06:12:29 +0100: Memory Usage (477468K) : Executing rule V3.b
2025-11-26 06:12:29 +0100: Memory Usage (477468K) : Executing rule V3.c
2025-11-26 06:12:29 +0100: Memory Usage (477468K) : Executing rule V4.a
2025-11-26 06:12:29 +0100: Memory Usage (477468K) : Executing rule V4.b
2025-11-26 06:12:29 +0100: Memory Usage (477468K) : Executing rule V4.c
2025-11-26 06:12:29 +0100: Memory Usage (477468K) : Starting 5.21. TopVia1 table
2025-11-26 06:12:29 +0100: Memory Usage (477468K) : Executing rule TV1.a
2025-11-26 06:12:29 +0100: Memory Usage (477468K) : Executing rule TV1.b
2025-11-26 06:12:29 +0100: Memory Usage (477468K) : Executing rule TV1.c
2025-11-26 06:12:29 +0100: Memory Usage (477468K) : Executing rule TV1.d
2025-11-26 06:12:29 +0100: Memory Usage (477468K) : Starting 5.22. TopMetal1 table
2025-11-26 06:12:29 +0100: Memory Usage (477468K) : Executing rule TM1.a
2025-11-26 06:12:29 +0100: Memory Usage (477468K) : Executing rule TM1.b
2025-11-26 06:12:29 +0100: Memory Usage (477468K) : Starting 5.23 TopMetal1:filler table
2025-11-26 06:12:29 +0100: Memory Usage (477468K) : Executing rule TM1Fil.c
2025-11-26 06:12:29 +0100: Memory Usage (477468K) : Executing rule TM1Fil.a1
2025-11-26 06:12:29 +0100: Memory Usage (477468K) : Starting 5.24. TopVia2 table
2025-11-26 06:12:29 +0100: Memory Usage (477468K) : Executing rule TV2.a
2025-11-26 06:12:29 +0100: Memory Usage (477468K) : Executing rule TV2.b
2025-11-26 06:12:29 +0100: Memory Usage (477468K) : Executing rule TV2.c
2025-11-26 06:12:29 +0100: Memory Usage (477468K) : Executing rule TV2.d
2025-11-26 06:12:29 +0100: Memory Usage (477468K) : Starting 5.25. TopMetal2 table
2025-11-26 06:12:29 +0100: Memory Usage (477468K) : Executing rule TM2.a
2025-11-26 06:12:29 +0100: Memory Usage (477468K) : Executing rule TM2.b
2025-11-26 06:12:29 +0100: Memory Usage (477468K) : Executing rule TM2.bR
2025-11-26 06:12:29 +0100: Memory Usage (477468K) : Starting 5.26 TopMetal2:filler table
2025-11-26 06:12:29 +0100: Memory Usage (477468K) : Executing rule TM2Fil.c
2025-11-26 06:12:29 +0100: Memory Usage (477468K) : Executing rule TM2Fil.a1
2025-11-26 06:12:29 +0100: Memory Usage (477468K) : Starting 5.27. Passiv table
2025-11-26 06:12:29 +0100: Memory Usage (477468K) : Executing rule Pas.a
2025-11-26 06:12:29 +0100: Memory Usage (477468K) : Executing rule Pas.b
2025-11-26 06:12:29 +0100: Memory Usage (477468K) : Executing rule Pas.c
2025-11-26 06:12:29 +0100: Memory Usage (477468K) : Starting 6.1.3 NPN Substrate-Tie table
2025-11-26 06:12:29 +0100: Memory Usage (477468K) : Executing rule npn13G2.bR 
2025-11-26 06:12:29 +0100: Memory Usage (477468K) : Executing rule npn13G2L.cR 
2025-11-26 06:12:29 +0100: Memory Usage (477468K) : Executing rule npn13G2V.cR 
2025-11-26 06:12:29 +0100: Memory Usage (477468K) : Starting 6.7 Schottky diode table
2025-11-26 06:12:29 +0100: Memory Usage (477468K) : Executing rule Sdiod.d
2025-11-26 06:12:29 +0100: Memory Usage (477468K) : Executing rule Sdiod.e
2025-11-26 06:12:29 +0100: Memory Usage (477468K) : Starting 6.9.1 Solder Bump
2025-11-26 06:12:29 +0100: Memory Usage (477468K) : Executing rule Padb.a
2025-11-26 06:12:29 +0100: Memory Usage (477864K) : Executing rule Padb.b
2025-11-26 06:12:29 +0100: Memory Usage (477864K) : Executing rule Padb.c
2025-11-26 06:12:29 +0100: Memory Usage (477864K) : Executing rule Padb.f
2025-11-26 06:12:29 +0100: Memory Usage (478288K) : Executing rule Padb.d
2025-11-26 06:12:29 +0100: Memory Usage (478288K) : Starting 6.9 Pad table
2025-11-26 06:12:29 +0100: Memory Usage (478288K) : Executing rule Pad.m
2025-11-26 06:12:29 +0100: Memory Usage (478548K) : Executing rule Pad.fR_M1
2025-11-26 06:12:29 +0100: Memory Usage (479024K) : Executing rule Pad.fR_M2
2025-11-26 06:12:29 +0100: Memory Usage (479284K) : Executing rule Pad.fR_M3
2025-11-26 06:12:29 +0100: Memory Usage (479548K) : Executing rule Pad.fR_M4
2025-11-26 06:12:29 +0100: Memory Usage (479800K) : Executing rule Pad.fR_M5
2025-11-26 06:12:29 +0100: Memory Usage (480060K) : Executing rule Pad.fR_TM1
2025-11-26 06:12:29 +0100: Memory Usage (480616K) : Executing rule Pad.fR_TM2
2025-11-26 06:12:29 +0100: Memory Usage (480876K) : Executing rule Pad.i
2025-11-26 06:12:29 +0100: Memory Usage (480876K) : Starting 6.9.2 Copper Pillar table
2025-11-26 06:12:29 +0100: Memory Usage (480876K) : Executing rule Padc.a
2025-11-26 06:12:29 +0100: Memory Usage (481140K) : Executing rule Padc.b
2025-11-26 06:12:29 +0100: Memory Usage (481308K) : Executing rule Padc.c
2025-11-26 06:12:29 +0100: Memory Usage (481568K) : Executing rule Padb.f
2025-11-26 06:12:29 +0100: Memory Usage (481832K) : Starting 6.10 Sealring table
2025-11-26 06:12:29 +0100: Memory Usage (481832K) : Executing rule Seal.l
2025-11-26 06:12:29 +0100: Memory Usage (481832K) : Executing rule Seal.n
2025-11-26 06:12:29 +0100: Memory Usage (482044K) : Executing rule seal.b_metal1
2025-11-26 06:12:29 +0100: Memory Usage (482304K) : Executing rule seal.b_metal2
2025-11-26 06:12:29 +0100: Memory Usage (482304K) : Executing rule seal.b_metal3
2025-11-26 06:12:29 +0100: Memory Usage (482568K) : Executing rule seal.b_metal4
2025-11-26 06:12:29 +0100: Memory Usage (482568K) : Executing rule seal.b_metal5
2025-11-26 06:12:29 +0100: Memory Usage (482828K) : Executing rule seal.b_topmetal1
2025-11-26 06:12:29 +0100: Memory Usage (482828K) : Executing rule seal.b_topmetal2
2025-11-26 06:12:29 +0100: Memory Usage (483132K) : Executing rule seal.b_activ
2025-11-26 06:12:29 +0100: Memory Usage (483132K) : Executing rule seal.b_psd
2025-11-26 06:12:29 +0100: Memory Usage (483132K) : Executing rule Seal.k
2025-11-26 06:12:29 +0100: Memory Usage (483132K) : Executing rule Seal.m
2025-11-26 06:12:29 +0100: Memory Usage (483132K) : Starting 6.11 MIM table
2025-11-26 06:12:29 +0100: Memory Usage (483132K) : Executing rule MIM.c
2025-11-26 06:12:29 +0100: Memory Usage (483132K) : Executing rule MIM.d
2025-11-26 06:12:29 +0100: Memory Usage (483132K) : Executing rule MIM.gR
2025-11-26 06:12:29 +0100: Memory Usage (483132K) : Starting 7.2 Latch-up table
2025-11-26 06:12:29 +0100: Memory Usage (483132K) : Executing rule LU.b
2025-11-26 06:12:30 +0100: Memory Usage (483132K) : Starting 7.3 Metal Slits table
2025-11-26 06:12:30 +0100: Memory Usage (483132K) : Executing rule Slt.e1_M1
2025-11-26 06:12:30 +0100: Memory Usage (483132K) : Executing rule Slt.e1_M2
2025-11-26 06:12:30 +0100: Memory Usage (483132K) : Executing rule Slt.e1_M3
2025-11-26 06:12:30 +0100: Memory Usage (483132K) : Executing rule Slt.e1_M4
2025-11-26 06:12:30 +0100: Memory Usage (483132K) : Executing rule Slt.e1_M5
2025-11-26 06:12:30 +0100: Memory Usage (483132K) : Executing rule Slt.e1_TM1
2025-11-26 06:12:30 +0100: Memory Usage (483132K) : Executing rule Slt.e1_TM2
2025-11-26 06:12:30 +0100: Memory Usage (483132K) : Starting 7.4. PIN table
2025-11-26 06:12:30 +0100: Memory Usage (483132K) : Executing rule Pin.a
2025-11-26 06:12:30 +0100: Memory Usage (483132K) : Executing rule Pin.b
2025-11-26 06:12:30 +0100: Memory Usage (483132K) : Executing rule Pin.e
2025-11-26 06:12:30 +0100: Memory Usage (483132K) : Executing rule Pin.f_M2
2025-11-26 06:12:30 +0100: Memory Usage (483132K) : Executing rule Pin.f_M3
2025-11-26 06:12:30 +0100: Memory Usage (483132K) : Executing rule Pin.f_M4
2025-11-26 06:12:30 +0100: Memory Usage (483132K) : Executing rule Pin.f_M5
2025-11-26 06:12:30 +0100: Memory Usage (483132K) : Executing rule Pin.g
2025-11-26 06:12:30 +0100: Memory Usage (483132K) : Executing rule Pin.h
2025-11-26 06:12:30 +0100: Memory Usage (483132K) : Starting 9.1. LBE table
2025-11-26 06:12:30 +0100: Memory Usage (483132K) : Executing rule LBE.a
2025-11-26 06:12:30 +0100: Memory Usage (483132K) : Executing rule LBE.b
2025-11-26 06:12:30 +0100: Memory Usage (483132K) : Executing rule LBE.b1
2025-11-26 06:12:30 +0100: Memory Usage (483132K) : Executing rule LBE.c
2025-11-26 06:12:30 +0100: Memory Usage (483132K) : Executing rule LBE.d
2025-11-26 06:12:30 +0100: Memory Usage (483132K) : Executing rule LBE.h
2025-11-26 06:12:30 +0100: Memory Usage (483132K) : KLayout DRC run for table 'main' completed in 1.16 seconds
